Component: ARM Compiler 5.05 update 1 (build 106) Tool: armlink [4d0efa]

==============================================================================

Section Cross References

    main.o(.text) refers to stm32f4xx_usart.o(.text) for USART_GetFlagStatus
    main.o(.text) refers to misc.o(.text) for NVIC_PriorityGroupConfig
    main.o(.text) refers to delay.o(.text) for delay_init
    main.o(.text) refers to usart.o(.text) for uart_init
    main.o(.text) refers to led.o(.text) for LED_Init
    main.o(.text) refers to key.o(.text) for KEY_Init
    main.o(.text) refers to lcd.o(.text) for LCD_Init
    main.o(.text) refers to mpu6050.o(.text) for MPU_Init
    main.o(.text) refers to inv_mpu.o(.text) for mpu_dmp_init
    main.o(.text) refers to lcd.o(.data) for POINT_COLOR
    system_stm32f4xx.o(.text) refers to system_stm32f4xx.o(.data) for SystemCoreClock
    led.o(.text) refers to stm32f4xx_rcc.o(.text) for RCC_AHB1PeriphClockCmd
    led.o(.text) refers to stm32f4xx_gpio.o(.text) for GPIO_Init
    key.o(.text) refers to stm32f4xx_rcc.o(.text) for RCC_AHB1PeriphClockCmd
    key.o(.text) refers to stm32f4xx_gpio.o(.text) for GPIO_Init
    key.o(.text) refers to delay.o(.text) for delay_ms
    key.o(.text) refers to key.o(.data) for key_up
    lcd.o(.text) refers to _printf_percent.o(.ARM.Collect$$_printf_percent$$00000000) for _printf_percent
    lcd.o(.text) refers to _printf_x.o(.ARM.Collect$$_printf_percent$$0000000C) for _printf_x
    lcd.o(.text) refers to _printf_hex_int.o(.text) for _printf_longlong_hex
    lcd.o(.text) refers to delay.o(.text) for delay_us
    lcd.o(.text) refers to lcd.o(.bss) for lcddev
    lcd.o(.text) refers to lcd.o(.data) for POINT_COLOR
    lcd.o(.text) refers to dflt_clz.o(x$fpl$dfltu) for __aeabi_ui2d
    lcd.o(.text) refers to dmul.o(x$fpl$dmul) for __aeabi_dmul
    lcd.o(.text) refers to dfixu.o(x$fpl$dfixu) for __aeabi_d2uiz
    lcd.o(.text) refers to stm32f4xx_rcc.o(.text) for RCC_AHB1PeriphClockCmd
    lcd.o(.text) refers to stm32f4xx_gpio.o(.text) for GPIO_Init
    lcd.o(.text) refers to stm32f4xx_fsmc.o(.text) for FSMC_NORSRAMInit
    lcd.o(.text) refers to noretval__2printf.o(.text) for __2printf
    lcd.o(.text) refers to lcd.o(.constdata) for asc2_1206
    myiic.o(.text) refers to stm32f4xx_rcc.o(.text) for RCC_AHB1PeriphClockCmd
    myiic.o(.text) refers to stm32f4xx_gpio.o(.text) for GPIO_Init
    myiic.o(.text) refers to delay.o(.text) for delay_us
    mpu6050.o(.text) refers to myiic.o(.text) for IIC_Start
    mpu6050.o(.text) refers to delay.o(.text) for delay_ms
    mpu6050.o(.text) refers to dflt_clz.o(x$fpl$dflt) for __aeabi_i2d
    mpu6050.o(.text) refers to ddiv.o(x$fpl$ddiv) for __aeabi_ddiv
    mpu6050.o(.text) refers to daddsub_clz.o(x$fpl$dadd) for __aeabi_dadd
    mpu6050.o(.text) refers to d2f.o(x$fpl$d2f) for __aeabi_d2f
    inv_mpu.o(.text) refers to _printf_pad.o(.text) for _printf_pre_padding
    inv_mpu.o(.text) refers to _printf_percent.o(.ARM.Collect$$_printf_percent$$00000000) for _printf_percent
    inv_mpu.o(.text) refers to _printf_x.o(.ARM.Collect$$_printf_percent$$0000000C) for _printf_x
    inv_mpu.o(.text) refers to _printf_hex_int.o(.text) for _printf_longlong_hex
    inv_mpu.o(.text) refers to _printf_d.o(.ARM.Collect$$_printf_percent$$00000009) for _printf_d
    inv_mpu.o(.text) refers to _printf_dec.o(.text) for _printf_int_dec
    inv_mpu.o(.text) refers to mpu6050.o(.text) for MPU_Write_Len
    inv_mpu.o(.text) refers to noretval__2printf.o(.text) for __2printf
    inv_mpu.o(.text) refers to delay.o(.text) for delay_ms
    inv_mpu.o(.text) refers to inv_mpu.o(.data) for st
    inv_mpu.o(.text) refers to inv_mpu.o(.conststring) for .conststring
    inv_mpu.o(.text) refers to inv_mpu.o(.constdata) for test
    inv_mpu.o(.text) refers to llsdiv.o(.text) for __aeabi_ldivmod
    inv_mpu.o(.text) refers to memcmp.o(.text) for memcmp
    inv_mpu.o(.text) refers to inv_mpu_dmp_motion_driver.o(.text) for dmp_set_gyro_bias
    inv_mpu.o(.text) refers to myiic.o(.text) for IIC_Init
    inv_mpu.o(.text) refers to f2d.o(x$fpl$f2d) for __aeabi_f2d
    inv_mpu.o(.text) refers to asin.o(i.__hardfp_asin) for __hardfp_asin
    inv_mpu.o(.text) refers to dmul.o(x$fpl$dmul) for __aeabi_dmul
    inv_mpu.o(.text) refers to d2f.o(x$fpl$d2f) for __aeabi_d2f
    inv_mpu.o(.text) refers to atan2.o(i.__hardfp_atan2) for __hardfp_atan2
    inv_mpu.o(.data) refers to inv_mpu.o(.constdata) for reg
    inv_mpu_dmp_motion_driver.o(.text) refers to inv_mpu.o(.text) for mpu_load_firmware
    inv_mpu_dmp_motion_driver.o(.text) refers to inv_mpu_dmp_motion_driver.o(.constdata) for dmp_memory
    inv_mpu_dmp_motion_driver.o(.text) refers to inv_mpu_dmp_motion_driver.o(.bss) for dmp
    inv_mpu_dmp_motion_driver.o(.text) refers to aeabi_memset.o(.text) for __aeabi_memset
    delay.o(.text) refers to misc.o(.text) for SysTick_CLKSourceConfig
    delay.o(.text) refers to delay.o(.data) for fac_us
[...]
    .bss                                     0x200001c8   Section       16  inv_mpu_dmp_motion_driver.o(.bss)
    dmp                                      0x200001c8   Data          16  inv_mpu_dmp_motion_driver.o(.bss)
    .bss                                     0x200001d8   Section      200  usart.o(.bss)
    .bss                                     0x200002a0   Section       96  libspace.o(.bss)
    HEAP                                     0x20000300   Section      512  startup_stm32f40_41xxx.o(HEAP)
    Heap_Mem                                 0x20000300   Data         512  startup_stm32f40_41xxx.o(HEAP)
    STACK                                    0x20000500   Section     1024  startup_stm32f40_41xxx.o(STACK)
    Stack_Mem                                0x20000500   Data        1024  startup_stm32f40_41xxx.o(STACK)
    __initial_sp                             0x20000900   Data           0  startup_stm32f40_41xxx.o(STACK)

    Global Symbols

    Symbol Name                              Value     Ov Type        Size  Object(Section)

    BuildAttributes$$THM_ISAv4$E$P$D$K$B$S$7EM$VFPi3$EXTD16$VFPS$VFMA$PE$A:L22UL41UL21$X:L11$S22US41US21$IEEE1$IW$USESV6$~STKCKD$USESV7$~SHL$OTIME$ROPI$IEEEX$EBA8$UX$STANDARDLIB$REQ8$PRES8$EABIv2 0x00000000   Number         0  anon$$obj.o ABSOLUTE
    __ARM_use_no_argv                        0x00000000   Number         0  main.o ABSOLUTE
    _printf_flags                            0x00000000   Number         0  printf_stubs.o ABSOLUTE
    _printf_return_value                     0x00000000   Number         0  printf_stubs.o ABSOLUTE
    _printf_sizespec                         0x00000000   Number         0  printf_stubs.o ABSOLUTE
    _printf_widthprec                        0x00000000   Number         0  printf_stubs.o ABSOLUTE
    __ARM_exceptions_init                     - Undefined Weak Reference
    __alloca_initialize                       - Undefined Weak Reference
    __arm_preinit_                            - Undefined Weak Reference
    __cpp_initialize__aeabi_                  - Undefined Weak Reference
    __cxa_finalize                            - Undefined Weak Reference
    __rt_locale                               - Undefined Weak Reference
    __sigvec_lookup                           - Undefined Weak Reference
    _atexit_init                              - Undefined Weak Reference
    _call_atexit_fns                          - Undefined Weak Reference
    _clock_init                               - Undefined Weak Reference
    _fp_trap_init                             - Undefined Weak Reference
    _fp_trap_shutdown                         - Undefined Weak Reference
    _get_lc_collate                           - Undefined Weak Reference
    _get_lc_ctype                             - Undefined Weak Reference
    _get_lc_monetary                          - Undefined Weak Reference
    _get_lc_numeric                           - Undefined Weak Reference
    _get_lc_time                              - Undefined Weak Reference
    _getenv_init                              - Undefined Weak Reference
    _handle_redirection                       - Undefined Weak Reference
    _init_alloc                               - Undefined Weak Reference
    _init_user_alloc                          - Undefined Weak Reference
    _initio                                   - Undefined Weak Reference
    _mutex_acquire                            - Undefined Weak Reference
    _mutex_release                            - Undefined Weak Reference
    _printf_mbtowc                            - Undefined Weak Reference
    _printf_truncate_signed                   - Undefined Weak Reference
    _printf_truncate_unsigned                 - Undefined Weak Reference
    _rand_init                                - Undefined Weak Reference
    _signal_finish                            - Undefined Weak Reference
    _signal_init                              - Undefined Weak Reference
    _terminate_alloc                          - Undefined Weak Reference
    _terminate_user_alloc                     - Undefined Weak Reference
    _terminateio                              - Undefined Weak Reference
    __Vectors_Size                           0x00000188   Number         0  startup_stm32f40_41xxx.o ABSOLUTE
    __Vectors                                0x08000000   Data           4  startup_stm32f40_41xxx.o(RESET)
    __Vectors_End                            0x08000188   Data           0  startup_stm32f40_41xxx.o(RESET)
    __main                                   0x08000189   Thumb Code     8  __main.o(!!!main)
    __scatterload                            0x08000191   Thumb Code     0  __scatter.o(!!!scatter)
    __scatterload_rt2                        0x08000191   Thumb Code    44  __scatter.o(!!!scatter)
    __scatterload_rt2_thumb_only             0x08000191   Thumb Code     0  __scatter.o(!!!scatter)
    __scatterload_null                       0x0800019f   Thumb Code     0  __scatter.o(!!!scatter)
    __decompress                             0x080001c5   Thumb Code    90  __dczerorl2.o(!!dczerorl2)
    __decompress1                            0x080001c5   Thumb Code     0  __dczerorl2.o(!!dczerorl2)
    __scatterload_zeroinit                   0x08000221   Thumb Code    28  __scatter_zi.o(!!handler_zi)
    _printf_d                                0x0800023d   Thumb Code     0  _printf_d.o(.ARM.Collect$$_printf_percent$$00000009)
    _printf_percent                          0x0800023d   Thumb Code     0  _printf_percent.o(.ARM.Collect$$_printf_percent$$00000000)
    _printf_u                                0x08000243   Thumb Code     0  _printf_u.o(.ARM.Collect$$_printf_percent$$0000000A)
    _printf_x                                0x08000249   Thumb Code     0  _printf_x.o(.ARM.Collect$$_printf_percent$$0000000C)
    _printf_c                                0x0800024f   Thumb Code     0  _printf_c.o(.ARM.Collect$$_printf_percent$$00000013)
    _printf_s                                0x08000255   Thumb Code     0  _printf_s.o(.ARM.Collect$$_printf_percent$$00000014)
    _printf_percent_end                      0x0800025b   Thumb Code     0  _printf_percent_end.o(.ARM.Collect$$_printf_percent$$00000017)
    __rt_lib_init                            0x0800025f   Thumb Code     0  libinit.o(.ARM.Collect$$libinit$$00000000)
    __rt_lib_init_fp_1                       0x08000261   Thumb Code     0  libinit2.o(.ARM.Collect$$libinit$$00000001)
    __rt_lib_init_alloca_1                   0x08000265   Thumb Code     0  libinit2.o(.ARM.Collect$$libinit$$0000002E)
    __rt_lib_init_argv_1                     0x08000265   Thumb Code     0  libinit2.o(.ARM.Collect$$libinit$$0000002C)
    __rt_lib_init_atexit_1                   0x08000265   Thumb Code     0  libinit2.o(.ARM.Collect$$libinit$$0000001B)
    __rt_lib_init_clock_1                    0x08000265   Thumb Code     0  libinit2.o(.ARM.Collect$$libinit$$00000021)
    __rt_lib_init_cpp_1                      0x08000265   Thumb Code     0  libinit2.o(.ARM.Collect$$libinit$$00000032)
    __rt_lib_init_exceptions_1               0x08000265   Thumb Code     0  libinit2.o(.ARM.Collect$$libinit$$00000030)
    __rt_lib_init_fp_trap_1                  0x08000265   Thumb Code     0  libinit2.o(.ARM.Collect$$libinit$$0000001F)
    __rt_lib_init_getenv_1                   0x08000265   Thumb Code     0  libinit2.o(.ARM.Collect$$libinit$$00000023)
    __rt_lib_init_heap_1                     0x08000265   Thumb Code     0  libinit2.o(.ARM.Collect$$libinit$$0000000A)
    __rt_lib_init_lc_collate_1               0x08000265   Thumb Code     0  libinit2.o(.ARM.Collect$$libinit$$00000011)
    __rt_lib_init_lc_ctype_1                 0x08000265   Thumb Code     0  libinit2.o(.ARM.Collect$$libinit$$00000013)
    __rt_lib_init_lc_monetary_1              0x08000265   Thumb Code     0  libinit2.o(.ARM.Collect$$libinit$$00000015)
    __rt_lib_init_lc_numeric_1               0x08000265   Thumb Code     0  libinit2.o(.ARM.Collect$$libinit$$00000017)
    __rt_lib_init_lc_time_1                  0x08000265   Thumb Code     0  libinit2.o(.ARM.Collect$$libinit$$00000019)
    __rt_lib_init_preinit_1                  0x08000265   Thumb Code     0  libinit2.o(.ARM.Collect$$libinit$$00000004)
    __rt_lib_init_rand_1                     0x08000265   Thumb Code     0  libinit2.o(.ARM.Collect$$libinit$$0000000E)
    __rt_lib_init_return                     0x08000265   Thumb Code     0  libinit2.o(.ARM.Collect$$libinit$$00000033)
    __rt_lib_init_signal_1                   0x08000265   Thumb Code     0  libinit2.o(.ARM.Collect$$libinit$$0000001D)
    __rt_lib_init_stdio_1                    0x08000265   Thumb Code     0  libinit2.o(.ARM.Collect$$libinit$$00000025)
    __rt_lib_init_user_alloc_1               0x08000265   Thumb Code     0  libinit2.o(.ARM.Collect$$libinit$$0000000C)
    __rt_lib_shutdown                        0x08000267   Thumb Code     0  libshutdown.o(.ARM.Collect$$libshutdown$$00000000)
    __rt_lib_shutdown_fp_trap_1              0x08000269   Thumb Code     0  libshutdown2.o(.ARM.Collect$$libshutdown$$00000006)
    __rt_lib_shutdown_heap_1                 0x08000269   Thumb Code     0  libshutdown2.o(.ARM.Collect$$libshutdown$$0000000E)
    __rt_lib_shutdown_return                 0x08000269   Thumb Code     0  libshutdown2.o(.ARM.Collect$$libshutdown$$0000000F)
    __rt_lib_shutdown_signal_1               0x08000269   Thumb Code     0  libshutdown2.o(.ARM.Collect$$libshutdown$$00000009)
    __rt_lib_shutdown_stdio_1                0x08000269   Thumb Code     0  libshutdown2.o(.ARM.Collect$$libshutdown$$00000003)
    __rt_lib_shutdown_user_alloc_1           0x08000269   Thumb Code     0  libshutdown2.o(.ARM.Collect$$libshutdown$$0000000B)
    __rt_entry                               0x0800026b   Thumb Code     0  __rtentry.o(.ARM.Collect$$rtentry$$00000000)
    __rt_entry_presh_1                       0x0800026b   Thumb Code     0  __rtentry2.o(.ARM.Collect$$rtentry$$00000002)
    __rt_entry_sh                            0x0800026b   Thumb Code     0  __rtentry4.o(.ARM.Collect$$rtentry$$00000004)
    __rt_entry_li                            0x08000271   Thumb Code     0  __rtentry2.o(.ARM.Collect$$rtentry$$0000000A)
    __rt_entry_postsh_1                      0x08000271   Thumb Code     0  __rtentry2.o(.ARM.Collect$$rtentry$$00000009)
    __rt_entry_main                          0x08000275   Thumb Code     0  __rtentry2.o(.ARM.Collect$$rtentry$$0000000D)
    __rt_entry_postli_1                      0x08000275   Thumb Code     0  __rtentry2.o(.ARM.Collect$$rtentry$$0000000C)
    __rt_exit                                0x0800027d   Thumb Code     0  rtexit.o(.ARM.Collect$$rtexit$$00000000)
    __rt_exit_ls                             0x0800027f   Thumb Code     0  rtexit2.o(.ARM.Collect$$rtexit$$00000003)
    __rt_exit_prels_1                        0x0800027f   Thumb Code     0  rtexit2.o(.ARM.Collect$$rtexit$$00000002)
    __rt_exit_exit                           0x08000283   Thumb Code     0  rtexit2.o(.ARM.Collect$$rtexit$$00000004)
    usart1_send_char                         0x08000289   Thumb Code    28  main.o(.text)
    usart1_niming_report                     0x080002a5   Thumb Code   118  main.o(.text)
    mpu6050_send_data                        0x0800031b   Thumb Code   110  main.o(.text)
    usart1_report_imu                        0x08000389   Thumb Code   192  main.o(.text)
    main                                     0x08000449   Thumb Code  1280  main.o(.text)
    NMI_Handler                              0x0800094d   Thumb Code     2  stm32f4xx_it.o(.text)
    HardFault_Handler                        0x0800094f   Thumb Code     4  stm32f4xx_it.o(.text)
    MemManage_Handler                        0x08000953   Thumb Code     4  stm32f4xx_it.o(.text)
    BusFault_Handler                         0x08000957   Thumb Code     4  stm32f4xx_it.o(.text)
    UsageFault_Handler                       0x0800095b   Thumb Code     4  stm32f4xx_it.o(.text)
    SVC_Handler                              0x0800095f   Thumb Code     2  stm32f4xx_it.o(.text)
    DebugMon_Handler                         0x08000961   Thumb Code     2  stm32f4xx_it.o(.text)
    PendSV_Handler                           0x08000963   Thumb Code     2  stm32f4xx_it.o(.text)
    SysTick_Handler                          0x08000965   Thumb Code     2  stm32f4xx_it.o(.text)
    SystemInit                               0x08000a45   Thumb Code    88  system_stm32f4xx.o(.text)
    SystemCoreClockUpdate                    0x08000a9d   Thumb Code   174  system_stm32f4xx.o(.text)
    LED_Init                                 0x08000b79   Thumb Code    60  led.o(.text)
    KEY_Init                                 0x08000bb9   Thumb Code    60  key.o(.text)
    KEY_Scan                                 0x08000bf5   Thumb Code   188  key.o(.text)
    LCD_WR_REG                               0x08000cbd   Thumb Code    18  lcd.o(.text)
    LCD_WR_DATA                              0x08000ccf   Thumb Code    20  lcd.o(.text)
    LCD_RD_DATA                              0x08000ce3   Thumb Code    16  lcd.o(.text)
    LCD_WriteReg                             0x08000cf3   Thumb Code    14  lcd.o(.text)
    LCD_ReadReg                              0x08000d01   Thumb Code    22  lcd.o(.text)
    LCD_WriteRAM_Prepare                     0x08000d17   Thumb Code    10  lcd.o(.text)
    LCD_WriteRAM                             0x08000d21   Thumb Code     8  lcd.o(.text)
    LCD_BGR2RGB                              0x08000d29   Thumb Code    26  lcd.o(.text)
    opt_delay                                0x08000d43   Thumb Code    14  lcd.o(.text)
    LCD_SetCursor                            0x08000d51   Thumb Code   418  lcd.o(.text)
    LCD_ReadPoint                            0x08000ef3   Thumb Code   360  lcd.o(.text)
    LCD_DisplayOn                            0x0800105b   Thumb Code   102  lcd.o(.text)
    LCD_DisplayOff                           0x080010c1   Thumb Code    90  lcd.o(.text)
    LCD_Scan_Dir                             0x0800111b   Thumb Code   744  lcd.o(.text)
    LCD_DrawPoint                            0x08001403   Thumb Code    28  lcd.o(.text)
    LCD_Fast_DrawPoint                       0x0800141f   Thumb Code   388  lcd.o(.text)
    LCD_SSD_BackLightSet                     0x080015a3   Thumb Code    88  lcd.o(.text)
    LCD_Display_Dir                          0x080015fb   Thumb Code   444  lcd.o(.text)
    LCD_Set_Window                           0x080017b7   Thumb Code   546  lcd.o(.text)
    LCD_Clear                                0x080019d9   Thumb Code   100  lcd.o(.text)
    LCD_Init                                 0x08001a3d   Thumb Code 14696  lcd.o(.text)
    LCD_Fill                                 0x080053a5   Thumb Code   180  lcd.o(.text)
    LCD_Color_Fill                           0x08005459   Thumb Code   100  lcd.o(.text)
    LCD_DrawLine                             0x080054bd   Thumb Code   176  lcd.o(.text)
    LCD_DrawRectangle                        0x0800556d   Thumb Code    60  lcd.o(.text)
    LCD_Draw_Circle                          0x080055a9   Thumb Code   152  lcd.o(.text)
    LCD_ShowChar                             0x08005641   Thumb Code   272  lcd.o(.text)
    LCD_Pow                                  0x08005751   Thumb Code    22  lcd.o(.text)
    LCD_ShowNum                              0x08005767   Thumb Code   148  lcd.o(.text)
    LCD_ShowxNum                             0x080057fb   Thumb Code   220  lcd.o(.text)
    LCD_ShowString                           0x080058d7   Thumb Code   102  lcd.o(.text)
    IIC_Init                                 0x0800593d   Thumb Code    62  myiic.o(.text)
    IIC_Start                                0x0800597b   Thumb Code    68  myiic.o(.text)
    IIC_Stop                                 0x080059bf   Thumb Code    62  myiic.o(.text)
    IIC_Wait_Ack                             0x080059fd   Thumb Code    82  myiic.o(.text)
    IIC_Ack                                  0x08005a4f   Thumb Code    66  myiic.o(.text)
    IIC_NAck                                 0x08005a91   Thumb Code    66  myiic.o(.text)
    IIC_Send_Byte                            0x08005ad3   Thumb Code    90  myiic.o(.text)
    IIC_Read_Byte                            0x08005b2d   Thumb Code    94  myiic.o(.text)
    MPU_Write_Byte                           0x08005b99   Thumb Code    68  mpu6050.o(.text)
    MPU_Set_LPF                              0x08005bdd   Thumb Code    58  mpu6050.o(.text)
    MPU_Set_Rate                             0x08005c17   Thumb Code    58  mpu6050.o(.text)
    MPU_Read_Byte                            0x08005c51   Thumb Code    58  mpu6050.o(.text)
    MPU_Set_Accel_Fsr                        0x08005c8b   Thumb Code    16  mpu6050.o(.text)
    MPU_Set_Gyro_Fsr                         0x08005c9b   Thumb Code    16  mpu6050.o(.text)
    MPU_Init                                 0x08005cab   Thumb Code   122  mpu6050.o(.text)
    MPU_Read_Len                             0x08005d25   Thumb Code   116  mpu6050.o(.text)
    MPU_Get_Temperature                      0x08005d99   Thumb Code   110  mpu6050.o(.text)
    MPU_Get_Gyroscope                        0x08005e07   Thumb Code    80  mpu6050.o(.text)
    MPU_Get_Accelerometer                    0x08005e57   Thumb Code    80  mpu6050.o(.text)
    MPU_Write_Len                            0x08005ea7   Thumb Code    96  mpu6050.o(.text)
    mpu_reg_dump                             0x08005fa7   Thumb Code    84  inv_mpu.o(.text)
    mpu_read_reg                             0x08005ffb   Thumb Code    66  inv_mpu.o(.text)
    mpu_set_int_latched                      0x0800603d   Thumb Code   102  inv_mpu.o(.text)
    mpu_set_sensors                          0x080060a3   Thumb Code   202  inv_mpu.o(.text)
    mpu_set_bypass                           0x0800616d   Thumb Code   328  inv_mpu.o(.text)
    mpu_reset_fifo                           0x080062b5   Thumb Code   472  inv_mpu.o(.text)
    mpu_configure_fifo                       0x0800648d   Thumb Code   106  inv_mpu.o(.text)
    mpu_set_lpf                              0x080064f7   Thumb Code   126  inv_mpu.o(.text)
    mpu_lp_accel_mode                        0x08006575   Thumb Code   218  inv_mpu.o(.text)
    mpu_set_sample_rate                      0x0800664f   Thumb Code   152  inv_mpu.o(.text)
    mpu_set_accel_fsr                        0x080066e7   Thumb Code   132  inv_mpu.o(.text)
    mpu_set_gyro_fsr                         0x0800676b   Thumb Code   132  inv_mpu.o(.text)
    mpu_init                                 0x080067ef   Thumb Code   416  inv_mpu.o(.text)
    mget_ms                                  0x0800698f   Thumb Code     2  inv_mpu.o(.text)
    mpu_get_gyro_reg                         0x08006991   Thumb Code   110  inv_mpu.o(.text)
    mpu_get_accel_reg                        0x080069ff   Thumb Code   110  inv_mpu.o(.text)
    mpu_get_temperature                      0x08006a6d   Thumb Code   142  inv_mpu.o(.text)
    mpu_set_accel_bias                       0x08006afb   Thumb Code   472  inv_mpu.o(.text)
    mpu_get_gyro_fsr                         0x08006cd3   Thumb Code    64  inv_mpu.o(.text)
    mpu_get_accel_fsr                        0x08006d13   Thumb Code    72  inv_mpu.o(.text)
    mpu_get_lpf                              0x08006d5b   Thumb Code    74  inv_mpu.o(.text)
    mpu_get_sample_rate                      0x08006da5   Thumb Code    26  inv_mpu.o(.text)
    mpu_get_compass_sample_rate              0x08006dbf   Thumb Code    10  inv_mpu.o(.text)
    mpu_set_compass_sample_rate              0x08006dc9   Thumb Code     8  inv_mpu.o(.text)
    mpu_get_gyro_sens                        0x08006dd1   Thumb Code    74  inv_mpu.o(.text)
    mpu_get_accel_sens                       0x08006e1b   Thumb Code    78  inv_mpu.o(.text)
    mpu_get_fifo_config                      0x08006e69   Thumb Code    12  inv_mpu.o(.text)
    mpu_get_power_state                      0x08006e75   Thumb Code    22  inv_mpu.o(.text)
    mpu_get_int_status                       0x08006e8b   Thumb Code    64  inv_mpu.o(.text)
    mpu_read_fifo                            0x08006ecb   Thumb Code   520  inv_mpu.o(.text)
    mpu_read_fifo_stream                     0x080070d3   Thumb Code   186  inv_mpu.o(.text)
    mpu_set_int_level                        0x0800718d   Thumb Code    12  inv_mpu.o(.text)
    mpu_set_dmp_state                        0x0800789d   Thumb Code   138  inv_mpu.o(.text)
    mpu_run_self_test                        0x08007927   Thumb Code   278  inv_mpu.o(.text)
    mpu_write_mem                            0x08007a3d   Thumb Code   122  inv_mpu.o(.text)
    mpu_read_mem                             0x08007ab7   Thumb Code   122  inv_mpu.o(.text)
    mpu_load_firmware                        0x08007b31   Thumb Code   190  inv_mpu.o(.text)
    mpu_get_dmp_state                        0x08007bef   Thumb Code    14  inv_mpu.o(.text)
    setup_compass                            0x08007bfd   Thumb Code     6  inv_mpu.o(.text)
    mpu_get_compass_reg                      0x08007c03   Thumb Code     8  inv_mpu.o(.text)
    mpu_get_compass_fsr                      0x08007c0b   Thumb Code     8  inv_mpu.o(.text)
    mpu_lp_motion_interrupt                  0x08007c13   Thumb Code   512  inv_mpu.o(.text)
    run_self_test                            0x08007e13   Thumb Code   154  inv_mpu.o(.text)
    inv_row_2_scale                          0x08007ead   Thumb Code    78  inv_mpu.o(.text)
    inv_orientation_matrix_to_scalar         0x08007efb   Thumb Code    40  inv_mpu.o(.text)
    mpu_dmp_init                             0x08007f23   Thumb Code   160  inv_mpu.o(.text)
    mpu_dmp_get_data                         0x08007fc3   Thumb Code   520  inv_mpu.o(.text)
    dmp_load_motion_driver_firmware          0x080081dd   Thumb Code    20  inv_mpu_dmp_motion_driver.o(.text)
    dmp_set_orientation                      0x080081f1   Thumb Code   290  inv_mpu_dmp_motion_driver.o(.text)
    dmp_set_gyro_bias                        0x08008313   Thumb Code   294  inv_mpu_dmp_motion_driver.o(.text)
    dmp_set_accel_bias                       0x08008439   Thumb Code   300  inv_mpu_dmp_motion_driver.o(.text)
    dmp_set_fifo_rate                        0x08008565   Thumb Code   136  inv_mpu_dmp_motion_driver.o(.text)
    dmp_get_fifo_rate                        0x080085ed   Thumb Code    12  inv_mpu_dmp_motion_driver.o(.text)
    dmp_set_tap_thresh                       0x080085f9   Thumb Code   412  inv_mpu_dmp_motion_driver.o(.text)
    dmp_set_tap_axes                         0x08008795   Thumb Code    70  inv_mpu_dmp_motion_driver.o(.text)
    dmp_set_tap_count                        0x080087db   Thumb Code    38  inv_mpu_dmp_motion_driver.o(.text)
    dmp_set_tap_time                         0x08008801   Thumb Code    38  inv_mpu_dmp_motion_driver.o(.text)
    dmp_set_tap_time_multi                   0x08008827   Thumb Code    38  inv_mpu_dmp_motion_driver.o(.text)
    dmp_set_shake_reject_thresh              0x0800884d   Thumb Code    56  inv_mpu_dmp_motion_driver.o(.text)
    dmp_set_shake_reject_time                0x08008885   Thumb Code    38  inv_mpu_dmp_motion_driver.o(.text)
    dmp_set_shake_reject_timeout             0x080088ab   Thumb Code    38  inv_mpu_dmp_motion_driver.o(.text)
    dmp_get_pedometer_step_count             0x080088d1   Thumb Code    66  inv_mpu_dmp_motion_driver.o(.text)
    dmp_set_pedometer_step_count             0x08008913   Thumb Code    42  inv_mpu_dmp_motion_driver.o(.text)
    dmp_get_pedometer_walk_time              0x0800893d   Thumb Code    72  inv_mpu_dmp_motion_driver.o(.text)
    dmp_set_pedometer_walk_time              0x08008985   Thumb Code    48  inv_mpu_dmp_motion_driver.o(.text)
    dmp_enable_6x_lp_quat                    0x080089b5   Thumb Code   100  inv_mpu_dmp_motion_driver.o(.text)
    dmp_enable_lp_quat                       0x08008a19   Thumb Code    60  inv_mpu_dmp_motion_driver.o(.text)
    dmp_enable_gyro_cal                      0x08008a55   Thumb Code    62  inv_mpu_dmp_motion_driver.o(.text)
    dmp_enable_feature                       0x08008a93   Thumb Code   530  inv_mpu_dmp_motion_driver.o(.text)
    dmp_get_enabled_features                 0x08008ca5   Thumb Code    12  inv_mpu_dmp_motion_driver.o(.text)
    dmp_set_interrupt_mode                   0x08008d0f   Thumb Code    66  inv_mpu_dmp_motion_driver.o(.text)
    dmp_read_fifo                            0x08008d51   Thumb Code   514  inv_mpu_dmp_motion_driver.o(.text)
    dmp_register_tap_cb                      0x08008f53   Thumb Code    10  inv_mpu_dmp_motion_driver.o(.text)
    dmp_register_android_orient_cb           0x08008f5d   Thumb Code    10  inv_mpu_dmp_motion_driver.o(.text)
    delay_init                               0x08008f6d   Thumb Code    52  delay.o(.text)
    delay_us                                 0x08008fa1   Thumb Code    72  delay.o(.text)
    delay_xms                                0x08008fe9   Thumb Code    72  delay.o(.text)
    delay_ms                                 0x08009031   Thumb Code    56  delay.o(.text)
    _sys_exit                                0x08009071   Thumb Code     6  usart.o(.text)
    fputc                                    0x08009077   Thumb Code    22  usart.o(.text)
    uart_init                                0x0800908d   Thumb Code   164  usart.o(.text)
    USART1_IRQHandler                        0x08009131   Thumb Code   122  usart.o(.text)
    Reset_Handler                            0x080091bd   Thumb Code     8  startup_stm32f40_41xxx.o(.text)
    ADC_IRQHandler                           0x080091d7   Thumb Code     0  startup_stm32f40_41xxx.o(.text)
    CAN1_RX0_IRQHandler                      0x080091d7   Thumb Code     0  startup_stm32f40_41xxx.o(.text)
    CAN1_RX1_IRQHandler                      0x080091d7   Thumb Code     0  startup_stm32f40_41xxx.o(.text)
    CAN1_SCE_IRQHandler                      0x080091d7   Thumb Code     0  startup_stm32f40_41xxx.o(.text)
    CAN1_TX_IRQHandler                       0x080091d7   Thumb Code     0  startup_stm32f40_41xxx.o(.text)
    CAN2_RX0_IRQHandler                      0x080091d7   Thumb Code     0  startup_stm32f40_41xxx.o(.text)
    CAN2_RX1_IRQHandler                      0x080091d7   Thumb Code     0  startup_stm32f40_41xxx.o(.text)
    CAN2_SCE_IRQHandler                      0x080091d7   Thumb Code     0  startup_stm32f40_41xxx.o(.text)
    CAN2_TX_IRQHandler                       0x080091d7   Thumb Code     0  startup_stm32f40_41xxx.o(.text)
    CRYP_IRQHandler                          0x080091d7   Thumb Code     0  startup_stm32f40_41xxx.o(.text)
    DCMI_IRQHandler                          0x080091d7   Thumb Code     0  startup_stm32f40_41xxx.o(.text)
    DMA1_Stream0_IRQHandler                  0x080091d7   Thumb Code     0  startup_stm32f40_41xxx.o(.text)
    DMA1_Stream1_IRQHandler                  0x080091d7   Thumb Code     0  startup_stm32f40_41xxx.o(.text)
    DMA1_Stream2_IRQHandler                  0x080091d7   Thumb Code     0  startup_stm32f40_41xxx.o(.text)
    DMA1_Stream3_IRQHandler                  0x080091d7   Thumb Code     0  startup_stm32f40_41xxx.o(.text)
    DMA1_Stream4_IRQHandler                  0x080091d7   Thumb Code     0  startup_stm32f40_41xxx.o(.text)
    DMA1_Stream5_IRQHandler                  0x080091d7   Thumb Code     0  startup_stm32f40_41xxx.o(.text)
    DMA1_Stream6_IRQHandler                  0x080091d7   Thumb Code     0  startup_stm32f40_41xxx.o(.text)
    DMA1_Stream7_IRQHandler                  0x080091d7   Thumb Code     0  startup_stm32f40_41xxx.o(.text)
    DMA2_Stream0_IRQHandler                  0x080091d7   Thumb Code     0  startup_stm32f40_41xxx.o(.text)
    DMA2_Stream1_IRQHandler                  0x080091d7   Thumb Code     0  startup_stm32f40_41xxx.o(.text)
    DMA2_Stream2_IRQHandler                  0x080091d7   Thumb Code     0  startup_stm32f40_41xxx.o(.text)
    DMA2_Stream3_IRQHandler                  0x080091d7   Thumb Code     0  startup_stm32f40_41xxx.o(.text)
    DMA2_Stream4_IRQHandler                  0x080091d7   Thumb Code     0  startup_stm32f40_41xxx.o(.text)
    DMA2_Stream5_IRQHandler                  0x080091d7   Thumb Code     0  startup_stm32f40_41xxx.o(.text)
    DMA2_Stream6_IRQHandler                  0x080091d7   Thumb Code     0  startup_stm32f40_41xxx.o(.text)
    DMA2_Stream7_IRQHandler                  0x080091d7   Thumb Code     0  startup_stm32f40_41xxx.o(.text)
    ETH_IRQHandler                           0x080091d7   Thumb Code     0  startup_stm32f40_41xxx.o(.text)
    ETH_WKUP_IRQHandler                      0x080091d7   Thumb Code     0  startup_stm32f40_41xxx.o(.text)
    EXTI0_IRQHandler                         0x080091d7   Thumb Code     0  startup_stm32f40_41xxx.o(.text)
    EXTI15_10_IRQHandler                     0x080091d7   Thumb Code     0  startup_stm32f40_41xxx.o(.text)
    EXTI1_IRQHandler                         0x080091d7   Thumb Code     0  startup_stm32f40_41xxx.o(.text)
    EXTI2_IRQHandler                         0x080091d7   Thumb Code     0  startup_stm32f40_41xxx.o(.text)
    EXTI3_IRQHandler                         0x080091d7   Thumb Code     0  startup_stm32f40_41xxx.o(.text)
    EXTI4_IRQHandler                         0x080091d7   Thumb Code     0  startup_stm32f40_41xxx.o(.text)
    EXTI9_5_IRQHandler                       0x080091d7   Thumb Code     0  startup_stm32f40_41xxx.o(.text)
    FLASH_IRQHandler                         0x080091d7   Thumb Code     0  startup_stm32f40_41xxx.o(.text)
    FPU_IRQHandler                           0x080091d7   Thumb Code     0  startup_stm32f40_41xxx.o(.text)
    FSMC_IRQHandler                          0x080091d7   Thumb Code     0  startup_stm32f40_41xxx.o(.text)
    HASH_RNG_IRQHandler                      0x080091d7   Thumb Code     0  startup_stm32f40_41xxx.o(.text)
    I2C1_ER_IRQHandler                       0x080091d7   Thumb Code     0  startup_stm32f40_41xxx.o(.text)
    I2C1_EV_IRQHandler                       0x080091d7   Thumb Code     0  startup_stm32f40_41xxx.o(.text)
    I2C2_ER_IRQHandler                       0x080091d7   Thumb Code     0  startup_stm32f40_41xxx.o(.text)
    I2C2_EV_IRQHandler                       0x080091d7   Thumb Code     0  startup_stm32f40_41xxx.o(.text)
    I2C3_ER_IRQHandler                       0x080091d7   Thumb Code     0  startup_stm32f40_41xxx.o(.text)
    I2C3_EV_IRQHandler                       0x080091d7   Thumb Code     0  startup_stm32f40_41xxx.o(.text)
    OTG_FS_IRQHandler                        0x080091d7   Thumb Code     0  startup_stm32f40_41xxx.o(.text)
    OTG_FS_WKUP_IRQHandler                   0x080091d7   Thumb Code     0  startup_stm32f40_41xxx.o(.text)
    OTG_HS_EP1_IN_IRQHandler                 0x080091d7   Thumb Code     0  startup_stm32f40_41xxx.o(.text)
    OTG_HS_EP1_OUT_IRQHandler                0x080091d7   Thumb Code     0  startup_stm32f40_41xxx.o(.text)
    OTG_HS_IRQHandler                        0x080091d7   Thumb Code     0  startup_stm32f40_41xxx.o(.text)
    OTG_HS_WKUP_IRQHandler                   0x080091d7   Thumb Code     0  startup_stm32f40_41xxx.o(.text)
    PVD_IRQHandler                           0x080091d7   Thumb Code     0  startup_stm32f40_41xxx.o(.text)
    RCC_IRQHandler                           0x080091d7   Thumb Code     0  startup_stm32f40_41xxx.o(.text)
    RTC_Alarm_IRQHandler                     0x080091d7   Thumb Code     0  startup_stm32f40_41xxx.o(.text)
    RTC_WKUP_IRQHandler                      0x080091d7   Thumb Code     0  startup_stm32f40_41xxx.o(.text)
    SDIO_IRQHandler                          0x080091d7   Thumb Code     0  startup_stm32f40_41xxx.o(.text)
    SPI1_IRQHandler                          0x080091d7   Thumb Code     0  startup_stm32f40_41xxx.o(.text)
    SPI2_IRQHandler                          0x080091d7   Thumb Code     0  startup_stm32f40_41xxx.o(.text)
    SPI3_IRQHandler                          0x080091d7   Thumb Code     0  startup_stm32f40_41xxx.o(.text)
    TAMP_STAMP_IRQHandler                    0x080091d7   Thumb Code     0  startup_stm32f40_41xxx.o(.text)
    TIM1_BRK_TIM9_IRQHandler                 0x080091d7   Thumb Code     0  startup_stm32f40_41xxx.o(.text)
    TIM1_CC_IRQHandler                       0x080091d7   Thumb Code     0  startup_stm32f40_41xxx.o(.text)
    TIM1_TRG_COM_TIM11_IRQHandler            0x080091d7   Thumb Code     0  startup_stm32f40_41xxx.o(.text)
    TIM1_UP_TIM10_IRQHandler                 0x080091d7   Thumb Code     0  startup_stm32f40_41xxx.o(.text)
    TIM2_IRQHandler                          0x080091d7   Thumb Code     0  startup_stm32f40_41xxx.o(.text)
    TIM3_IRQHandler                          0x080091d7   Thumb Code     0  startup_stm32f40_41xxx.o(.text)
    TIM5_IRQHandler                          0x080091d7   Thumb Code     0  startup_stm32f40_41xxx.o(.text)
    TIM6_DAC_IRQHandler                      0x080091d7   Thumb Code     0  startup_stm32f40_41xxx.o(.text)
    TIM7_IRQHandler                          0x080091d7   Thumb Code     0  startup_stm32f40_41xxx.o(.text)
    TIM8_BRK_TIM12_IRQHandler                0x080091d7   Thumb Code     0  startup_stm32f40_41xxx.o(.text)
    TIM8_CC_IRQHandler                       0x080091d7   Thumb Code     0  startup_stm32f40_41xxx.o(.text)
    TIM8_TRG_COM_TIM14_IRQHandler            0x080091d7   Thumb Code     0  startup_stm32f40_41xxx.o(.text)
    TIM8_UP_TIM13_IRQHandler                 0x080091d7   Thumb Code     0  startup_stm32f40_41xxx.o(.text)
    UART4_IRQHandler                         0x080091d7   Thumb Code     0  startup_stm32f40_41xxx.o(.text)
    UART5_IRQHandler                         0x080091d7   Thumb Code     0  startup_stm32f40_41xxx.o(.text)
    USART2_IRQHandler                        0x080091d7   Thumb Code     0  startup_stm32f40_41xxx.o(.text)
    USART3_IRQHandler                        0x080091d7   Thumb Code     0  startup_stm32f40_41xxx.o(.text)
    USART6_IRQHandler                        0x080091d7   Thumb Code     0  startup_stm32f40_41xxx.o(.text)
    WWDG_IRQHandler                          0x080091d7   Thumb Code     0  startup_stm32f40_41xxx.o(.text)
    __user_initial_stackheap                 0x080091d9   Thumb Code     0  startup_stm32f40_41xxx.o(.text)
    NVIC_PriorityGroupConfig                 0x080091fd   Thumb Code    10  misc.o(.text)
    NVIC_Init                                0x08009207   Thumb Code   106  misc.o(.text)
    NVIC_SetVectorTable                      0x08009271   Thumb Code    14  misc.o(.text)
    NVIC_SystemLPConfig                      0x0800927f   Thumb Code    34  misc.o(.text)
    SysTick_CLKSourceConfig                  0x080092a1   Thumb Code    40  misc.o(.text)
    FSMC_NORSRAMDeInit                       0x080092dd   Thumb Code    54  stm32f4xx_fsmc.o(.text)
    FSMC_NORSRAMInit                         0x08009313   Thumb Code   230  stm32f4xx_fsmc.o(.text)
    FSMC_NORSRAMStructInit                   0x080093f9   Thumb Code    48  stm32f4xx_fsmc.o(.text)
    FSMC_NORSRAMCmd                          0x08009429   Thumb Code    46  stm32f4xx_fsmc.o(.text)
    FSMC_NANDDeInit                          0x08009457   Thumb Code    62  stm32f4xx_fsmc.o(.text)
    FSMC_NANDInit                            0x08009495   Thumb Code   132  stm32f4xx_fsmc.o(.text)
    FSMC_NANDStructInit                      0x08009519   Thumb Code    54  stm32f4xx_fsmc.o(.text)
    FSMC_NANDCmd                             0x0800954f   Thumb Code    86  stm32f4xx_fsmc.o(.text)
    FSMC_NANDECCCmd                          0x080095a5   Thumb Code    86  stm32f4xx_fsmc.o(.text)
    FSMC_GetECC                              0x080095fb   Thumb Code    24  stm32f4xx_fsmc.o(.text)
    FSMC_PCCARDDeInit                        0x08009613   Thumb Code    36  stm32f4xx_fsmc.o(.text)
    FSMC_PCCARDInit                          0x08009637   Thumb Code   130  stm32f4xx_fsmc.o(.text)
    FSMC_PCCARDStructInit                    0x080096b9   Thumb Code    60  stm32f4xx_fsmc.o(.text)
    FSMC_PCCARDCmd                           0x080096f5   Thumb Code    44  stm32f4xx_fsmc.o(.text)
    FSMC_ITConfig                            0x08009721   Thumb Code   128  stm32f4xx_fsmc.o(.text)
    FSMC_GetFlagStatus                       0x080097a1   Thumb Code    54  stm32f4xx_fsmc.o(.text)
    FSMC_ClearFlag                           0x080097d7   Thumb Code    74  stm32f4xx_fsmc.o(.text)
    FSMC_GetITStatus                         0x08009821   Thumb Code    62  stm32f4xx_fsmc.o(.text)
    FSMC_ClearITPendingBit                   0x0800985f   Thumb Code    66  stm32f4xx_fsmc.o(.text)
    GPIO_DeInit                              0x080098a5   Thumb Code   268  stm32f4xx_gpio.o(.text)
    GPIO_Init                                0x080099b1   Thumb Code   144  stm32f4xx_gpio.o(.text)
    GPIO_StructInit                          0x08009a41   Thumb Code    18  stm32f4xx_gpio.o(.text)
    GPIO_PinLockConfig                       0x08009a53   Thumb Code    34  stm32f4xx_gpio.o(.text)
    GPIO_ReadInputDataBit                    0x08009a75   Thumb Code    18  stm32f4xx_gpio.o(.text)
    GPIO_ReadInputData                       0x08009a87   Thumb Code     8  stm32f4xx_gpio.o(.text)
    GPIO_ReadOutputDataBit                   0x08009a8f   Thumb Code    18  stm32f4xx_gpio.o(.text)
    GPIO_ReadOutputData                      0x08009aa1   Thumb Code     8  stm32f4xx_gpio.o(.text)
    GPIO_SetBits                             0x08009aa9   Thumb Code     4  stm32f4xx_gpio.o(.text)
    GPIO_ResetBits                           0x08009aad   Thumb Code     4  stm32f4xx_gpio.o(.text)
    GPIO_WriteBit                            0x08009ab1   Thumb Code    10  stm32f4xx_gpio.o(.text)
    GPIO_Write                               0x08009abb   Thumb Code     4  stm32f4xx_gpio.o(.text)
    GPIO_ToggleBits                          0x08009abf   Thumb Code     8  stm32f4xx_gpio.o(.text)
    GPIO_PinAFConfig                         0x08009ac7   Thumb Code    70  stm32f4xx_gpio.o(.text)
    RCC_DeInit                               0x08009b39   Thumb Code    82  stm32f4xx_rcc.o(.text)
    RCC_HSEConfig                            0x08009b8b   Thumb Code    14  stm32f4xx_rcc.o(.text)
    RCC_GetFlagStatus                        0x08009b99   Thumb Code    60  stm32f4xx_rcc.o(.text)
    RCC_WaitForHSEStartUp                    0x08009bd5   Thumb Code    56  stm32f4xx_rcc.o(.text)
    RCC_AdjustHSICalibrationValue            0x08009c0d   Thumb Code    20  stm32f4xx_rcc.o(.text)
    RCC_HSICmd                               0x08009c21   Thumb Code     6  stm32f4xx_rcc.o(.text)
    RCC_LSEConfig                            0x08009c27   Thumb Code    46  stm32f4xx_rcc.o(.text)
    RCC_LSICmd                               0x08009c55   Thumb Code     6  stm32f4xx_rcc.o(.text)
    RCC_PLLConfig                            0x08009c5b   Thumb Code    32  stm32f4xx_rcc.o(.text)
    RCC_PLLCmd                               0x08009c7b   Thumb Code     6  stm32f4xx_rcc.o(.text)
    RCC_PLLI2SConfig                         0x08009c81   Thumb Code    14  stm32f4xx_rcc.o(.text)
    RCC_PLLI2SCmd                            0x08009c8f   Thumb Code     6  stm32f4xx_rcc.o(.text)
    RCC_PLLSAIConfig                         0x08009c95   Thumb Code    20  stm32f4xx_rcc.o(.text)
    RCC_PLLSAICmd                            0x08009ca9   Thumb Code     6  stm32f4xx_rcc.o(.text)
    RCC_ClockSecuritySystemCmd               0x08009caf   Thumb Code     6  stm32f4xx_rcc.o(.text)
    RCC_MCO1Config                           0x08009cb5   Thumb Code    28  stm32f4xx_rcc.o(.text)
    RCC_MCO2Config                           0x08009cd1   Thumb Code    28  stm32f4xx_rcc.o(.text)
    RCC_SYSCLKConfig                         0x08009ced   Thumb Code    20  stm32f4xx_rcc.o(.text)
    RCC_GetSYSCLKSource                      0x08009d01   Thumb Code    12  stm32f4xx_rcc.o(.text)
    RCC_HCLKConfig                           0x08009d0d   Thumb Code    20  stm32f4xx_rcc.o(.text)
    RCC_PCLK1Config                          0x08009d21   Thumb Code    20  stm32f4xx_rcc.o(.text)
    RCC_PCLK2Config                          0x08009d35   Thumb Code    22  stm32f4xx_rcc.o(.text)
    RCC_GetClocksFreq                        0x08009d4b   Thumb Code   222  stm32f4xx_rcc.o(.text)
    RCC_RTCCLKConfig                         0x08009e29   Thumb Code    54  stm32f4xx_rcc.o(.text)
    RCC_RTCCLKCmd                            0x08009e5f   Thumb Code     8  stm32f4xx_rcc.o(.text)
    RCC_BackupResetCmd                       0x08009e67   Thumb Code     8  stm32f4xx_rcc.o(.text)
    RCC_I2SCLKConfig                         0x08009e6f   Thumb Code     6  stm32f4xx_rcc.o(.text)
    RCC_SAIPLLI2SClkDivConfig                0x08009e75   Thumb Code    26  stm32f4xx_rcc.o(.text)
    RCC_SAIPLLSAIClkDivConfig                0x08009e8f   Thumb Code    28  stm32f4xx_rcc.o(.text)
    RCC_SAIBlockACLKConfig                   0x08009eab   Thumb Code    20  stm32f4xx_rcc.o(.text)
    RCC_SAIBlockBCLKConfig                   0x08009ebf   Thumb Code    20  stm32f4xx_rcc.o(.text)
    RCC_LTDCCLKDivConfig                     0x08009ed3   Thumb Code    20  stm32f4xx_rcc.o(.text)
    RCC_TIMCLKPresConfig                     0x08009ee7   Thumb Code     6  stm32f4xx_rcc.o(.text)
    RCC_AHB1PeriphClockCmd                   0x08009eed   Thumb Code    34  stm32f4xx_rcc.o(.text)
    RCC_AHB2PeriphClockCmd                   0x08009f0f   Thumb Code    78  stm32f4xx_rcc.o(.text)
    RCC_AHB3PeriphClockCmd                   0x08009f5d   Thumb Code    34  stm32f4xx_rcc.o(.text)
    RCC_APB1PeriphClockCmd                   0x08009f7f   Thumb Code    34  stm32f4xx_rcc.o(.text)
    RCC_APB2PeriphClockCmd                   0x08009fa1   Thumb Code    34  stm32f4xx_rcc.o(.text)
    RCC_AHB1PeriphResetCmd                   0x08009fc3   Thumb Code    34  stm32f4xx_rcc.o(.text)
    RCC_AHB2PeriphResetCmd                   0x08009fe5   Thumb Code    34  stm32f4xx_rcc.o(.text)
    RCC_AHB3PeriphResetCmd                   0x0800a007   Thumb Code    34  stm32f4xx_rcc.o(.text)
    RCC_APB1PeriphResetCmd                   0x0800a029   Thumb Code    34  stm32f4xx_rcc.o(.text)
    RCC_APB2PeriphResetCmd                   0x0800a04b   Thumb Code    34  stm32f4xx_rcc.o(.text)
    RCC_AHB1PeriphClockLPModeCmd             0x0800a06d   Thumb Code    34  stm32f4xx_rcc.o(.text)
    RCC_AHB2PeriphClockLPModeCmd             0x0800a08f   Thumb Code    34  stm32f4xx_rcc.o(.text)
    RCC_AHB3PeriphClockLPModeCmd             0x0800a0b1   Thumb Code    34  stm32f4xx_rcc.o(.text)
    RCC_APB1PeriphClockLPModeCmd             0x0800a0d3   Thumb Code    34  stm32f4xx_rcc.o(.text)
    RCC_APB2PeriphClockLPModeCmd             0x0800a0f5   Thumb Code    34  stm32f4xx_rcc.o(.text)
    RCC_LSEModeConfig                        0x0800a117   Thumb Code    40  stm32f4xx_rcc.o(.text)
    RCC_ITConfig                             0x0800a13f   Thumb Code    34  stm32f4xx_rcc.o(.text)
    RCC_ClearFlag                            0x0800a161   Thumb Code    18  stm32f4xx_rcc.o(.text)
    RCC_GetITStatus                          0x0800a173   Thumb Code    22  stm32f4xx_rcc.o(.text)
    RCC_ClearITPendingBit                    0x0800a189   Thumb Code     8  stm32f4xx_rcc.o(.text)
    USART_DeInit                             0x0800a195   Thumb Code   206  stm32f4xx_usart.o(.text)
    USART_Init                               0x0800a263   Thumb Code   204  stm32f4xx_usart.o(.text)
    USART_StructInit                         0x0800a32f   Thumb Code    24  stm32f4xx_usart.o(.text)
    USART_ClockInit                          0x0800a347   Thumb Code    32  stm32f4xx_usart.o(.text)
    USART_ClockStructInit                    0x0800a367   Thumb Code    12  stm32f4xx_usart.o(.text)
    USART_Cmd                                0x0800a373   Thumb Code    24  stm32f4xx_usart.o(.text)
    USART_SetPrescaler                       0x0800a38b   Thumb Code    16  stm32f4xx_usart.o(.text)
    USART_OverSampling8Cmd                   0x0800a39b   Thumb Code    22  stm32f4xx_usart.o(.text)
    USART_OneBitMethodCmd                    0x0800a3b1   Thumb Code    24  stm32f4xx_usart.o(.text)
    USART_SendData                           0x0800a3c9   Thumb Code     8  stm32f4xx_usart.o(.text)
    USART_ReceiveData                        0x0800a3d1   Thumb Code    10  stm32f4xx_usart.o(.text)
    USART_SetAddress                         0x0800a3db   Thumb Code    18  stm32f4xx_usart.o(.text)
    USART_ReceiverWakeUpCmd                  0x0800a3ed   Thumb Code    24  stm32f4xx_usart.o(.text)
    USART_WakeUpConfig                       0x0800a405   Thumb Code    18  stm32f4xx_usart.o(.text)
    USART_LINBreakDetectLengthConfig         0x0800a417   Thumb Code    18  stm32f4xx_usart.o(.text)
    USART_LINCmd                             0x0800a429   Thumb Code    24  stm32f4xx_usart.o(.text)
    USART_SendBreak                          0x0800a441   Thumb Code    10  stm32f4xx_usart.o(.text)
    USART_HalfDuplexCmd                      0x0800a44b   Thumb Code    24  stm32f4xx_usart.o(.text)
    USART_SetGuardTime                       0x0800a463   Thumb Code    16  stm32f4xx_usart.o(.text)
    USART_SmartCardCmd                       0x0800a473   Thumb Code    24  stm32f4xx_usart.o(.text)
    USART_SmartCardNACKCmd                   0x0800a48b   Thumb Code    24  stm32f4xx_usart.o(.text)
    USART_IrDAConfig                         0x0800a4a3   Thumb Code    18  stm32f4xx_usart.o(.text)
    USART_IrDACmd                            0x0800a4b5   Thumb Code    24  stm32f4xx_usart.o(.text)
    USART_DMACmd                             0x0800a4cd   Thumb Code    18  stm32f4xx_usart.o(.text)
    USART_ITConfig                           0x0800a4df   Thumb Code    74  stm32f4xx_usart.o(.text)
    USART_GetFlagStatus                      0x0800a529   Thumb Code    26  stm32f4xx_usart.o(.text)
    USART_ClearFlag                          0x0800a543   Thumb Code    18  stm32f4xx_usart.o(.text)
    USART_GetITStatus                        0x0800a555   Thumb Code   118  stm32f4xx_usart.o(.text)
    USART_ClearITPendingBit                  0x0800a5cb   Thumb Code    30  stm32f4xx_usart.o(.text)
    TIM_DeInit                               0x0800a5e9   Thumb Code   346  stm32f4xx_tim.o(.text)
    TIM_TimeBaseInit                         0x0800a743   Thumb Code   104  stm32f4xx_tim.o(.text)
    TIM_TimeBaseStructInit                   0x0800a7ab   Thumb Code    18  stm32f4xx_tim.o(.text)
    TIM_PrescalerConfig                      0x0800a7bd   Thumb Code     6  stm32f4xx_tim.o(.text)
    TIM_CounterModeConfig                    0x0800a7c3   Thumb Code    18  stm32f4xx_tim.o(.text)
    TIM_SetCounter                           0x0800a7d5   Thumb Code     4  stm32f4xx_tim.o(.text)
    TIM_SetAutoreload                        0x0800a7d9   Thumb Code     4  stm32f4xx_tim.o(.text)
    TIM_GetCounter                           0x0800a7dd   Thumb Code     6  stm32f4xx_tim.o(.text)
    TIM_GetPrescaler                         0x0800a7e3   Thumb Code     6  stm32f4xx_tim.o(.text)
    TIM_UpdateDisableConfig                  0x0800a7e9   Thumb Code    24  stm32f4xx_tim.o(.text)
    TIM_UpdateRequestConfig                  0x0800a801   Thumb Code    24  stm32f4xx_tim.o(.text)
    TIM_ARRPreloadConfig                     0x0800a819   Thumb Code    24  stm32f4xx_tim.o(.text)
    TIM_SelectOnePulseMode                   0x0800a831   Thumb Code    18  stm32f4xx_tim.o(.text)
    TIM_SetClockDivision                     0x0800a843   Thumb Code    18  stm32f4xx_tim.o(.text)
    TIM_Cmd                                  0x0800a855   Thumb Code    24  stm32f4xx_tim.o(.text)
    TIM_OC1Init                              0x0800a86d   Thumb Code   114  stm32f4xx_tim.o(.text)
    TIM_OC2Init                              0x0800a8df   Thumb Code   154  stm32f4xx_tim.o(.text)
    TIM_OC3Init                              0x0800a979   Thumb Code   204  stm32f4xx_tim.o(.text)
    TIM_OC4Init                              0x0800aa45   Thumb Code   112  stm32f4xx_tim.o(.text)
    TIM_OCStructInit                         0x0800aab5   Thumb Code    20  stm32f4xx_tim.o(.text)
    TIM_SelectOCxM                           0x0800aac9   Thumb Code    86  stm32f4xx_tim.o(.text)
    TIM_SetCompare1                          0x0800ab1f   Thumb Code     4  stm32f4xx_tim.o(.text)
    TIM_SetCompare2                          0x0800ab23   Thumb Code     4  stm32f4xx_tim.o(.text)
    TIM_SetCompare3                          0x0800ab27   Thumb Code     4  stm32f4xx_tim.o(.text)
    TIM_SetCompare4                          0x0800ab2b   Thumb Code     4  stm32f4xx_tim.o(.text)
    TIM_ForcedOC1Config                      0x0800ab2f   Thumb Code    18  stm32f4xx_tim.o(.text)
    TIM_ForcedOC2Config                      0x0800ab41   Thumb Code    26  stm32f4xx_tim.o(.text)
    TIM_ForcedOC3Config                      0x0800ab5b   Thumb Code    18  stm32f4xx_tim.o(.text)
    TIM_ForcedOC4Config                      0x0800ab6d   Thumb Code    26  stm32f4xx_tim.o(.text)
    TIM_OC1PreloadConfig                     0x0800ab87   Thumb Code    18  stm32f4xx_tim.o(.text)
    TIM_OC2PreloadConfig                     0x0800ab99   Thumb Code    26  stm32f4xx_tim.o(.text)
    TIM_OC3PreloadConfig                     0x0800abb3   Thumb Code    18  stm32f4xx_tim.o(.text)
    TIM_OC4PreloadConfig                     0x0800abc5   Thumb Code    26  stm32f4xx_tim.o(.text)
    TIM_OC1FastConfig                        0x0800abdf   Thumb Code    18  stm32f4xx_tim.o(.text)
    TIM_OC2FastConfig                        0x0800abf1   Thumb Code    26  stm32f4xx_tim.o(.text)
    TIM_OC3FastConfig                        0x0800ac0b   Thumb Code    18  stm32f4xx_tim.o(.text)
    TIM_OC4FastConfig                        0x0800ac1d   Thumb Code    26  stm32f4xx_tim.o(.text)
    TIM_ClearOC1Ref                          0x0800ac37   Thumb Code    18  stm32f4xx_tim.o(.text)
    TIM_ClearOC2Ref                          0x0800ac49   Thumb Code    24  stm32f4xx_tim.o(.text)
    TIM_ClearOC3Ref                          0x0800ac61   Thumb Code    18  stm32f4xx_tim.o(.text)
    TIM_ClearOC4Ref                          0x0800ac73   Thumb Code    24  stm32f4xx_tim.o(.text)
    TIM_OC1PolarityConfig                    0x0800ac8b   Thumb Code    18  stm32f4xx_tim.o(.text)
    TIM_OC1NPolarityConfig                   0x0800ac9d   Thumb Code    18  stm32f4xx_tim.o(.text)
    TIM_OC2PolarityConfig                    0x0800acaf   Thumb Code    26  stm32f4xx_tim.o(.text)
    TIM_OC2NPolarityConfig                   0x0800acc9   Thumb Code    26  stm32f4xx_tim.o(.text)
    TIM_OC3PolarityConfig                    0x0800ace3   Thumb Code    26  stm32f4xx_tim.o(.text)
    TIM_OC3NPolarityConfig                   0x0800acfd   Thumb Code    26  stm32f4xx_tim.o(.text)
    TIM_OC4PolarityConfig                    0x0800ad17   Thumb Code    26  stm32f4xx_tim.o(.text)
    TIM_CCxCmd                               0x0800ad31   Thumb Code    30  stm32f4xx_tim.o(.text)
    TIM_CCxNCmd                              0x0800ad4f   Thumb Code    30  stm32f4xx_tim.o(.text)
    TIM_SetIC4Prescaler                      0x0800ad6d   Thumb Code    26  stm32f4xx_tim.o(.text)
    TIM_SetIC3Prescaler                      0x0800add7   Thumb Code    18  stm32f4xx_tim.o(.text)
    TIM_SetIC2Prescaler                      0x0800ae31   Thumb Code    26  stm32f4xx_tim.o(.text)
    TIM_SetIC1Prescaler                      0x0800aea5   Thumb Code    18  stm32f4xx_tim.o(.text)
    TIM_ICInit                               0x0800aef1   Thumb Code   110  stm32f4xx_tim.o(.text)
    TIM_ICStructInit                         0x0800af5f   Thumb Code    18  stm32f4xx_tim.o(.text)
    TIM_PWMIConfig                           0x0800af71   Thumb Code   124  stm32f4xx_tim.o(.text)
    TIM_GetCapture1                          0x0800afed   Thumb Code     6  stm32f4xx_tim.o(.text)
    TIM_GetCapture2                          0x0800aff3   Thumb Code     6  stm32f4xx_tim.o(.text)
    TIM_GetCapture3                          0x0800aff9   Thumb Code     6  stm32f4xx_tim.o(.text)
    TIM_GetCapture4                          0x0800afff   Thumb Code     6  stm32f4xx_tim.o(.text)
    TIM_BDTRConfig                           0x0800b005   Thumb Code    32  stm32f4xx_tim.o(.text)
    TIM_BDTRStructInit                       0x0800b025   Thumb Code    18  stm32f4xx_tim.o(.text)
    TIM_CtrlPWMOutputs                       0x0800b037   Thumb Code    30  stm32f4xx_tim.o(.text)
    TIM_SelectCOM                            0x0800b055   Thumb Code    24  stm32f4xx_tim.o(.text)
    TIM_CCPreloadControl                     0x0800b06d   Thumb Code    24  stm32f4xx_tim.o(.text)
    TIM_ITConfig                             0x0800b085   Thumb Code    18  stm32f4xx_tim.o(.text)
    TIM_GenerateEvent                        0x0800b097   Thumb Code     4  stm32f4xx_tim.o(.text)
    TIM_GetFlagStatus                        0x0800b09b   Thumb Code    18  stm32f4xx_tim.o(.text)
    TIM_ClearFlag                            0x0800b0ad   Thumb Code     6  stm32f4xx_tim.o(.text)
    TIM_GetITStatus                          0x0800b0b3   Thumb Code    34  stm32f4xx_tim.o(.text)
    TIM_ClearITPendingBit                    0x0800b0d5   Thumb Code     6  stm32f4xx_tim.o(.text)
    TIM_DMAConfig                            0x0800b0db   Thumb Code    10  stm32f4xx_tim.o(.text)
    TIM_DMACmd                               0x0800b0e5   Thumb Code    18  stm32f4xx_tim.o(.text)
    TIM_SelectCCDMA                          0x0800b0f7   Thumb Code    24  stm32f4xx_tim.o(.text)
    TIM_InternalClockConfig                  0x0800b10f   Thumb Code    12  stm32f4xx_tim.o(.text)
    TIM_SelectInputTrigger                   0x0800b11b   Thumb Code    18  stm32f4xx_tim.o(.text)
    TIM_ITRxExternalClockConfig              0x0800b12d   Thumb Code    24  stm32f4xx_tim.o(.text)
    TIM_TIxExternalClockConfig               0x0800b145   Thumb Code    62  stm32f4xx_tim.o(.text)
    TIM_ETRConfig                            0x0800b183   Thumb Code    28  stm32f4xx_tim.o(.text)
    TIM_ETRClockMode1Config                  0x0800b19f   Thumb Code    54  stm32f4xx_tim.o(.text)
    TIM_ETRClockMode2Config                  0x0800b1d5   Thumb Code    32  stm32f4xx_tim.o(.text)
    TIM_SelectOutputTrigger                  0x0800b1f5   Thumb Code    18  stm32f4xx_tim.o(.text)
    TIM_SelectSlaveMode                      0x0800b207   Thumb Code    18  stm32f4xx_tim.o(.text)
    TIM_SelectMasterSlaveMode                0x0800b219   Thumb Code    18  stm32f4xx_tim.o(.text)
    TIM_EncoderInterfaceConfig               0x0800b22b   Thumb Code    66  stm32f4xx_tim.o(.text)
    TIM_SelectHallSensor                     0x0800b26d   Thumb Code    24  stm32f4xx_tim.o(.text)
    TIM_RemapConfig                          0x0800b285   Thumb Code     6  stm32f4xx_tim.o(.text)
    usmart_sys_cmd_exe                       0x0800b28d   Thumb Code  1554  usmart.o(.text)
    usmart_reset_runtime                     0x0800b89f   Thumb Code    38  usmart.o(.text)
    usmart_get_runtime                       0x0800b8c5   Thumb Code    60  usmart.o(.text)
    TIM4_IRQHandler                          0x0800b901   Thumb Code    46  usmart.o(.text)
    Timer4_Init                              0x0800b92f   Thumb Code    86  usmart.o(.text)
    usmart_init                              0x0800b985   Thumb Code    36  usmart.o(.text)
    usmart_cmd_rec                           0x0800b9a9   Thumb Code   170  usmart.o(.text)
    usmart_exe                               0x0800ba53   Thumb Code   868  usmart.o(.text)
    usmart_scan                              0x0800bdb7   Thumb Code   120  usmart.o(.text)
    read_addr                                0x0800be2f   Thumb Code     6  usmart.o(.text)
    write_addr                               0x0800be35   Thumb Code     4  usmart.o(.text)
    usmart_strcmp                            0x0800bec1   Thumb Code    34  usmart_str.o(.text)
    usmart_strcopy                           0x0800bee3   Thumb Code    22  usmart_str.o(.text)
    usmart_strlen                            0x0800bef9   Thumb Code    24  usmart_str.o(.text)
    usmart_pow                               0x0800bf11   Thumb Code    22  usmart_str.o(.text)
    usmart_str2num                           0x0800bf27   Thumb Code   202  usmart_str.o(.text)
    usmart_get_cmdname                       0x0800bff1   Thumb Code    54  usmart_str.o(.text)
    usmart_search_nextc                      0x0800c027   Thumb Code    22  usmart_str.o(.text)
    usmart_get_fname                         0x0800c03d   Thumb Code   440  usmart_str.o(.text)
    usmart_get_aparm                         0x0800c1f5   Thumb Code   200  usmart_str.o(.text)
    usmart_get_parmpos                       0x0800c2bd   Thumb Code    26  usmart_str.o(.text)
    usmart_get_fparam                        0x0800c2d7   Thumb Code   262  usmart_str.o(.text)
    __use_no_semihosting                     0x0800c3e9   Thumb Code     2  use_no_semi_2.o(.text)
    __aeabi_ldivmod                          0x0800c3eb   Thumb Code     0  llsdiv.o(.text)
    _ll_sdiv                                 0x0800c3eb   Thumb Code    72  llsdiv.o(.text)
    __2printf                                0x0800c435   Thumb Code    20  noretval__2printf.o(.text)
    _printf_pre_padding                      0x0800c44d   Thumb Code    44  _printf_pad.o(.text)
    _printf_post_padding                     0x0800c479   Thumb Code    34  _printf_pad.o(.text)
    _printf_str                              0x0800c49b   Thumb Code    82  _printf_str.o(.text)
    _printf_int_dec                          0x0800c4ed   Thumb Code   104  _printf_dec.o(.text)
    _printf_int_hex                          0x0800c565   Thumb Code    84  _printf_hex_int.o(.text)
    _printf_longlong_hex                     0x0800c565   Thumb Code     0  _printf_hex_int.o(.text)
    __printf                                 0x0800c5bd   Thumb Code   388  __printf_flags_ss_wp.o(.text)
    memcmp                                   0x0800c745   Thumb Code    88  memcmp.o(.text)
    __aeabi_memset                           0x0800c79d   Thumb Code    16  aeabi_memset.o(.text)
    __use_two_region_memory                  0x0800c7ad   Thumb Code     2  heapauxi.o(.text)
    __rt_heap_escrow$2region                 0x0800c7af   Thumb Code     2  heapauxi.o(.text)
    __rt_heap_expand$2region                 0x0800c7b1   Thumb Code     2  heapauxi.o(.text)
    __I$use$semihosting                      0x0800c7b3   Thumb Code     0  use_no_semi.o(.text)
    __use_no_semihosting_swi                 0x0800c7b3   Thumb Code     2  use_no_semi.o(.text)
    __aeabi_uldivmod                         0x0800c7b5   Thumb Code     0  lludivv7m.o(.text)
    _ll_udiv                                 0x0800c7b5   Thumb Code   238  lludivv7m.o(.text)
    __read_errno                             0x0800c8a3   Thumb Code    10  _rserrno.o(.text)
    __set_errno                              0x0800c8ad   Thumb Code    12  _rserrno.o(.text)
    _printf_int_common                       0x0800c8b9   Thumb Code   178  _printf_intcommon.o(.text)
    _printf_cs_common                        0x0800c96b   Thumb Code    20  _printf_char.o(.text)
    _printf_char                             0x0800c97f   Thumb Code    16  _printf_char.o(.text)
    _printf_string                           0x0800c98f   Thumb Code     8  _printf_char.o(.text)
    _printf_char_file                        0x0800c999   Thumb Code    32  _printf_char_file.o(.text)
    __aeabi_memclr                           0x0800c9bd   Thumb Code     0  rt_memclr.o(.text)
    __rt_memclr                              0x0800c9bd   Thumb Code    68  rt_memclr.o(.text)
    _memset                                  0x0800c9c1   Thumb Code     0  rt_memclr.o(.text)
    __aeabi_errno_addr                       0x0800ca01   Thumb Code     8  rt_errno_addr_intlibspace.o(.text)
    __errno$intlibspace                      0x0800ca01   Thumb Code     0  rt_errno_addr_intlibspace.o(.text)
    __rt_errno_addr$intlibspace              0x0800ca01   Thumb Code     0  rt_errno_addr_intlibspace.o(.text)
    _printf_char_common                      0x0800ca13   Thumb Code    32  _printf_char_common.o(.text)
    ferror                                   0x0800ca39   Thumb Code     8  ferror.o(.text)
    __aeabi_memclr4                          0x0800ca41   Thumb Code     0  rt_memclr_w.o(.text)
    __aeabi_memclr8                          0x0800ca41   Thumb Code     0  rt_memclr_w.o(.text)
    __rt_memclr_w                            0x0800ca41   Thumb Code    78  rt_memclr_w.o(.text)
    _memset_w                                0x0800ca45   Thumb Code     0  rt_memclr_w.o(.text)
    __user_libspace                          0x0800ca91   Thumb Code     8  libspace.o(.text)
    __user_perproc_libspace                  0x0800ca91   Thumb Code     0  libspace.o(.text)
    __user_perthread_libspace                0x0800ca91   Thumb Code     0  libspace.o(.text)
    __user_setup_stackheap                   0x0800ca99   Thumb Code    74  sys_stackheap_outer.o(.text)
    exit                                     0x0800cae3   Thumb Code    12  exit.o(.text)
    __ARM_fpclassify                         0x0800caef   Thumb Code    48  fpclassify.o(i.__ARM_fpclassify)
    __hardfp_asin                            0x0800cb21   Thumb Code   770  asin.o(i.__hardfp_asin)
    __hardfp_atan                            0x0800ce81   Thumb Code   622  atan.o(i.__hardfp_atan)
    __hardfp_atan2                           0x0800d159   Thumb Code   432  atan2.o(i.__hardfp_atan2)
    __kernel_poly                            0x0800d349   Thumb Code   248  poly.o(i.__kernel_poly)
    __mathlib_dbl_infnan                     0x0800d441   Thumb Code    20  dunder.o(i.__mathlib_dbl_infnan)
    __mathlib_dbl_infnan2                    0x0800d455   Thumb Code    20  dunder.o(i.__mathlib_dbl_infnan2)
    __mathlib_dbl_invalid                    0x0800d469   Thumb Code    24  dunder.o(i.__mathlib_dbl_invalid)
    __mathlib_dbl_underflow                  0x0800d489   Thumb Code    24  dunder.o(i.__mathlib_dbl_underflow)
    _is_digit                                0x0800d4a9   Thumb Code    14  __printf_wp.o(i._is_digit)
    atan                                     0x0800d4b7   Thumb Code    16  atan.o(i.atan)
    fabs                                     0x0800d4c7   Thumb Code    24  fabs.o(i.fabs)
    sqrt                                     0x0800d4df   Thumb Code   110  sqrt.o(i.sqrt)
    __aeabi_dneg                             0x0800d54d   Thumb Code     0  basic.o(x$fpl$basic)
    _dneg                                    0x0800d54d   Thumb Code     6  basic.o(x$fpl$basic)
    __aeabi_fneg                             0x0800d553   Thumb Code     0  basic.o(x$fpl$basic)
    _fneg                                    0x0800d553   Thumb Code     6  basic.o(x$fpl$basic)
    _dabs                                    0x0800d559   Thumb Code     6  basic.o(x$fpl$basic)
    _fabs                                    0x0800d55f   Thumb Code     6  basic.o(x$fpl$basic)
    __aeabi_d2f                              0x0800d565   Thumb Code     0  d2f.o(x$fpl$d2f)
    _d2f                                     0x0800d565   Thumb Code    98  d2f.o(x$fpl$d2f)
    __aeabi_dadd                             0x0800d5c9   Thumb Code     0  daddsub_clz.o(x$fpl$dadd)
    _dadd                                    0x0800d5c9   Thumb Code   332  daddsub_clz.o(x$fpl$dadd)
    __aeabi_ddiv                             0x0800d719   Thumb Code     0  ddiv.o(x$fpl$ddiv)
    _ddiv                                    0x0800d719   Thumb Code   552  ddiv.o(x$fpl$ddiv)
    __aeabi_d2uiz                            0x0800d9c9   Thumb Code     0  dfixu.o(x$fpl$dfixu)
    _dfixu                                   0x0800d9c9   Thumb Code    90  dfixu.o(x$fpl$dfixu)
    __aeabi_i2d                              0x0800da23   Thumb Code     0  dflt_clz.o(x$fpl$dflt)
    _dflt                                    0x0800da23   Thumb Code    46  dflt_clz.o(x$fpl$dflt)
    __aeabi_ui2d                             0x0800da51   Thumb Code     0  dflt_clz.o(x$fpl$dfltu)
    _dfltu                                   0x0800da51   Thumb Code    38  dflt_clz.o(x$fpl$dfltu)
    __aeabi_dmul                             0x0800da79   Thumb Code     0  dmul.o(x$fpl$dmul)
    _dmul                                    0x0800da79   Thumb Code   332  dmul.o(x$fpl$dmul)
    __fpl_dnaninf                            0x0800dbcd   Thumb Code   156  dnaninf.o(x$fpl$dnaninf)
    __fpl_dretinf                            0x0800dc69   Thumb Code    12  dretinf.o(x$fpl$dretinf)
    __aeabi_drsub                            0x0800dc75   Thumb Code     0  daddsub_clz.o(x$fpl$drsb)
    _drsb                                    0x0800dc75   Thumb Code    22  daddsub_clz.o(x$fpl$drsb)
    _dsqrt                                   0x0800dc8d   Thumb Code   404  dsqrt_umaal.o(x$fpl$dsqrt)
    __aeabi_dsub                             0x0800de25   Thumb Code     0  daddsub_clz.o(x$fpl$dsub)
    _dsub                                    0x0800de25   Thumb Code   464  daddsub_clz.o(x$fpl$dsub)
    __aeabi_f2d                              0x0800dff9   Thumb Code     0  f2d.o(x$fpl$f2d)
    _f2d                                     0x0800dff9   Thumb Code    86  f2d.o(x$fpl$f2d)
    __fpl_fnaninf                            0x0800e04f   Thumb Code   140  fnaninf.o(x$fpl$fnaninf)
    _fp_init                                 0x0800e0db   Thumb Code    10  fpinit.o(x$fpl$fpinit)
    __fplib_config_fpu_vfp                   0x0800e0e3   Thumb Code     0  fpinit.o(x$fpl$fpinit)
    __fplib_config_pureend_doubles           0x0800e0e3   Thumb Code     0  fpinit.o(x$fpl$fpinit)
    __fpl_fretinf                            0x0800e0e5   Thumb Code    10  fretinf.o(x$fpl$fretinf)
    __I$use$fp                               0x0800e0ee   Number         0  usenofp.o(x$fpl$usenofp)
    asc2_1206                                0x0800e0ee   Data        1140  lcd.o(.constdata)
    asc2_1608                                0x0800e562   Data        1520  lcd.o(.constdata)
    asc2_2412                                0x0800eb52   Data        3420  lcd.o(.constdata)
    reg                                      0x0800f8b0   Data          27  inv_mpu.o(.constdata)
    hw                                       0x0800f8cc   Data          12  inv_mpu.o(.constdata)
    test                                     0x0800f8d8   Data          40  inv_mpu.o(.constdata)
    FSMC_DefaultTimingStruct                 0x080104f8   Data          28  stm32f4xx_fsmc.o(.constdata)
    __mathlib_zero                           0x08010638   Data           8  qnan.o(.constdata)
    Region$$Table$$Base                      0x08010784   Number         0  anon$$obj.o(Region$$Table)
    Region$$Table$$Limit                     0x080107a4   Number         0  anon$$obj.o(Region$$Table)
    SystemCoreClock                          0x20000000   Data           4  system_stm32f4xx.o(.data)
    AHBPrescTable                            0x20000004   Data          16  system_stm32f4xx.o(.data)
    POINT_COLOR                              0x20000016   Data           2  lcd.o(.data)
    BACK_COLOR                               0x20000018   Data           2  lcd.o(.data)
    __stdout                                 0x20000058   Data           4  usart.o(.data)
    USART_RX_STA                             0x2000005c   Data           2  usart.o(.data)
    sys_cmd_tab                              0x20000070   Data          28  usmart.o(.data)
    usmart_nametab                           0x2000008c   Data          56  usmart_config.o(.data)
    usmart_dev                               0x200000c4   Data         244  usmart_config.o(.data)
    lcddev                                   0x200001b8   Data          14  lcd.o(.bss)
    USART_RX_BUF                             0x200001d8   Data         200  usart.o(.bss)
    __libspace_start                         0x200002a0   Data          96  libspace.o(.bss)
    __temporary_stack_top$libspace           0x20000300   Data           0  libspace.o(.bss)



==============================================================================

Memory Map of the image

  Image Entry point : 0x08000189

  Load Region LR_IROM1 (Base: 0x08000000, Size: 0x0001095c, Max: 0x00100000, ABSOLUTE, COMPRESSED[0x0001082c])

    Execution Region ER_IROM1 (Base: 0x08000000, Size: 0x000107a4, Max: 0x00100000, ABSOLUTE)

    Base Addr    Size         Type   Attr      Idx    E Section Name        Object

    0x08000000   0x00000188   Data   RO          502    RESET               startup_stm32f40_41xxx.o
    0x08000188   0x00000008   Code   RO          795  * !!!main             c_w.l(__main.o)
    0x08000190   0x00000034   Code   RO         1109    !!!scatter          c_w.l(__scatter.o)
    0x080001c4   0x0000005a   Code   RO         1107    !!dczerorl2         c_w.l(__dczerorl2.o)
    0x0800021e   0x00000002   PAD
    0x08000220   0x0000001c   Code   RO         1111    !!handler_zi        c_w.l(__scatter_zi.o)
    0x0800023c   0x00000000   Code   RO          788    .ARM.Collect$$_printf_percent$$00000000  c_w.l(_printf_percent.o)
    0x0800023c   0x00000006   Code   RO          786    .ARM.Collect$$_printf_percent$$00000009  c_w.l(_printf_d.o)
    0x08000242   0x00000006   Code   RO          787    .ARM.Collect$$_printf_percent$$0000000A  c_w.l(_printf_u.o)
    0x08000248   0x00000006   Code   RO          785    .ARM.Collect$$_printf_percent$$0000000C  c_w.l(_printf_x.o)
    0x0800024e   0x00000006   Code   RO          783    .ARM.Collect$$_printf_percent$$00000013  c_w.l(_printf_c.o)
    0x08000254   0x00000006   Code   RO          784    .ARM.Collect$$_printf_percent$$00000014  c_w.l(_printf_s.o)
    0x0800025a   0x00000004   Code   RO          862    .ARM.Collect$$_printf_percent$$00000017  c_w.l(_printf_percent_end.o)
    0x0800025e   0x00000002   Code   RO          979    .ARM.Collect$$libinit$$00000000  c_w.l(libinit.o)
    0x08000260   0x00000004   Code   RO          988    .ARM.Collect$$libinit$$00000001  c_w.l(libinit2.o)
    0x08000264   0x00000000   Code   RO          991    .ARM.Collect$$libinit$$00000004  c_w.l(libinit2.o)
    0x08000264   0x00000000   Code   RO          994    .ARM.Collect$$libinit$$0000000A  c_w.l(libinit2.o)
    0x08000264   0x00000000   Code   RO          996    .ARM.Collect$$libinit$$0000000C  c_w.l(libinit2.o)
    0x08000264   0x00000000   Code   RO          998    .ARM.Collect$$libinit$$0000000E  c_w.l(libinit2.o)
    0x08000264   0x00000000   Code   RO         1001    .ARM.Collect$$libinit$$00000011  c_w.l(libinit2.o)
    0x08000264   0x00000000   Code   RO         1003    .ARM.Collect$$libinit$$00000013  c_w.l(libinit2.o)
    0x08000264   0x00000000   Code   RO         1005    .ARM.Collect$$libinit$$00000015  c_w.l(libinit2.o)
    0x08000264   0x00000000   Code   RO         1007    .ARM.Collect$$libinit$$00000017  c_w.l(libinit2.o)
    0x08000264   0x00000000   Code   RO         1009    .ARM.Collect$$libinit$$00000019  c_w.l(libinit2.o)
    0x08000264   0x00000000   Code   RO         1011    .ARM.Collect$$libinit$$0000001B  c_w.l(libinit2.o)
    0x08000264   0x00000000   Code   RO         1013    .ARM.Collect$$libinit$$0000001D  c_w.l(libinit2.o)
    0x08000264   0x00000000   Code   RO         1015    .ARM.Collect$$libinit$$0000001F  c_w.l(libinit2.o)
    0x08000264   0x00000000   Code   RO         1017    .ARM.Collect$$libinit$$00000021  c_w.l(libinit2.o)
    0x08000264   0x00000000   Code   RO         1019    .ARM.Collect$$libinit$$00000023  c_w.l(libinit2.o)
    0x08000264   0x00000000   Code   RO         1021    .ARM.Collect$$libinit$$00000025  c_w.l(libinit2.o)
    0x08000264   0x00000000   Code   RO         1025    .ARM.Collect$$libinit$$0000002C  c_w.l(libinit2.o)
    0x08000264   0x00000000   Code   RO         1027    .ARM.Collect$$libinit$$0000002E  c_w.l(libinit2.o)
    0x08000264   0x00000000   Code   RO         1029    .ARM.Collect$$libinit$$00000030  c_w.l(libinit2.o)
    0x08000264   0x00000000   Code   RO         1031    .ARM.Collect$$libinit$$00000032  c_w.l(libinit2.o)
    0x08000264   0x00000002   Code   RO         1032    .ARM.Collect$$libinit$$00000033  c_w.l(libinit2.o)
    0x08000266   0x00000002   Code   RO         1060    .ARM.Collect$$libshutdown$$00000000  c_w.l(libshutdown.o)
    0x08000268   0x00000000   Code   RO         1075    .ARM.Collect$$libshutdown$$00000003  c_w.l(libshutdown2.o)
    0x08000268   0x00000000   Code   RO         1078    .ARM.Collect$$libshutdown$$00000006  c_w.l(libshutdown2.o)
    0x08000268   0x00000000   Code   RO         1081    .ARM.Collect$$libshutdown$$00000009  c_w.l(libshutdown2.o)
    0x08000268   0x00000000   Code   RO         1083    .ARM.Collect$$libshutdown$$0000000B  c_w.l(libshutdown2.o)
    0x08000268   0x00000000   Code   RO         1086    .ARM.Collect$$libshutdown$$0000000E  c_w.l(libshutdown2.o)
    0x08000268   0x00000002   Code   RO         1087    .ARM.Collect$$libshutdown$$0000000F  c_w.l(libshutdown2.o)
    0x0800026a   0x00000000   Code   RO          851    .ARM.Collect$$rtentry$$00000000  c_w.l(__rtentry.o)
    0x0800026a   0x00000000   Code   RO          928    .ARM.Collect$$rtentry$$00000002  c_w.l(__rtentry2.o)
    0x0800026a   0x00000006   Code   RO          940    .ARM.Collect$$rtentry$$00000004  c_w.l(__rtentry4.o)
    0x08000270   0x00000000   Code   RO          930    .ARM.Collect$$rtentry$$00000009  c_w.l(__rtentry2.o)
    0x08000270   0x00000004   Code   RO          931    .ARM.Collect$$rtentry$$0000000A  c_w.l(__rtentry2.o)
    0x08000274   0x00000000   Code   RO          933    .ARM.Collect$$rtentry$$0000000C  c_w.l(__rtentry2.o)
    0x08000274   0x00000008   Code   RO          934    .ARM.Collect$$rtentry$$0000000D  c_w.l(__rtentry2.o)
    0x0800027c   0x00000002   Code   RO          982    .ARM.Collect$$rtexit$$00000000  c_w.l(rtexit.o)
    0x0800027e   0x00000000   Code   RO         1034    .ARM.Collect$$rtexit$$00000002  c_w.l(rtexit2.o)
    0x0800027e   0x00000004   Code   RO         1035    .ARM.Collect$$rtexit$$00000003  c_w.l(rtexit2.o)
    0x08000282   0x00000006   Code   RO         1036    .ARM.Collect$$rtexit$$00000004  c_w.l(rtexit2.o)
    0x08000288   0x000006c4   Code   RO            3    .text               main.o
    0x0800094c   0x0000001a   Code   RO          169    .text               stm32f4xx_it.o
    0x08000966   0x00000002   PAD
    0x08000968   0x00000210   Code   RO          218    .text               system_stm32f4xx.o
    0x08000b78   0x00000040   Code   RO          244    .text               led.o
    0x08000bb8   0x00000104   Code   RO          264    .text               key.o
    0x08000cbc   0x00004c80   Code   RO          285    .text               lcd.o
    0x0800593c   0x0000025c   Code   RO          323    .text               myiic.o
    0x08005b98   0x00000384   Code   RO          343    .text               mpu6050.o
    0x08005f1c   0x000022c0   Code   RO          363    .text               inv_mpu.o
    0x080081dc   0x00000d90   Code   RO          398    .text               inv_mpu_dmp_motion_driver.o
    0x08008f6c   0x00000104   Code   RO          431    .text               delay.o
    0x08009070   0x0000014c   Code   RO          471    .text               usart.o
    0x080091bc   0x00000040   Code   RO          503    .text               startup_stm32f40_41xxx.o
    0x080091fc   0x000000e0   Code   RO          509    .text               misc.o
    0x080092dc   0x000005c8   Code   RO          529    .text               stm32f4xx_fsmc.o
    0x080098a4   0x00000294   Code   RO          552    .text               stm32f4xx_gpio.o
    0x08009b38   0x0000065c   Code   RO          572    .text               stm32f4xx_rcc.o
    0x0800a194   0x00000454   Code   RO          614    .text               stm32f4xx_usart.o
    0x0800a5e8   0x00000ca2   Code   RO          634    .text               stm32f4xx_tim.o
    0x0800b28a   0x00000002   PAD
    0x0800b28c   0x00000c34   Code   RO          654    .text               usmart.o
    0x0800bec0   0x00000528   Code   RO          706    .text               usmart_str.o
    0x0800c3e8   0x00000002   Code   RO          726    .text               c_w.l(use_no_semi_2.o)
    0x0800c3ea   0x00000048   Code   RO          728    .text               c_w.l(llsdiv.o)
    0x0800c432   0x00000002   PAD
    0x0800c434   0x00000018   Code   RO          732    .text               c_w.l(noretval__2printf.o)
    0x0800c44c   0x0000004e   Code   RO          736    .text               c_w.l(_printf_pad.o)
    0x0800c49a   0x00000052   Code   RO          738    .text               c_w.l(_printf_str.o)
    0x0800c4ec   0x00000078   Code   RO          740    .text               c_w.l(_printf_dec.o)
    0x0800c564   0x00000058   Code   RO          745    .text               c_w.l(_printf_hex_int.o)
    0x0800c5bc   0x00000188   Code   RO          780    .text               c_w.l(__printf_flags_ss_wp.o)
    0x0800c744   0x00000058   Code   RO          789    .text               c_w.l(memcmp.o)
    0x0800c79c   0x00000010   Code   RO          791    .text               c_w.l(aeabi_memset.o)
    0x0800c7ac   0x00000006   Code   RO          793    .text               c_w.l(heapauxi.o)
    0x0800c7b2   0x00000002   Code   RO          849    .text               c_w.l(use_no_semi.o)
    0x0800c7b4   0x000000ee   Code   RO          852    .text               c_w.l(lludivv7m.o)
    0x0800c8a2   0x00000016   Code   RO          854    .text               c_w.l(_rserrno.o)
    0x0800c8b8   0x000000b2   Code   RO          856    .text               c_w.l(_printf_intcommon.o)
    0x0800c96a   0x0000002c   Code   RO          858    .text               c_w.l(_printf_char.o)
    0x0800c996   0x00000002   PAD
    0x0800c998   0x00000024   Code   RO          860    .text               c_w.l(_printf_char_file.o)
    0x0800c9bc   0x00000044   Code   RO          863    .text               c_w.l(rt_memclr.o)
    0x0800ca00   0x00000008   Code   RO          949    .text               c_w.l(rt_errno_addr_intlibspace.o)
    0x0800ca08   0x00000030   Code   RO          951    .text               c_w.l(_printf_char_common.o)
    0x0800ca38   0x00000008   Code   RO          953    .text               c_w.l(ferror.o)
    0x0800ca40   0x0000004e   Code   RO          957    .text               c_w.l(rt_memclr_w.o)
    0x0800ca8e   0x00000002   PAD
    0x0800ca90   0x00000008   Code   RO          963    .text               c_w.l(libspace.o)
    0x0800ca98   0x0000004a   Code   RO          966    .text               c_w.l(sys_stackheap_outer.o)
    0x0800cae2   0x0000000c   Code   RO          972    .text               c_w.l(exit.o)
    0x0800caee   0x00000030   Code   RO          910    i.__ARM_fpclassify  m_wm.l(fpclassify.o)
    0x0800cb1e   0x00000002   PAD
    0x0800cb20   0x00000360   Code   RO          823    i.__hardfp_asin     m_wm.l(asin.o)
    0x0800ce80   0x000002d8   Code   RO          876    i.__hardfp_atan     m_wm.l(atan.o)
    0x0800d158   0x000001f0   Code   RO          837    i.__hardfp_atan2    m_wm.l(atan2.o)
    0x0800d348   0x000000f8   Code   RO          912    i.__kernel_poly     m_wm.l(poly.o)
    0x0800d440   0x00000014   Code   RO          891    i.__mathlib_dbl_infnan  m_wm.l(dunder.o)
    0x0800d454   0x00000014   Code   RO          892    i.__mathlib_dbl_infnan2  m_wm.l(dunder.o)
    0x0800d468   0x00000020   Code   RO          893    i.__mathlib_dbl_invalid  m_wm.l(dunder.o)
    0x0800d488   0x00000020   Code   RO          896    i.__mathlib_dbl_underflow  m_wm.l(dunder.o)
    0x0800d4a8   0x0000000e   Code   RO          773    i._is_digit         c_w.l(__printf_wp.o)
    0x0800d4b6   0x00000010   Code   RO          878    i.atan              m_wm.l(atan.o)
    0x0800d4c6   0x00000018   Code   RO          906    i.fabs              m_wm.l(fabs.o)
    0x0800d4de   0x0000006e   Code   RO          917    i.sqrt              m_wm.l(sqrt.o)
    0x0800d54c   0x00000018   Code   RO          865    x$fpl$basic         fz_wm.l(basic.o)
    0x0800d564   0x00000062   Code   RO          797    x$fpl$d2f           fz_wm.l(d2f.o)
    0x0800d5c6   0x00000002   PAD
    0x0800d5c8   0x00000150   Code   RO          799    x$fpl$dadd          fz_wm.l(daddsub_clz.o)
    0x0800d718   0x000002b0   Code   RO          806    x$fpl$ddiv          fz_wm.l(ddiv.o)
    0x0800d9c8   0x0000005a   Code   RO          809    x$fpl$dfixu         fz_wm.l(dfixu.o)
    0x0800da22   0x0000002e   Code   RO          814    x$fpl$dflt          fz_wm.l(dflt_clz.o)
    0x0800da50   0x00000026   Code   RO          813    x$fpl$dfltu         fz_wm.l(dflt_clz.o)
    0x0800da76   0x00000002   PAD
    0x0800da78   0x00000154   Code   RO          819    x$fpl$dmul          fz_wm.l(dmul.o)
    0x0800dbcc   0x0000009c   Code   RO          867    x$fpl$dnaninf       fz_wm.l(dnaninf.o)
    0x0800dc68   0x0000000c   Code   RO          869    x$fpl$dretinf       fz_wm.l(dretinf.o)
    0x0800dc74   0x00000016   Code   RO          800    x$fpl$drsb          fz_wm.l(daddsub_clz.o)
    0x0800dc8a   0x00000002   PAD
    0x0800dc8c   0x00000198   Code   RO          961    x$fpl$dsqrt         fz_wm.l(dsqrt_umaal.o)
    0x0800de24   0x000001d4   Code   RO          801    x$fpl$dsub          fz_wm.l(daddsub_clz.o)
    0x0800dff8   0x00000056   Code   RO          821    x$fpl$f2d           fz_wm.l(f2d.o)
    0x0800e04e   0x0000008c   Code   RO          871    x$fpl$fnaninf       fz_wm.l(fnaninf.o)
    0x0800e0da   0x0000000a   Code   RO         1048    x$fpl$fpinit        fz_wm.l(fpinit.o)
    0x0800e0e4   0x0000000a   Code   RO          873    x$fpl$fretinf       fz_wm.l(fretinf.o)
    0x0800e0ee   0x00000000   Code   RO          875    x$fpl$usenofp       fz_wm.l(usenofp.o)
    0x0800e0ee   0x000017c0   Data   RO          287    .constdata          lcd.o
    0x0800f8ae   0x00000002   PAD
    0x0800f8b0   0x00000050   Data   RO          364    .constdata          inv_mpu.o
    0x0800f900   0x00000bf6   Data   RO          400    .constdata          inv_mpu_dmp_motion_driver.o
    0x080104f6   0x00000002   PAD
    0x080104f8   0x0000001c   Data   RO          530    .constdata          stm32f4xx_fsmc.o
    0x08010514   0x00000028   Data   RO          746    .constdata          c_w.l(_printf_hex_int.o)
    0x0801053c   0x00000011   Data   RO          781    .constdata          c_w.l(__printf_flags_ss_wp.o)
    0x0801054d   0x00000003   PAD
    0x08010550   0x00000050   Data   RO          826    .constdata          m_wm.l(asin.o)
    0x080105a0   0x00000098   Data   RO          879    .constdata          m_wm.l(atan.o)
    0x08010638   0x00000008   Data   RO          914    .constdata          m_wm.l(qnan.o)
    0x08010640   0x0000004d   Data   RO          365    .conststring        inv_mpu.o
    0x0801068d   0x00000003   PAD
    0x08010690   0x00000028   Data   RO          655    .conststring        usmart.o
    0x080106b8   0x000000cb   Data   RO          685    .conststring        usmart_config.o
    0x08010783   0x00000001   PAD
    0x08010784   0x00000020   Data   RO         1105    Region$$Table       anon$$obj.o


    Execution Region RW_IRAM1 (Base: 0x20000000, Size: 0x00000900, Max: 0x00020000, ABSOLUTE, COMPRESSED[0x00000088])

    Base Addr    Size         Type   Attr      Idx    E Section Name        Object

    0x20000000   0x00000014   Data   RW          219    .data               system_stm32f4xx.o
    0x20000014   0x00000001   Data   RW          265    .data               key.o
    0x20000015   0x00000001   PAD
    0x20000016   0x00000004   Data   RW          288    .data               lcd.o
    0x2000001a   0x00000002   PAD
    0x2000001c   0x00000035   Data   RW          366    .data               inv_mpu.o
    0x20000051   0x00000001   PAD
    0x20000052   0x00000004   Data   RW          432    .data               delay.o
    0x20000056   0x00000002   PAD
    0x20000058   0x00000006   Data   RW          473    .data               usart.o
    0x2000005e   0x00000010   Data   RW          573    .data               stm32f4xx_rcc.o
    0x2000006e   0x00000002   PAD
    0x20000070   0x0000001c   Data   RW          656    .data               usmart.o
    0x2000008c   0x0000012c   Data   RW          686    .data               usmart_config.o
    0x200001b8   0x0000000e   Zero   RW          286    .bss                lcd.o
    0x200001c6   0x00000002   PAD
    0x200001c8   0x00000010   Zero   RW          399    .bss                inv_mpu_dmp_motion_driver.o
    0x200001d8   0x000000c8   Zero   RW          472    .bss                usart.o
    0x200002a0   0x00000060   Zero   RW          964    .bss                c_w.l(libspace.o)
    0x20000300   0x00000200   Zero   RW          501    HEAP                startup_stm32f40_41xxx.o
    0x20000500   0x00000400   Zero   RW          500    STACK               startup_stm32f40_41xxx.o


==============================================================================

Image component sizes


      Code (inc. data)   RO Data    RW Data    ZI Data      Debug   Object Name

       260          8          0          4          0       1481   delay.o
      8896        222        157         53          0      23901   inv_mpu.o
      3472        142       3062          0         16      15271   inv_mpu_dmp_motion_driver.o
       260         12          0          1          0        888   key.o
     19584        174       6080          4         14      22378   lcd.o
        64          4          0          0          0        547   led.o
      1732        222          0          0          0     292801   main.o
       224         20          0          0          0       1861   misc.o
       900         22          0          0          0       4295   mpu6050.o
       604         14          0          0          0       1916   myiic.o
        64         26        392          0       1536        848   startup_stm32f40_41xxx.o
      1480         18         28          0          0       5682   stm32f4xx_fsmc.o
       660         44          0          0          0       4137   stm32f4xx_gpio.o
        26          0          0          0          0       1242   stm32f4xx_it.o
      1628         52          0         16          0      12948   stm32f4xx_rcc.o
      3234         60          0          0          0      22340   stm32f4xx_tim.o
      1108         34          0          0          0       7836   stm32f4xx_usart.o
       528         46          0         20          0       1843   system_stm32f4xx.o
       332         18          0          6        200       3378   usart.o
      3124       1286         40         28          0       4430   usmart.o
         0          0        203        300          0       1564   usmart_config.o
      1320         12          0          0          0       5209   usmart_str.o

    ----------------------------------------------------------------------
     49504       2436      10002        440       1768     436796   Object Totals
         0          0         32          0          0          0   (incl. Generated)
         4          0          8          8          2          0   (incl. Padding)

    ----------------------------------------------------------------------

      Code (inc. data)   RO Data    RW Data    ZI Data      Debug   Library Member Name

        90          0          0          0          0          0   __dczerorl2.o
         8          0          0          0          0         68   __main.o
       392          4         17          0          0         92   __printf_flags_ss_wp.o
        14          0          0          0          0         68   __printf_wp.o
         0          0          0          0          0          0   __rtentry.o
        12          0          0          0          0          0   __rtentry2.o
         6          0          0          0          0          0   __rtentry4.o
        52          8          0          0          0          0   __scatter.o
        28          0          0          0          0          0   __scatter_zi.o
         6          0          0          0          0          0   _printf_c.o
        44          0          0          0          0        108   _printf_char.o
        48          6          0          0          0         96   _printf_char_common.o
        36          4          0          0          0         80   _printf_char_file.o
         6          0          0          0          0          0   _printf_d.o
       120         16          0          0          0         92   _printf_dec.o
        88          4         40          0          0         88   _printf_hex_int.o
       178          0          0          0          0         88   _printf_intcommon.o
        78          0          0          0          0        108   _printf_pad.o
         0          0          0          0          0          0   _printf_percent.o
         4          0          0          0          0          0   _printf_percent_end.o
         6          0          0          0          0          0   _printf_s.o
        82          0          0          0          0         80   _printf_str.o
         6          0          0          0          0          0   _printf_u.o
         6          0          0          0          0          0   _printf_x.o
        22          0          0          0          0        100   _rserrno.o
        16          0          0          0          0         68   aeabi_memset.o
        12          0          0          0          0         72   exit.o
         8          0          0          0          0         68   ferror.o
         6          0          0          0          0        152   heapauxi.o
         2          0          0          0          0          0   libinit.o
         6          0          0          0          0          0   libinit2.o
         2          0          0          0          0          0   libshutdown.o
         2          0          0          0          0          0   libshutdown2.o
         8          4          0          0         96         68   libspace.o
        72          0          0          0          0         76   llsdiv.o
       238          0          0          0          0        100   lludivv7m.o
        88          0          0          0          0         76   memcmp.o
        24          4          0          0          0         84   noretval__2printf.o
         8          4          0          0          0         68   rt_errno_addr_intlibspace.o
        68          0          0          0          0         68   rt_memclr.o
        78          0          0          0          0         80   rt_memclr_w.o
         2          0          0          0          0          0   rtexit.o
        10          0          0          0          0          0   rtexit2.o
        74          0          0          0          0         80   sys_stackheap_outer.o
         2          0          0          0          0         68   use_no_semi.o
         2          0          0          0          0         68   use_no_semi_2.o
        24          0          0          0          0        164   basic.o
        98          4          0          0          0        140   d2f.o
       826         16          0          0          0        492   daddsub_clz.o
       688        140          0          0          0        256   ddiv.o
        90          4          0          0          0        140   dfixu.o
        84          0          0          0          0        232   dflt_clz.o
       340         12          0          0          0        152   dmul.o
       156          4          0          0          0        140   dnaninf.o
        12          0          0          0          0        116   dretinf.o
       408         56          0          0          0        168   dsqrt_umaal.o
        86          4          0          0          0        132   f2d.o
       140          4          0          0          0        132   fnaninf.o
        10          0          0          0          0        116   fpinit.o
        10          0          0          0          0        116   fretinf.o
         0          0          0          0          0          0   usenofp.o
       864         94         80          0          0        280   asin.o
       744        106        152          0          0        352   atan.o
       496         64          0          0          0        192   atan2.o
       104         16          0          0          0        496   dunder.o
        24          0          0          0          0        124   fabs.o
        48          0          0          0          0        124   fpclassify.o
       248          0          0          0          0        152   poly.o
         0          0          8          0          0          0   qnan.o
       110          0          0          0          0        148   sqrt.o

    ----------------------------------------------------------------------
      7686        578        300          0         96       6628   Library Totals
        16          0          3          0          0          0   (incl. Padding)

    ----------------------------------------------------------------------

      Code (inc. data)   RO Data    RW Data    ZI Data      Debug   Library Name

      2060         54         57          0         96       2264   c_w.l
      2972        244          0          0          0       2496   fz_wm.l
      2638        280        240          0          0       1868   m_wm.l

    ----------------------------------------------------------------------
      7686        578        300          0         96       6628   Library Totals

    ----------------------------------------------------------------------

==============================================================================


      Code (inc. data)   RO Data    RW Data    ZI Data      Debug   

     57190       3014      10302        440       1864     435028   Grand Totals
     57190       3014      10302        136       1864     435028   ELF Image Totals (compressed)
     57190       3014      10302        136          0          0   ROM Totals

==============================================================================

    Total RO  Size (Code + RO Data)                67492 (  65.91kB)
    Total RW  Size (RW Data + ZI Data)              2304 (   2.25kB)
    Total ROM Size (Code + RO Data + RW Data)      67628 (  66.04kB)

==============================================================================

