Component: ARM Compiler 5.05 update 1 (build 106) Tool: armlink [4d0efa]

==============================================================================

Section Cross References

    main.o(.text) refers to _printf_percent.o(.ARM.Collect$$_printf_percent$$00000000) for _printf_percent
    main.o(.text) refers to _printf_f.o(.ARM.Collect$$_printf_percent$$00000003) for _printf_f
    main.o(.text) refers to printf1.o(x$fpl$printf1) for _printf_fp_dec
    main.o(.text) refers to stm32f4xx_usart.o(.text) for USART_GetFlagStatus
    main.o(.text) refers to delay.o(.text) for delay_ms
    main.o(.text) refers to noretval__2printf.o(.text) for __2printf
    main.o(.text) refers to inv_mpu.o(.text) for mpu_dmp_init
    main.o(.text) refers to misc.o(.text) for NVIC_PriorityGroupConfig
    main.o(.text) refers to usart.o(.text) for uart_init
    main.o(.text) refers to led.o(.text) for LED_Init
    main.o(.text) refers to key.o(.text) for KEY_Init
    main.o(.text) refers to mpu6050.o(.text) for MPU_Init
    main.o(.text) refers to adc.o(.text) for Adc_Init
    main.o(.text) refers to dac.o(.text) for Dac1_Init
    main.o(.text) refers to stm32f4xx_dac.o(.text) for DAC_SetChannel1Data
    main.o(.text) refers to f2d.o(x$fpl$f2d) for __aeabi_f2d
    main.o(.text) refers to dmul.o(x$fpl$dmul) for __aeabi_dmul
    main.o(.text) refers to d2f.o(x$fpl$d2f) for __aeabi_d2f
    system_stm32f4xx.o(.text) refers to system_stm32f4xx.o(.data) for SystemCoreClock
    led.o(.text) refers to stm32f4xx_rcc.o(.text) for RCC_AHB1PeriphClockCmd
    led.o(.text) refers to stm32f4xx_gpio.o(.text) for GPIO_Init
    key.o(.text) refers to stm32f4xx_rcc.o(.text) for RCC_AHB1PeriphClockCmd
    key.o(.text) refers to stm32f4xx_gpio.o(.text) for GPIO_Init
    key.o(.text) refers to delay.o(.text) for delay_ms
    key.o(.text) refers to key.o(.data) for key_up
    lcd.o(.text) refers to _printf_percent.o(.ARM.Collect$$_printf_percent$$00000000) for _printf_percent
    lcd.o(.text) refers to _printf_x.o(.ARM.Collect$$_printf_percent$$0000000C) for _printf_x
    lcd.o(.text) refers to _printf_hex_int.o(.text) for _printf_longlong_hex
    lcd.o(.text) refers to delay.o(.text) for delay_us
    lcd.o(.text) refers to lcd.o(.bss) for lcddev
    lcd.o(.text) refers to lcd.o(.data) for POINT_COLOR
    lcd.o(.text) refers to dflt_clz.o(x$fpl$dfltu) for __aeabi_ui2d
    lcd.o(.text) refers to dmul.o(x$fpl$dmul) for __aeabi_dmul
    lcd.o(.text) refers to dfixu.o(x$fpl$dfixu) for __aeabi_d2uiz
    lcd.o(.text) refers to stm32f4xx_rcc.o(.text) for RCC_AHB1PeriphClockCmd
    lcd.o(.text) refers to stm32f4xx_gpio.o(.text) for GPIO_Init
    lcd.o(.text) refers to stm32f4xx_fsmc.o(.text) for FSMC_NORSRAMInit
    lcd.o(.text) refers to noretval__2printf.o(.text) for __2printf
    lcd.o(.text) refers to lcd.o(.constdata) for asc2_1206
    myiic.o(.text) refers to stm32f4xx_rcc.o(.text) for RCC_AHB1PeriphClockCmd
    myiic.o(.text) refers to stm32f4xx_gpio.o(.text) for GPIO_Init
    myiic.o(.text) refers to delay.o(.text) for delay_us
    mpu6050.o(.text) refers to myiic.o(.text) for IIC_Start
    mpu6050.o(.text) refers to delay.o(.text) for delay_ms
    mpu6050.o(.text) refers to dflt_clz.o(x$fpl$dflt) for __aeabi_i2d
    mpu6050.o(.text) refers to ddiv.o(x$fpl$ddiv) for __aeabi_ddiv
    mpu6050.o(.text) refers to daddsub_clz.o(x$fpl$dadd) for __aeabi_dadd
    mpu6050.o(.text) refers to d2f.o(x$fpl$d2f) for __aeabi_d2f
    inv_mpu.o(.text) refers to _printf_pad.o(.text) for _printf_pre_padding
    inv_mpu.o(.text) refers to _printf_percent.o(.ARM.Collect$$_printf_percent$$00000000) for _printf_percent
    inv_mpu.o(.text) refers to _printf_x.o(.ARM.Collect$$_printf_percent$$0000000C) for _printf_x
    inv_mpu.o(.text) refers to _printf_hex_int.o(.text) for _printf_longlong_hex
    inv_mpu.o(.text) refers to _printf_d.o(.ARM.Collect$$_printf_percent$$00000009) for _printf_d
    inv_mpu.o(.text) refers to _printf_dec.o(.text) for _printf_int_dec
    inv_mpu.o(.text) refers to mpu6050.o(.text) for MPU_Write_Len
    inv_mpu.o(.text) refers to noretval__2printf.o(.text) for __2printf
    inv_mpu.o(.text) refers to delay.o(.text) for delay_ms
    inv_mpu.o(.text) refers to inv_mpu.o(.data) for st
    inv_mpu.o(.text) refers to inv_mpu.o(.conststring) for .conststring
    inv_mpu.o(.text) refers to inv_mpu.o(.constdata) for test
    inv_mpu.o(.text) refers to llsdiv.o(.text) for __aeabi_ldivmod
    inv_mpu.o(.text) refers to memcmp.o(.text) for memcmp
    inv_mpu.o(.text) refers to inv_mpu_dmp_motion_driver.o(.text) for dmp_set_gyro_bias
    inv_mpu.o(.text) refers to myiic.o(.text) for IIC_Init
    inv_mpu.o(.text) refers to f2d.o(x$fpl$f2d) for __aeabi_f2d
    inv_mpu.o(.text) refers to asin.o(i.__hardfp_asin) for __hardfp_asin
    inv_mpu.o(.text) refers to dmul.o(x$fpl$dmul) for __aeabi_dmul
    inv_mpu.o(.text) refers to d2f.o(x$fpl$d2f) for __aeabi_d2f
    inv_mpu.o(.text) refers to atan2.o(i.__hardfp_atan2) for __hardfp_atan2
[...]
    i._is_digit                              0x08007610   Section        0  __printf_wp.o(i._is_digit)
    i.atan                                   0x0800761e   Section        0  atan.o(i.atan)
    i.fabs                                   0x0800762e   Section        0  fabs.o(i.fabs)
    i.sqrt                                   0x08007646   Section        0  sqrt.o(i.sqrt)
    locale$$code                             0x080076b4   Section       44  lc_numeric_c.o(locale$$code)
    x$fpl$basic                              0x080076e0   Section       24  basic.o(x$fpl$basic)
    $v0                                      0x080076e0   Number         0  basic.o(x$fpl$basic)
    x$fpl$d2f                                0x080076f8   Section       98  d2f.o(x$fpl$d2f)
    $v0                                      0x080076f8   Number         0  d2f.o(x$fpl$d2f)
    x$fpl$dadd                               0x0800775c   Section      336  daddsub_clz.o(x$fpl$dadd)
    $v0                                      0x0800775c   Number         0  daddsub_clz.o(x$fpl$dadd)
    _dadd1                                   0x0800776d   Thumb Code     0  daddsub_clz.o(x$fpl$dadd)
    x$fpl$ddiv                               0x080078ac   Section      688  ddiv.o(x$fpl$ddiv)
    $v0                                      0x080078ac   Number         0  ddiv.o(x$fpl$ddiv)
    ddiv_entry                               0x080078b3   Thumb Code     0  ddiv.o(x$fpl$ddiv)
    x$fpl$dfixu                              0x08007b5c   Section       90  dfixu.o(x$fpl$dfixu)
    $v0                                      0x08007b5c   Number         0  dfixu.o(x$fpl$dfixu)
    x$fpl$dflt                               0x08007bb6   Section       46  dflt_clz.o(x$fpl$dflt)
    $v0                                      0x08007bb6   Number         0  dflt_clz.o(x$fpl$dflt)
    x$fpl$dfltu                              0x08007be4   Section       38  dflt_clz.o(x$fpl$dfltu)
    $v0                                      0x08007be4   Number         0  dflt_clz.o(x$fpl$dfltu)
    x$fpl$dmul                               0x08007c0c   Section      340  dmul.o(x$fpl$dmul)
    $v0                                      0x08007c0c   Number         0  dmul.o(x$fpl$dmul)
    x$fpl$dnaninf                            0x08007d60   Section      156  dnaninf.o(x$fpl$dnaninf)
    $v0                                      0x08007d60   Number         0  dnaninf.o(x$fpl$dnaninf)
    x$fpl$dretinf                            0x08007dfc   Section       12  dretinf.o(x$fpl$dretinf)
    $v0                                      0x08007dfc   Number         0  dretinf.o(x$fpl$dretinf)
    x$fpl$drsb                               0x08007e08   Section       22  daddsub_clz.o(x$fpl$drsb)
    $v0                                      0x08007e08   Number         0  daddsub_clz.o(x$fpl$drsb)
    x$fpl$dsqrt                              0x08007e20   Section      408  dsqrt_umaal.o(x$fpl$dsqrt)
    $v0                                      0x08007e20   Number         0  dsqrt_umaal.o(x$fpl$dsqrt)
    x$fpl$dsub                               0x08007fb8   Section      468  daddsub_clz.o(x$fpl$dsub)
    $v0                                      0x08007fb8   Number         0  daddsub_clz.o(x$fpl$dsub)
    _dsub1                                   0x08007fc9   Thumb Code     0  daddsub_clz.o(x$fpl$dsub)
    x$fpl$f2d                                0x0800818c   Section       86  f2d.o(x$fpl$f2d)
    $v0                                      0x0800818c   Number         0  f2d.o(x$fpl$f2d)
    x$fpl$fnaninf                            0x080081e2   Section      140  fnaninf.o(x$fpl$fnaninf)
    $v0                                      0x080081e2   Number         0  fnaninf.o(x$fpl$fnaninf)
    x$fpl$fpinit                             0x0800826e   Section       10  fpinit.o(x$fpl$fpinit)
    $v0                                      0x0800826e   Number         0  fpinit.o(x$fpl$fpinit)
    x$fpl$fretinf                            0x08008278   Section       10  fretinf.o(x$fpl$fretinf)
    $v0                                      0x08008278   Number         0  fretinf.o(x$fpl$fretinf)
    x$fpl$printf1                            0x08008282   Section        4  printf1.o(x$fpl$printf1)
    $v0                                      0x08008282   Number         0  printf1.o(x$fpl$printf1)
    x$fpl$usenofp                            0x08008286   Section        0  usenofp.o(x$fpl$usenofp)
    .constdata                               0x08008288   Section       80  inv_mpu.o(.constdata)
    .constdata                               0x080082d8   Section     3062  inv_mpu_dmp_motion_driver.o(.constdata)
    dmp_memory                               0x080082d8   Data        3062  inv_mpu_dmp_motion_driver.o(.constdata)
    .constdata                               0x08008ece   Section       40  _printf_hex_int.o(.constdata)
    uc_hextab                                0x08008ece   Data          20  _printf_hex_int.o(.constdata)
    lc_hextab                                0x08008ee2   Data          20  _printf_hex_int.o(.constdata)
    .constdata                               0x08008ef6   Section       17  __printf_flags_wp.o(.constdata)
    maptable                                 0x08008ef6   Data          17  __printf_flags_wp.o(.constdata)
    .constdata                               0x08008f08   Section       80  asin.o(.constdata)
    pS                                       0x08008f08   Data          48  asin.o(.constdata)
    qS                                       0x08008f38   Data          32  asin.o(.constdata)
    .constdata                               0x08008f58   Section      152  atan.o(.constdata)
    atanhi                                   0x08008f58   Data          32  atan.o(.constdata)
    atanlo                                   0x08008f78   Data          32  atan.o(.constdata)
    aTodd                                    0x08008f98   Data          40  atan.o(.constdata)
    aTeven                                   0x08008fc0   Data          48  atan.o(.constdata)
    .constdata                               0x08008ff0   Section        8  qnan.o(.constdata)
    .constdata                               0x08008ff8   Section      148  bigflt0.o(.constdata)
    tenpwrs_x                                0x08008ff8   Data          60  bigflt0.o(.constdata)
    tenpwrs_i                                0x08009034   Data          64  bigflt0.o(.constdata)
    .conststring                             0x0800908c   Section       77  inv_mpu.o(.conststring)
    locale$$data                             0x080090fc   Section       28  lc_numeric_c.o(locale$$data)
    __lcnum_c_name                           0x08009100   Data           2  lc_numeric_c.o(locale$$data)
    __lcnum_c_start                          0x08009108   Data           0  lc_numeric_c.o(locale$$data)
    __lcnum_c_point                          0x08009114   Data           0  lc_numeric_c.o(locale$$data)
    __lcnum_c_thousands                      0x08009116   Data           0  lc_numeric_c.o(locale$$data)
    __lcnum_c_grouping                       0x08009117   Data           0  lc_numeric_c.o(locale$$data)
    __lcnum_c_end                            0x08009118   Data           0  lc_numeric_c.o(locale$$data)
    .data                                    0x20000000   Section       20  system_stm32f4xx.o(.data)
    .data                                    0x20000014   Section        1  key.o(.data)
    key_up                                   0x20000014   Data           1  key.o(.data)
    .data                                    0x20000018   Section       53  inv_mpu.o(.data)
    st                                       0x20000018   Data          44  inv_mpu.o(.data)
    gyro_orientation                         0x20000044   Data           9  inv_mpu.o(.data)
    .data                                    0x2000004e   Section        4  delay.o(.data)
    fac_us                                   0x2000004e   Data           1  delay.o(.data)
    fac_ms                                   0x20000050   Data           2  delay.o(.data)
    .data                                    0x20000054   Section        6  usart.o(.data)
    .data                                    0x2000005a   Section       16  stm32f4xx_rcc.o(.data)
    APBAHBPrescTable                         0x2000005a   Data          16  stm32f4xx_rcc.o(.data)
    .bss                                     0x2000006c   Section       16  inv_mpu_dmp_motion_driver.o(.bss)
    dmp                                      0x2000006c   Data          16  inv_mpu_dmp_motion_driver.o(.bss)
    .bss                                     0x2000007c   Section      200  usart.o(.bss)
    .bss                                     0x20000144   Section       96  libspace.o(.bss)
    HEAP                                     0x200001a8   Section      512  startup_stm32f40_41xxx.o(HEAP)
    Heap_Mem                                 0x200001a8   Data         512  startup_stm32f40_41xxx.o(HEAP)
    STACK                                    0x200003a8   Section     1024  startup_stm32f40_41xxx.o(STACK)
    Stack_Mem                                0x200003a8   Data        1024  startup_stm32f40_41xxx.o(STACK)
    __initial_sp                             0x200007a8   Data           0  startup_stm32f40_41xxx.o(STACK)

    Global Symbols

    Symbol Name                              Value     Ov Type        Size  Object(Section)

    BuildAttributes$$THM_ISAv4$E$P$D$K$B$S$7EM$VFPi3$EXTD16$VFPS$VFMA$PE$A:L22UL41UL21$X:L11$S22US41US21$IEEE1$IW$USESV6$~STKCKD$USESV7$~SHL$OTIME$ROPI$IEEEX$EBA8$UX$STANDARDLIB$REQ8$PRES8$EABIv2 0x00000000   Number         0  anon$$obj.o ABSOLUTE
    __ARM_use_no_argv                        0x00000000   Number         0  main.o ABSOLUTE
    _printf_flags                            0x00000000   Number         0  printf_stubs.o ABSOLUTE
    _printf_return_value                     0x00000000   Number         0  printf_stubs.o ABSOLUTE
    _printf_sizespec                         0x00000000   Number         0  printf_stubs.o ABSOLUTE
    _printf_widthprec                        0x00000000   Number         0  printf_stubs.o ABSOLUTE
    __ARM_exceptions_init                     - Undefined Weak Reference
    __alloca_initialize                       - Undefined Weak Reference
    __arm_preinit_                            - Undefined Weak Reference
    __cpp_initialize__aeabi_                  - Undefined Weak Reference
    __cxa_finalize                            - Undefined Weak Reference
    __sigvec_lookup                           - Undefined Weak Reference
    _atexit_init                              - Undefined Weak Reference
    _call_atexit_fns                          - Undefined Weak Reference
    _clock_init                               - Undefined Weak Reference
    _fp_trap_init                             - Undefined Weak Reference
    _fp_trap_shutdown                         - Undefined Weak Reference
    _get_lc_collate                           - Undefined Weak Reference
    _get_lc_ctype                             - Undefined Weak Reference
    _get_lc_monetary                          - Undefined Weak Reference
    _get_lc_time                              - Undefined Weak Reference
    _getenv_init                              - Undefined Weak Reference
    _handle_redirection                       - Undefined Weak Reference
    _init_alloc                               - Undefined Weak Reference
    _init_user_alloc                          - Undefined Weak Reference
    _initio                                   - Undefined Weak Reference
    _mutex_acquire                            - Undefined Weak Reference
    _mutex_release                            - Undefined Weak Reference
    _printf_truncate_signed                   - Undefined Weak Reference
    _printf_truncate_unsigned                 - Undefined Weak Reference
    _rand_init                                - Undefined Weak Reference
    _signal_finish                            - Undefined Weak Reference
    _signal_init                              - Undefined Weak Reference
    _terminate_alloc                          - Undefined Weak Reference
    _terminate_user_alloc                     - Undefined Weak Reference
    _terminateio                              - Undefined Weak Reference
    __Vectors_Size                           0x00000188   Number         0  startup_stm32f40_41xxx.o ABSOLUTE
    __Vectors                                0x08000000   Data           4  startup_stm32f40_41xxx.o(RESET)
    __Vectors_End                            0x08000188   Data           0  startup_stm32f40_41xxx.o(RESET)
    __main                                   0x08000189   Thumb Code     8  __main.o(!!!main)
    __scatterload                            0x08000191   Thumb Code     0  __scatter.o(!!!scatter)
    __scatterload_rt2                        0x08000191   Thumb Code    44  __scatter.o(!!!scatter)
    __scatterload_rt2_thumb_only             0x08000191   Thumb Code     0  __scatter.o(!!!scatter)
    __scatterload_null                       0x0800019f   Thumb Code     0  __scatter.o(!!!scatter)
    __scatterload_copy                       0x080001c5   Thumb Code    26  __scatter_copy.o(!!handler_copy)
    __scatterload_zeroinit                   0x080001e1   Thumb Code    28  __scatter_zi.o(!!handler_zi)
    _printf_f                                0x080001fd   Thumb Code     0  _printf_f.o(.ARM.Collect$$_printf_percent$$00000003)
    _printf_percent                          0x080001fd   Thumb Code     0  _printf_percent.o(.ARM.Collect$$_printf_percent$$00000000)
    _printf_d                                0x08000203   Thumb Code     0  _printf_d.o(.ARM.Collect$$_printf_percent$$00000009)
    _printf_x                                0x08000209   Thumb Code     0  _printf_x.o(.ARM.Collect$$_printf_percent$$0000000C)
    _printf_percent_end                      0x0800020f   Thumb Code     0  _printf_percent_end.o(.ARM.Collect$$_printf_percent$$00000017)
    __rt_lib_init                            0x08000213   Thumb Code     0  libinit.o(.ARM.Collect$$libinit$$00000000)
    __rt_lib_init_fp_1                       0x08000215   Thumb Code     0  libinit2.o(.ARM.Collect$$libinit$$00000001)
    __rt_lib_init_heap_1                     0x08000219   Thumb Code     0  libinit2.o(.ARM.Collect$$libinit$$0000000A)
    __rt_lib_init_lc_common                  0x08000219   Thumb Code     0  libinit2.o(.ARM.Collect$$libinit$$0000000F)
    __rt_lib_init_preinit_1                  0x08000219   Thumb Code     0  libinit2.o(.ARM.Collect$$libinit$$00000004)
    __rt_lib_init_rand_1                     0x08000219   Thumb Code     0  libinit2.o(.ARM.Collect$$libinit$$0000000E)
    __rt_lib_init_user_alloc_1               0x08000219   Thumb Code     0  libinit2.o(.ARM.Collect$$libinit$$0000000C)
    __rt_lib_init_lc_collate_1               0x0800021f   Thumb Code     0  libinit2.o(.ARM.Collect$$libinit$$00000011)
    __rt_lib_init_lc_ctype_1                 0x0800021f   Thumb Code     0  libinit2.o(.ARM.Collect$$libinit$$00000013)
    __rt_lib_init_lc_monetary_1              0x0800021f   Thumb Code     0  libinit2.o(.ARM.Collect$$libinit$$00000015)
    __rt_lib_init_lc_numeric_2               0x0800021f   Thumb Code     0  libinit2.o(.ARM.Collect$$libinit$$00000016)
    __rt_lib_init_alloca_1                   0x08000229   Thumb Code     0  libinit2.o(.ARM.Collect$$libinit$$0000002E)
    __rt_lib_init_argv_1                     0x08000229   Thumb Code     0  libinit2.o(.ARM.Collect$$libinit$$0000002C)
    __rt_lib_init_atexit_1                   0x08000229   Thumb Code     0  libinit2.o(.ARM.Collect$$libinit$$0000001B)
    __rt_lib_init_clock_1                    0x08000229   Thumb Code     0  libinit2.o(.ARM.Collect$$libinit$$00000021)
    __rt_lib_init_cpp_1                      0x08000229   Thumb Code     0  libinit2.o(.ARM.Collect$$libinit$$00000032)
    __rt_lib_init_exceptions_1               0x08000229   Thumb Code     0  libinit2.o(.ARM.Collect$$libinit$$00000030)
    __rt_lib_init_fp_trap_1                  0x08000229   Thumb Code     0  libinit2.o(.ARM.Collect$$libinit$$0000001F)
    __rt_lib_init_getenv_1                   0x08000229   Thumb Code     0  libinit2.o(.ARM.Collect$$libinit$$00000023)
    __rt_lib_init_lc_numeric_1               0x08000229   Thumb Code     0  libinit2.o(.ARM.Collect$$libinit$$00000017)
    __rt_lib_init_lc_time_1                  0x08000229   Thumb Code     0  libinit2.o(.ARM.Collect$$libinit$$00000019)
    __rt_lib_init_return                     0x08000229   Thumb Code     0  libinit2.o(.ARM.Collect$$libinit$$00000033)
    __rt_lib_init_signal_1                   0x08000229   Thumb Code     0  libinit2.o(.ARM.Collect$$libinit$$0000001D)
    __rt_lib_init_stdio_1                    0x08000229   Thumb Code     0  libinit2.o(.ARM.Collect$$libinit$$00000025)
    __rt_lib_shutdown                        0x0800022b   Thumb Code     0  libshutdown.o(.ARM.Collect$$libshutdown$$00000000)
    __rt_lib_shutdown_fp_trap_1              0x0800022d   Thumb Code     0  libshutdown2.o(.ARM.Collect$$libshutdown$$00000006)
    __rt_lib_shutdown_heap_1                 0x0800022d   Thumb Code     0  libshutdown2.o(.ARM.Collect$$libshutdown$$0000000E)
    __rt_lib_shutdown_return                 0x0800022d   Thumb Code     0  libshutdown2.o(.ARM.Collect$$libshutdown$$0000000F)
    __rt_lib_shutdown_signal_1               0x0800022d   Thumb Code     0  libshutdown2.o(.ARM.Collect$$libshutdown$$00000009)
    __rt_lib_shutdown_stdio_1                0x0800022d   Thumb Code     0  libshutdown2.o(.ARM.Collect$$libshutdown$$00000003)
    __rt_lib_shutdown_user_alloc_1           0x0800022d   Thumb Code     0  libshutdown2.o(.ARM.Collect$$libshutdown$$0000000B)
    __rt_entry                               0x0800022f   Thumb Code     0  __rtentry.o(.ARM.Collect$$rtentry$$00000000)
    __rt_entry_presh_1                       0x0800022f   Thumb Code     0  __rtentry2.o(.ARM.Collect$$rtentry$$00000002)
    __rt_entry_sh                            0x0800022f   Thumb Code     0  __rtentry4.o(.ARM.Collect$$rtentry$$00000004)
    __rt_entry_li                            0x08000235   Thumb Code     0  __rtentry2.o(.ARM.Collect$$rtentry$$0000000A)
    __rt_entry_postsh_1                      0x08000235   Thumb Code     0  __rtentry2.o(.ARM.Collect$$rtentry$$00000009)
    __rt_entry_main                          0x08000239   Thumb Code     0  __rtentry2.o(.ARM.Collect$$rtentry$$0000000D)
    __rt_entry_postli_1                      0x08000239   Thumb Code     0  __rtentry2.o(.ARM.Collect$$rtentry$$0000000C)
    __rt_exit                                0x08000241   Thumb Code     0  rtexit.o(.ARM.Collect$$rtexit$$00000000)
    __rt_exit_ls                             0x08000243   Thumb Code     0  rtexit2.o(.ARM.Collect$$rtexit$$00000003)
    __rt_exit_prels_1                        0x08000243   Thumb Code     0  rtexit2.o(.ARM.Collect$$rtexit$$00000002)
    __rt_exit_exit                           0x08000247   Thumb Code     0  rtexit2.o(.ARM.Collect$$rtexit$$00000004)
    usart1_send_char                         0x0800024d   Thumb Code    28  main.o(.text)
    usart1_niming_report                     0x08000269   Thumb Code   118  main.o(.text)
    mpu6050_send_data                        0x080002df   Thumb Code   110  main.o(.text)
    usart1_report_imu                        0x0800034d   Thumb Code   192  main.o(.text)
    MPU6050_MUST_Init                        0x0800040d   Thumb Code    26  main.o(.text)
    MPU6050_Perform                          0x08000427   Thumb Code     2  main.o(.text)
    main                                     0x08000429   Thumb Code   274  main.o(.text)
    NMI_Handler                              0x0800059d   Thumb Code     2  stm32f4xx_it.o(.text)
    HardFault_Handler                        0x0800059f   Thumb Code     4  stm32f4xx_it.o(.text)
    MemManage_Handler                        0x080005a3   Thumb Code     4  stm32f4xx_it.o(.text)
    BusFault_Handler                         0x080005a7   Thumb Code     4  stm32f4xx_it.o(.text)
    UsageFault_Handler                       0x080005ab   Thumb Code     4  stm32f4xx_it.o(.text)
    SVC_Handler                              0x080005af   Thumb Code     2  stm32f4xx_it.o(.text)
    DebugMon_Handler                         0x080005b1   Thumb Code     2  stm32f4xx_it.o(.text)
    PendSV_Handler                           0x080005b3   Thumb Code     2  stm32f4xx_it.o(.text)
    SysTick_Handler                          0x080005b5   Thumb Code     2  stm32f4xx_it.o(.text)
    SystemInit                               0x08000695   Thumb Code    88  system_stm32f4xx.o(.text)
    SystemCoreClockUpdate                    0x080006ed   Thumb Code   174  system_stm32f4xx.o(.text)
    LED_Init                                 0x080007c9   Thumb Code    60  led.o(.text)
    KEY_Init                                 0x08000809   Thumb Code    60  key.o(.text)
    KEY_Scan                                 0x08000845   Thumb Code   188  key.o(.text)
    IIC_Init                                 0x0800090d   Thumb Code    62  myiic.o(.text)
    IIC_Start                                0x0800094b   Thumb Code    68  myiic.o(.text)
    IIC_Stop                                 0x0800098f   Thumb Code    62  myiic.o(.text)
    IIC_Wait_Ack                             0x080009cd   Thumb Code    82  myiic.o(.text)
    IIC_Ack                                  0x08000a1f   Thumb Code    66  myiic.o(.text)
    IIC_NAck                                 0x08000a61   Thumb Code    66  myiic.o(.text)
    IIC_Send_Byte                            0x08000aa3   Thumb Code    90  myiic.o(.text)
    IIC_Read_Byte                            0x08000afd   Thumb Code    94  myiic.o(.text)
    MPU_Write_Byte                           0x08000b69   Thumb Code    68  mpu6050.o(.text)
    MPU_Set_LPF                              0x08000bad   Thumb Code    58  mpu6050.o(.text)
    MPU_Set_Rate                             0x08000be7   Thumb Code    58  mpu6050.o(.text)
    MPU_Read_Byte                            0x08000c21   Thumb Code    58  mpu6050.o(.text)
    MPU_Set_Accel_Fsr                        0x08000c5b   Thumb Code    16  mpu6050.o(.text)
    MPU_Set_Gyro_Fsr                         0x08000c6b   Thumb Code    16  mpu6050.o(.text)
    MPU_Init                                 0x08000c7b   Thumb Code   122  mpu6050.o(.text)
    MPU_Read_Len                             0x08000cf5   Thumb Code   116  mpu6050.o(.text)
    MPU_Get_Temperature                      0x08000d69   Thumb Code   110  mpu6050.o(.text)
    MPU_Get_Gyroscope                        0x08000dd7   Thumb Code    80  mpu6050.o(.text)
    MPU_Get_Accelerometer                    0x08000e27   Thumb Code    80  mpu6050.o(.text)
    MPU_Write_Len                            0x08000e77   Thumb Code    96  mpu6050.o(.text)
    mpu_reg_dump                             0x08000f77   Thumb Code    84  inv_mpu.o(.text)
    mpu_read_reg                             0x08000fcb   Thumb Code    66  inv_mpu.o(.text)
    mpu_set_int_latched                      0x0800100d   Thumb Code   102  inv_mpu.o(.text)
    mpu_set_sensors                          0x08001073   Thumb Code   202  inv_mpu.o(.text)
    mpu_set_bypass                           0x0800113d   Thumb Code   328  inv_mpu.o(.text)
    mpu_reset_fifo                           0x08001285   Thumb Code   472  inv_mpu.o(.text)
    mpu_configure_fifo                       0x0800145d   Thumb Code   106  inv_mpu.o(.text)
    mpu_set_lpf                              0x080014c7   Thumb Code   126  inv_mpu.o(.text)
    mpu_lp_accel_mode                        0x08001545   Thumb Code   218  inv_mpu.o(.text)
    mpu_set_sample_rate                      0x0800161f   Thumb Code   152  inv_mpu.o(.text)
    mpu_set_accel_fsr                        0x080016b7   Thumb Code   132  inv_mpu.o(.text)
    mpu_set_gyro_fsr                         0x0800173b   Thumb Code   132  inv_mpu.o(.text)
    mpu_init                                 0x080017bf   Thumb Code   416  inv_mpu.o(.text)
    mget_ms                                  0x0800195f   Thumb Code     2  inv_mpu.o(.text)
    mpu_get_gyro_reg                         0x08001961   Thumb Code   110  inv_mpu.o(.text)
    mpu_get_accel_reg                        0x080019cf   Thumb Code   110  inv_mpu.o(.text)
    mpu_get_temperature                      0x08001a3d   Thumb Code   142  inv_mpu.o(.text)
    mpu_set_accel_bias                       0x08001acb   Thumb Code   472  inv_mpu.o(.text)
    mpu_get_gyro_fsr                         0x08001ca3   Thumb Code    64  inv_mpu.o(.text)
    mpu_get_accel_fsr                        0x08001ce3   Thumb Code    72  inv_mpu.o(.text)
    mpu_get_lpf                              0x08001d2b   Thumb Code    74  inv_mpu.o(.text)
    mpu_get_sample_rate                      0x08001d75   Thumb Code    26  inv_mpu.o(.text)
    mpu_get_compass_sample_rate              0x08001d8f   Thumb Code    10  inv_mpu.o(.text)
    mpu_set_compass_sample_rate              0x08001d99   Thumb Code     8  inv_mpu.o(.text)
    mpu_get_gyro_sens                        0x08001da1   Thumb Code    74  inv_mpu.o(.text)
    mpu_get_accel_sens                       0x08001deb   Thumb Code    78  inv_mpu.o(.text)
    mpu_get_fifo_config                      0x08001e39   Thumb Code    12  inv_mpu.o(.text)
    mpu_get_power_state                      0x08001e45   Thumb Code    22  inv_mpu.o(.text)
    mpu_get_int_status                       0x08001e5b   Thumb Code    64  inv_mpu.o(.text)
    mpu_read_fifo                            0x08001e9b   Thumb Code   520  inv_mpu.o(.text)
    mpu_read_fifo_stream                     0x080020a3   Thumb Code   186  inv_mpu.o(.text)
    mpu_set_int_level                        0x0800215d   Thumb Code    12  inv_mpu.o(.text)
    mpu_set_dmp_state                        0x0800286d   Thumb Code   138  inv_mpu.o(.text)
    mpu_run_self_test                        0x080028f7   Thumb Code   278  inv_mpu.o(.text)
    mpu_write_mem                            0x08002a0d   Thumb Code   122  inv_mpu.o(.text)
    mpu_read_mem                             0x08002a87   Thumb Code   122  inv_mpu.o(.text)
    mpu_load_firmware                        0x08002b01   Thumb Code   190  inv_mpu.o(.text)
    mpu_get_dmp_state                        0x08002bbf   Thumb Code    14  inv_mpu.o(.text)
    setup_compass                            0x08002bcd   Thumb Code     6  inv_mpu.o(.text)
    mpu_get_compass_reg                      0x08002bd3   Thumb Code     8  inv_mpu.o(.text)
    mpu_get_compass_fsr                      0x08002bdb   Thumb Code     8  inv_mpu.o(.text)
    mpu_lp_motion_interrupt                  0x08002be3   Thumb Code   512  inv_mpu.o(.text)
    run_self_test                            0x08002de3   Thumb Code   154  inv_mpu.o(.text)
    inv_row_2_scale                          0x08002e7d   Thumb Code    78  inv_mpu.o(.text)
    inv_orientation_matrix_to_scalar         0x08002ecb   Thumb Code    40  inv_mpu.o(.text)
    mpu_dmp_init                             0x08002ef3   Thumb Code   160  inv_mpu.o(.text)
    mpu_dmp_get_data                         0x08002f93   Thumb Code   520  inv_mpu.o(.text)
    dmp_load_motion_driver_firmware          0x080031ad   Thumb Code    20  inv_mpu_dmp_motion_driver.o(.text)
    dmp_set_orientation                      0x080031c1   Thumb Code   290  inv_mpu_dmp_motion_driver.o(.text)
    dmp_set_gyro_bias                        0x080032e3   Thumb Code   294  inv_mpu_dmp_motion_driver.o(.text)
    dmp_set_accel_bias                       0x08003409   Thumb Code   300  inv_mpu_dmp_motion_driver.o(.text)
    dmp_set_fifo_rate                        0x08003535   Thumb Code   136  inv_mpu_dmp_motion_driver.o(.text)
    dmp_get_fifo_rate                        0x080035bd   Thumb Code    12  inv_mpu_dmp_motion_driver.o(.text)
    dmp_set_tap_thresh                       0x080035c9   Thumb Code   412  inv_mpu_dmp_motion_driver.o(.text)
    dmp_set_tap_axes                         0x08003765   Thumb Code    70  inv_mpu_dmp_motion_driver.o(.text)
    dmp_set_tap_count                        0x080037ab   Thumb Code    38  inv_mpu_dmp_motion_driver.o(.text)
    dmp_set_tap_time                         0x080037d1   Thumb Code    38  inv_mpu_dmp_motion_driver.o(.text)
    dmp_set_tap_time_multi                   0x080037f7   Thumb Code    38  inv_mpu_dmp_motion_driver.o(.text)
    dmp_set_shake_reject_thresh              0x0800381d   Thumb Code    56  inv_mpu_dmp_motion_driver.o(.text)
    dmp_set_shake_reject_time                0x08003855   Thumb Code    38  inv_mpu_dmp_motion_driver.o(.text)
    dmp_set_shake_reject_timeout             0x0800387b   Thumb Code    38  inv_mpu_dmp_motion_driver.o(.text)
    dmp_get_pedometer_step_count             0x080038a1   Thumb Code    66  inv_mpu_dmp_motion_driver.o(.text)
    dmp_set_pedometer_step_count             0x080038e3   Thumb Code    42  inv_mpu_dmp_motion_driver.o(.text)
    dmp_get_pedometer_walk_time              0x0800390d   Thumb Code    72  inv_mpu_dmp_motion_driver.o(.text)
    dmp_set_pedometer_walk_time              0x08003955   Thumb Code    48  inv_mpu_dmp_motion_driver.o(.text)
    dmp_enable_6x_lp_quat                    0x08003985   Thumb Code   100  inv_mpu_dmp_motion_driver.o(.text)
    dmp_enable_lp_quat                       0x080039e9   Thumb Code    60  inv_mpu_dmp_motion_driver.o(.text)
    dmp_enable_gyro_cal                      0x08003a25   Thumb Code    62  inv_mpu_dmp_motion_driver.o(.text)
    dmp_enable_feature                       0x08003a63   Thumb Code   530  inv_mpu_dmp_motion_driver.o(.text)
    dmp_get_enabled_features                 0x08003c75   Thumb Code    12  inv_mpu_dmp_motion_driver.o(.text)
    dmp_set_interrupt_mode                   0x08003cdf   Thumb Code    66  inv_mpu_dmp_motion_driver.o(.text)
    dmp_read_fifo                            0x08003d21   Thumb Code   514  inv_mpu_dmp_motion_driver.o(.text)
    dmp_register_tap_cb                      0x08003f23   Thumb Code    10  inv_mpu_dmp_motion_driver.o(.text)
    dmp_register_android_orient_cb           0x08003f2d   Thumb Code    10  inv_mpu_dmp_motion_driver.o(.text)
    Adc_Init                                 0x08003f3d   Thumb Code   124  adc.o(.text)
    Get_Adc                                  0x08003fb9   Thumb Code    44  adc.o(.text)
    Get_Adc_Average                          0x08003fe5   Thumb Code    46  adc.o(.text)
    Dac1_Init                                0x0800401d   Thumb Code    84  dac.o(.text)
    Dac1_Set_Vol                             0x08004071   Thumb Code    98  dac.o(.text)
    delay_init                               0x080040f1   Thumb Code    52  delay.o(.text)
    delay_us                                 0x08004125   Thumb Code    72  delay.o(.text)
    delay_xms                                0x0800416d   Thumb Code    72  delay.o(.text)
    delay_ms                                 0x080041b5   Thumb Code    56  delay.o(.text)
    _sys_exit                                0x080041f5   Thumb Code     6  usart.o(.text)
    fputc                                    0x080041fb   Thumb Code    22  usart.o(.text)
    uart_init                                0x08004211   Thumb Code   164  usart.o(.text)
    USART1_IRQHandler                        0x080042b5   Thumb Code   122  usart.o(.text)
    Reset_Handler                            0x08004341   Thumb Code     8  startup_stm32f40_41xxx.o(.text)
    ADC_IRQHandler                           0x0800435b   Thumb Code     0  startup_stm32f40_41xxx.o(.text)
    CAN1_RX0_IRQHandler                      0x0800435b   Thumb Code     0  startup_stm32f40_41xxx.o(.text)
    CAN1_RX1_IRQHandler                      0x0800435b   Thumb Code     0  startup_stm32f40_41xxx.o(.text)
    CAN1_SCE_IRQHandler                      0x0800435b   Thumb Code     0  startup_stm32f40_41xxx.o(.text)
    CAN1_TX_IRQHandler                       0x0800435b   Thumb Code     0  startup_stm32f40_41xxx.o(.text)
    CAN2_RX0_IRQHandler                      0x0800435b   Thumb Code     0  startup_stm32f40_41xxx.o(.text)
    CAN2_RX1_IRQHandler                      0x0800435b   Thumb Code     0  startup_stm32f40_41xxx.o(.text)
    CAN2_SCE_IRQHandler                      0x0800435b   Thumb Code     0  startup_stm32f40_41xxx.o(.text)
    CAN2_TX_IRQHandler                       0x0800435b   Thumb Code     0  startup_stm32f40_41xxx.o(.text)
    CRYP_IRQHandler                          0x0800435b   Thumb Code     0  startup_stm32f40_41xxx.o(.text)
    DCMI_IRQHandler                          0x0800435b   Thumb Code     0  startup_stm32f40_41xxx.o(.text)
    DMA1_Stream0_IRQHandler                  0x0800435b   Thumb Code     0  startup_stm32f40_41xxx.o(.text)
    DMA1_Stream1_IRQHandler                  0x0800435b   Thumb Code     0  startup_stm32f40_41xxx.o(.text)
    DMA1_Stream2_IRQHandler                  0x0800435b   Thumb Code     0  startup_stm32f40_41xxx.o(.text)
    DMA1_Stream3_IRQHandler                  0x0800435b   Thumb Code     0  startup_stm32f40_41xxx.o(.text)
    DMA1_Stream4_IRQHandler                  0x0800435b   Thumb Code     0  startup_stm32f40_41xxx.o(.text)
    DMA1_Stream5_IRQHandler                  0x0800435b   Thumb Code     0  startup_stm32f40_41xxx.o(.text)
    DMA1_Stream6_IRQHandler                  0x0800435b   Thumb Code     0  startup_stm32f40_41xxx.o(.text)
    DMA1_Stream7_IRQHandler                  0x0800435b   Thumb Code     0  startup_stm32f40_41xxx.o(.text)
    DMA2_Stream0_IRQHandler                  0x0800435b   Thumb Code     0  startup_stm32f40_41xxx.o(.text)
    DMA2_Stream1_IRQHandler                  0x0800435b   Thumb Code     0  startup_stm32f40_41xxx.o(.text)
    DMA2_Stream2_IRQHandler                  0x0800435b   Thumb Code     0  startup_stm32f40_41xxx.o(.text)
    DMA2_Stream3_IRQHandler                  0x0800435b   Thumb Code     0  startup_stm32f40_41xxx.o(.text)
    DMA2_Stream4_IRQHandler                  0x0800435b   Thumb Code     0  startup_stm32f40_41xxx.o(.text)
    DMA2_Stream5_IRQHandler                  0x0800435b   Thumb Code     0  startup_stm32f40_41xxx.o(.text)
    DMA2_Stream6_IRQHandler                  0x0800435b   Thumb Code     0  startup_stm32f40_41xxx.o(.text)
    DMA2_Stream7_IRQHandler                  0x0800435b   Thumb Code     0  startup_stm32f40_41xxx.o(.text)
    ETH_IRQHandler                           0x0800435b   Thumb Code     0  startup_stm32f40_41xxx.o(.text)
    ETH_WKUP_IRQHandler                      0x0800435b   Thumb Code     0  startup_stm32f40_41xxx.o(.text)
    EXTI0_IRQHandler                         0x0800435b   Thumb Code     0  startup_stm32f40_41xxx.o(.text)
    EXTI15_10_IRQHandler                     0x0800435b   Thumb Code     0  startup_stm32f40_41xxx.o(.text)
    EXTI1_IRQHandler                         0x0800435b   Thumb Code     0  startup_stm32f40_41xxx.o(.text)
    EXTI2_IRQHandler                         0x0800435b   Thumb Code     0  startup_stm32f40_41xxx.o(.text)
    EXTI3_IRQHandler                         0x0800435b   Thumb Code     0  startup_stm32f40_41xxx.o(.text)
    EXTI4_IRQHandler                         0x0800435b   Thumb Code     0  startup_stm32f40_41xxx.o(.text)
    EXTI9_5_IRQHandler                       0x0800435b   Thumb Code     0  startup_stm32f40_41xxx.o(.text)
    FLASH_IRQHandler                         0x0800435b   Thumb Code     0  startup_stm32f40_41xxx.o(.text)
    FPU_IRQHandler                           0x0800435b   Thumb Code     0  startup_stm32f40_41xxx.o(.text)
    FSMC_IRQHandler                          0x0800435b   Thumb Code     0  startup_stm32f40_41xxx.o(.text)
    HASH_RNG_IRQHandler                      0x0800435b   Thumb Code     0  startup_stm32f40_41xxx.o(.text)
    I2C1_ER_IRQHandler                       0x0800435b   Thumb Code     0  startup_stm32f40_41xxx.o(.text)
    I2C1_EV_IRQHandler                       0x0800435b   Thumb Code     0  startup_stm32f40_41xxx.o(.text)
    I2C2_ER_IRQHandler                       0x0800435b   Thumb Code     0  startup_stm32f40_41xxx.o(.text)
    I2C2_EV_IRQHandler                       0x0800435b   Thumb Code     0  startup_stm32f40_41xxx.o(.text)
    I2C3_ER_IRQHandler                       0x0800435b   Thumb Code     0  startup_stm32f40_41xxx.o(.text)
    I2C3_EV_IRQHandler                       0x0800435b   Thumb Code     0  startup_stm32f40_41xxx.o(.text)
    OTG_FS_IRQHandler                        0x0800435b   Thumb Code     0  startup_stm32f40_41xxx.o(.text)
    OTG_FS_WKUP_IRQHandler                   0x0800435b   Thumb Code     0  startup_stm32f40_41xxx.o(.text)
    OTG_HS_EP1_IN_IRQHandler                 0x0800435b   Thumb Code     0  startup_stm32f40_41xxx.o(.text)
    OTG_HS_EP1_OUT_IRQHandler                0x0800435b   Thumb Code     0  startup_stm32f40_41xxx.o(.text)
    OTG_HS_IRQHandler                        0x0800435b   Thumb Code     0  startup_stm32f40_41xxx.o(.text)
    OTG_HS_WKUP_IRQHandler                   0x0800435b   Thumb Code     0  startup_stm32f40_41xxx.o(.text)
    PVD_IRQHandler                           0x0800435b   Thumb Code     0  startup_stm32f40_41xxx.o(.text)
    RCC_IRQHandler                           0x0800435b   Thumb Code     0  startup_stm32f40_41xxx.o(.text)
    RTC_Alarm_IRQHandler                     0x0800435b   Thumb Code     0  startup_stm32f40_41xxx.o(.text)
    RTC_WKUP_IRQHandler                      0x0800435b   Thumb Code     0  startup_stm32f40_41xxx.o(.text)
    SDIO_IRQHandler                          0x0800435b   Thumb Code     0  startup_stm32f40_41xxx.o(.text)
    SPI1_IRQHandler                          0x0800435b   Thumb Code     0  startup_stm32f40_41xxx.o(.text)
    SPI2_IRQHandler                          0x0800435b   Thumb Code     0  startup_stm32f40_41xxx.o(.text)
    SPI3_IRQHandler                          0x0800435b   Thumb Code     0  startup_stm32f40_41xxx.o(.text)
    TAMP_STAMP_IRQHandler                    0x0800435b   Thumb Code     0  startup_stm32f40_41xxx.o(.text)
    TIM1_BRK_TIM9_IRQHandler                 0x0800435b   Thumb Code     0  startup_stm32f40_41xxx.o(.text)
    TIM1_CC_IRQHandler                       0x0800435b   Thumb Code     0  startup_stm32f40_41xxx.o(.text)
    TIM1_TRG_COM_TIM11_IRQHandler            0x0800435b   Thumb Code     0  startup_stm32f40_41xxx.o(.text)
    TIM1_UP_TIM10_IRQHandler                 0x0800435b   Thumb Code     0  startup_stm32f40_41xxx.o(.text)
    TIM2_IRQHandler                          0x0800435b   Thumb Code     0  startup_stm32f40_41xxx.o(.text)
    TIM3_IRQHandler                          0x0800435b   Thumb Code     0  startup_stm32f40_41xxx.o(.text)
    TIM4_IRQHandler                          0x0800435b   Thumb Code     0  startup_stm32f40_41xxx.o(.text)
    TIM5_IRQHandler                          0x0800435b   Thumb Code     0  startup_stm32f40_41xxx.o(.text)
    TIM6_DAC_IRQHandler                      0x0800435b   Thumb Code     0  startup_stm32f40_41xxx.o(.text)
    TIM7_IRQHandler                          0x0800435b   Thumb Code     0  startup_stm32f40_41xxx.o(.text)
    TIM8_BRK_TIM12_IRQHandler                0x0800435b   Thumb Code     0  startup_stm32f40_41xxx.o(.text)
    TIM8_CC_IRQHandler                       0x0800435b   Thumb Code     0  startup_stm32f40_41xxx.o(.text)
    TIM8_TRG_COM_TIM14_IRQHandler            0x0800435b   Thumb Code     0  startup_stm32f40_41xxx.o(.text)
    TIM8_UP_TIM13_IRQHandler                 0x0800435b   Thumb Code     0  startup_stm32f40_41xxx.o(.text)
    UART4_IRQHandler                         0x0800435b   Thumb Code     0  startup_stm32f40_41xxx.o(.text)
    UART5_IRQHandler                         0x0800435b   Thumb Code     0  startup_stm32f40_41xxx.o(.text)
    USART2_IRQHandler                        0x0800435b   Thumb Code     0  startup_stm32f40_41xxx.o(.text)
    USART3_IRQHandler                        0x0800435b   Thumb Code     0  startup_stm32f40_41xxx.o(.text)
    USART6_IRQHandler                        0x0800435b   Thumb Code     0  startup_stm32f40_41xxx.o(.text)
    WWDG_IRQHandler                          0x0800435b   Thumb Code     0  startup_stm32f40_41xxx.o(.text)
    __user_initial_stackheap                 0x0800435d   Thumb Code     0  startup_stm32f40_41xxx.o(.text)
    NVIC_PriorityGroupConfig                 0x08004381   Thumb Code    10  misc.o(.text)
    NVIC_Init                                0x0800438b   Thumb Code   106  misc.o(.text)
    NVIC_SetVectorTable                      0x080043f5   Thumb Code    14  misc.o(.text)
    NVIC_SystemLPConfig                      0x08004403   Thumb Code    34  misc.o(.text)
    SysTick_CLKSourceConfig                  0x08004425   Thumb Code    40  misc.o(.text)
    GPIO_DeInit                              0x08004461   Thumb Code   268  stm32f4xx_gpio.o(.text)
    GPIO_Init                                0x0800456d   Thumb Code   144  stm32f4xx_gpio.o(.text)
    GPIO_StructInit                          0x080045fd   Thumb Code    18  stm32f4xx_gpio.o(.text)
    GPIO_PinLockConfig                       0x0800460f   Thumb Code    34  stm32f4xx_gpio.o(.text)
    GPIO_ReadInputDataBit                    0x08004631   Thumb Code    18  stm32f4xx_gpio.o(.text)
    GPIO_ReadInputData                       0x08004643   Thumb Code     8  stm32f4xx_gpio.o(.text)
    GPIO_ReadOutputDataBit                   0x0800464b   Thumb Code    18  stm32f4xx_gpio.o(.text)
    GPIO_ReadOutputData                      0x0800465d   Thumb Code     8  stm32f4xx_gpio.o(.text)
    GPIO_SetBits                             0x08004665   Thumb Code     4  stm32f4xx_gpio.o(.text)
    GPIO_ResetBits                           0x08004669   Thumb Code     4  stm32f4xx_gpio.o(.text)
    GPIO_WriteBit                            0x0800466d   Thumb Code    10  stm32f4xx_gpio.o(.text)
    GPIO_Write                               0x08004677   Thumb Code     4  stm32f4xx_gpio.o(.text)
    GPIO_ToggleBits                          0x0800467b   Thumb Code     8  stm32f4xx_gpio.o(.text)
    GPIO_PinAFConfig                         0x08004683   Thumb Code    70  stm32f4xx_gpio.o(.text)
    RCC_DeInit                               0x080046f5   Thumb Code    82  stm32f4xx_rcc.o(.text)
    RCC_HSEConfig                            0x08004747   Thumb Code    14  stm32f4xx_rcc.o(.text)
    RCC_GetFlagStatus                        0x08004755   Thumb Code    60  stm32f4xx_rcc.o(.text)
    RCC_WaitForHSEStartUp                    0x08004791   Thumb Code    56  stm32f4xx_rcc.o(.text)
    RCC_AdjustHSICalibrationValue            0x080047c9   Thumb Code    20  stm32f4xx_rcc.o(.text)
    RCC_HSICmd                               0x080047dd   Thumb Code     6  stm32f4xx_rcc.o(.text)
    RCC_LSEConfig                            0x080047e3   Thumb Code    46  stm32f4xx_rcc.o(.text)
    RCC_LSICmd                               0x08004811   Thumb Code     6  stm32f4xx_rcc.o(.text)
    RCC_PLLConfig                            0x08004817   Thumb Code    32  stm32f4xx_rcc.o(.text)
    RCC_PLLCmd                               0x08004837   Thumb Code     6  stm32f4xx_rcc.o(.text)
    RCC_PLLI2SConfig                         0x0800483d   Thumb Code    14  stm32f4xx_rcc.o(.text)
    RCC_PLLI2SCmd                            0x0800484b   Thumb Code     6  stm32f4xx_rcc.o(.text)
    RCC_PLLSAIConfig                         0x08004851   Thumb Code    20  stm32f4xx_rcc.o(.text)
    RCC_PLLSAICmd                            0x08004865   Thumb Code     6  stm32f4xx_rcc.o(.text)
    RCC_ClockSecuritySystemCmd               0x0800486b   Thumb Code     6  stm32f4xx_rcc.o(.text)
    RCC_MCO1Config                           0x08004871   Thumb Code    28  stm32f4xx_rcc.o(.text)
    RCC_MCO2Config                           0x0800488d   Thumb Code    28  stm32f4xx_rcc.o(.text)
    RCC_SYSCLKConfig                         0x080048a9   Thumb Code    20  stm32f4xx_rcc.o(.text)
    RCC_GetSYSCLKSource                      0x080048bd   Thumb Code    12  stm32f4xx_rcc.o(.text)
    RCC_HCLKConfig                           0x080048c9   Thumb Code    20  stm32f4xx_rcc.o(.text)
    RCC_PCLK1Config                          0x080048dd   Thumb Code    20  stm32f4xx_rcc.o(.text)
    RCC_PCLK2Config                          0x080048f1   Thumb Code    22  stm32f4xx_rcc.o(.text)
    RCC_GetClocksFreq                        0x08004907   Thumb Code   222  stm32f4xx_rcc.o(.text)
    RCC_RTCCLKConfig                         0x080049e5   Thumb Code    54  stm32f4xx_rcc.o(.text)
    RCC_RTCCLKCmd                            0x08004a1b   Thumb Code     8  stm32f4xx_rcc.o(.text)
    RCC_BackupResetCmd                       0x08004a23   Thumb Code     8  stm32f4xx_rcc.o(.text)
    RCC_I2SCLKConfig                         0x08004a2b   Thumb Code     6  stm32f4xx_rcc.o(.text)
    RCC_SAIPLLI2SClkDivConfig                0x08004a31   Thumb Code    26  stm32f4xx_rcc.o(.text)
    RCC_SAIPLLSAIClkDivConfig                0x08004a4b   Thumb Code    28  stm32f4xx_rcc.o(.text)
    RCC_SAIBlockACLKConfig                   0x08004a67   Thumb Code    20  stm32f4xx_rcc.o(.text)
    RCC_SAIBlockBCLKConfig                   0x08004a7b   Thumb Code    20  stm32f4xx_rcc.o(.text)
    RCC_LTDCCLKDivConfig                     0x08004a8f   Thumb Code    20  stm32f4xx_rcc.o(.text)
    RCC_TIMCLKPresConfig                     0x08004aa3   Thumb Code     6  stm32f4xx_rcc.o(.text)
    RCC_AHB1PeriphClockCmd                   0x08004aa9   Thumb Code    34  stm32f4xx_rcc.o(.text)
    RCC_AHB2PeriphClockCmd                   0x08004acb   Thumb Code    78  stm32f4xx_rcc.o(.text)
    RCC_AHB3PeriphClockCmd                   0x08004b19   Thumb Code    34  stm32f4xx_rcc.o(.text)
    RCC_APB1PeriphClockCmd                   0x08004b3b   Thumb Code    34  stm32f4xx_rcc.o(.text)
    RCC_APB2PeriphClockCmd                   0x08004b5d   Thumb Code    34  stm32f4xx_rcc.o(.text)
    RCC_AHB1PeriphResetCmd                   0x08004b7f   Thumb Code    34  stm32f4xx_rcc.o(.text)
    RCC_AHB2PeriphResetCmd                   0x08004ba1   Thumb Code    34  stm32f4xx_rcc.o(.text)
    RCC_AHB3PeriphResetCmd                   0x08004bc3   Thumb Code    34  stm32f4xx_rcc.o(.text)
    RCC_APB1PeriphResetCmd                   0x08004be5   Thumb Code    34  stm32f4xx_rcc.o(.text)
    RCC_APB2PeriphResetCmd                   0x08004c07   Thumb Code    34  stm32f4xx_rcc.o(.text)
    RCC_AHB1PeriphClockLPModeCmd             0x08004c29   Thumb Code    34  stm32f4xx_rcc.o(.text)
    RCC_AHB2PeriphClockLPModeCmd             0x08004c4b   Thumb Code    34  stm32f4xx_rcc.o(.text)
    RCC_AHB3PeriphClockLPModeCmd             0x08004c6d   Thumb Code    34  stm32f4xx_rcc.o(.text)
    RCC_APB1PeriphClockLPModeCmd             0x08004c8f   Thumb Code    34  stm32f4xx_rcc.o(.text)
    RCC_APB2PeriphClockLPModeCmd             0x08004cb1   Thumb Code    34  stm32f4xx_rcc.o(.text)
    RCC_LSEModeConfig                        0x08004cd3   Thumb Code    40  stm32f4xx_rcc.o(.text)
    RCC_ITConfig                             0x08004cfb   Thumb Code    34  stm32f4xx_rcc.o(.text)
    RCC_ClearFlag                            0x08004d1d   Thumb Code    18  stm32f4xx_rcc.o(.text)
    RCC_GetITStatus                          0x08004d2f   Thumb Code    22  stm32f4xx_rcc.o(.text)
    RCC_ClearITPendingBit                    0x08004d45   Thumb Code     8  stm32f4xx_rcc.o(.text)
    USART_DeInit                             0x08004d51   Thumb Code   206  stm32f4xx_usart.o(.text)
    USART_Init                               0x08004e1f   Thumb Code   204  stm32f4xx_usart.o(.text)
    USART_StructInit                         0x08004eeb   Thumb Code    24  stm32f4xx_usart.o(.text)
    USART_ClockInit                          0x08004f03   Thumb Code    32  stm32f4xx_usart.o(.text)
    USART_ClockStructInit                    0x08004f23   Thumb Code    12  stm32f4xx_usart.o(.text)
    USART_Cmd                                0x08004f2f   Thumb Code    24  stm32f4xx_usart.o(.text)
    USART_SetPrescaler                       0x08004f47   Thumb Code    16  stm32f4xx_usart.o(.text)
    USART_OverSampling8Cmd                   0x08004f57   Thumb Code    22  stm32f4xx_usart.o(.text)
    USART_OneBitMethodCmd                    0x08004f6d   Thumb Code    24  stm32f4xx_usart.o(.text)
    USART_SendData                           0x08004f85   Thumb Code     8  stm32f4xx_usart.o(.text)
    USART_ReceiveData                        0x08004f8d   Thumb Code    10  stm32f4xx_usart.o(.text)
    USART_SetAddress                         0x08004f97   Thumb Code    18  stm32f4xx_usart.o(.text)
    USART_ReceiverWakeUpCmd                  0x08004fa9   Thumb Code    24  stm32f4xx_usart.o(.text)
    USART_WakeUpConfig                       0x08004fc1   Thumb Code    18  stm32f4xx_usart.o(.text)
    USART_LINBreakDetectLengthConfig         0x08004fd3   Thumb Code    18  stm32f4xx_usart.o(.text)
    USART_LINCmd                             0x08004fe5   Thumb Code    24  stm32f4xx_usart.o(.text)
    USART_SendBreak                          0x08004ffd   Thumb Code    10  stm32f4xx_usart.o(.text)
    USART_HalfDuplexCmd                      0x08005007   Thumb Code    24  stm32f4xx_usart.o(.text)
    USART_SetGuardTime                       0x0800501f   Thumb Code    16  stm32f4xx_usart.o(.text)
    USART_SmartCardCmd                       0x0800502f   Thumb Code    24  stm32f4xx_usart.o(.text)
    USART_SmartCardNACKCmd                   0x08005047   Thumb Code    24  stm32f4xx_usart.o(.text)
    USART_IrDAConfig                         0x0800505f   Thumb Code    18  stm32f4xx_usart.o(.text)
    USART_IrDACmd                            0x08005071   Thumb Code    24  stm32f4xx_usart.o(.text)
    USART_DMACmd                             0x08005089   Thumb Code    18  stm32f4xx_usart.o(.text)
    USART_ITConfig                           0x0800509b   Thumb Code    74  stm32f4xx_usart.o(.text)
    USART_GetFlagStatus                      0x080050e5   Thumb Code    26  stm32f4xx_usart.o(.text)
    USART_ClearFlag                          0x080050ff   Thumb Code    18  stm32f4xx_usart.o(.text)
    USART_GetITStatus                        0x08005111   Thumb Code   118  stm32f4xx_usart.o(.text)
    USART_ClearITPendingBit                  0x08005187   Thumb Code    30  stm32f4xx_usart.o(.text)
    ADC_DeInit                               0x080051a5   Thumb Code    22  stm32f4xx_adc.o(.text)
    ADC_Init                                 0x080051bb   Thumb Code    74  stm32f4xx_adc.o(.text)
    ADC_StructInit                           0x08005205   Thumb Code    20  stm32f4xx_adc.o(.text)
    ADC_CommonInit                           0x08005219   Thumb Code    34  stm32f4xx_adc.o(.text)
    ADC_CommonStructInit                     0x0800523b   Thumb Code    12  stm32f4xx_adc.o(.text)
    ADC_Cmd                                  0x08005247   Thumb Code    22  stm32f4xx_adc.o(.text)
    ADC_AnalogWatchdogCmd                    0x0800525d   Thumb Code    16  stm32f4xx_adc.o(.text)
    ADC_AnalogWatchdogThresholdsConfig       0x0800526d   Thumb Code     6  stm32f4xx_adc.o(.text)
    ADC_AnalogWatchdogSingleChannelConfig    0x08005273   Thumb Code    16  stm32f4xx_adc.o(.text)
    ADC_TempSensorVrefintCmd                 0x08005283   Thumb Code    34  stm32f4xx_adc.o(.text)
    ADC_VBATCmd                              0x080052a5   Thumb Code    34  stm32f4xx_adc.o(.text)
    ADC_RegularChannelConfig                 0x080052c7   Thumb Code   184  stm32f4xx_adc.o(.text)
    ADC_SoftwareStartConv                    0x0800537f   Thumb Code    10  stm32f4xx_adc.o(.text)
    ADC_GetSoftwareStartConvStatus           0x08005389   Thumb Code    20  stm32f4xx_adc.o(.text)
    ADC_EOCOnEachRegularChannelCmd           0x0800539d   Thumb Code    22  stm32f4xx_adc.o(.text)
    ADC_ContinuousModeCmd                    0x080053b3   Thumb Code    22  stm32f4xx_adc.o(.text)
    ADC_DiscModeChannelCountConfig           0x080053c9   Thumb Code    24  stm32f4xx_adc.o(.text)
    ADC_DiscModeCmd                          0x080053e1   Thumb Code    22  stm32f4xx_adc.o(.text)
    ADC_GetConversionValue                   0x080053f7   Thumb Code     8  stm32f4xx_adc.o(.text)
    ADC_GetMultiModeConversionValue          0x080053ff   Thumb Code     8  stm32f4xx_adc.o(.text)
    ADC_DMACmd                               0x08005407   Thumb Code    22  stm32f4xx_adc.o(.text)
    ADC_DMARequestAfterLastTransferCmd       0x0800541d   Thumb Code    22  stm32f4xx_adc.o(.text)
    ADC_MultiModeDMARequestAfterLastTransferCmd 0x08005433   Thumb Code    34  stm32f4xx_adc.o(.text)
    ADC_InjectedChannelConfig                0x08005455   Thumb Code   130  stm32f4xx_adc.o(.text)
    ADC_InjectedSequencerLengthConfig        0x080054d7   Thumb Code    24  stm32f4xx_adc.o(.text)
    ADC_SetInjectedOffset                    0x080054ef   Thumb Code    20  stm32f4xx_adc.o(.text)
    ADC_ExternalTrigInjectedConvConfig       0x08005503   Thumb Code    16  stm32f4xx_adc.o(.text)
    ADC_ExternalTrigInjectedConvEdgeConfig   0x08005513   Thumb Code    16  stm32f4xx_adc.o(.text)
    ADC_SoftwareStartInjectedConv            0x08005523   Thumb Code    10  stm32f4xx_adc.o(.text)
    ADC_GetSoftwareStartInjectedConvCmdStatus 0x0800552d   Thumb Code    20  stm32f4xx_adc.o(.text)
    ADC_AutoInjectedConvCmd                  0x08005541   Thumb Code    22  stm32f4xx_adc.o(.text)
    ADC_InjectedDiscModeCmd                  0x08005557   Thumb Code    22  stm32f4xx_adc.o(.text)
    ADC_GetInjectedConversionValue           0x0800556d   Thumb Code    28  stm32f4xx_adc.o(.text)
    ADC_ITConfig                             0x08005589   Thumb Code    56  stm32f4xx_adc.o(.text)
    ADC_GetFlagStatus                        0x080055c1   Thumb Code    18  stm32f4xx_adc.o(.text)
    ADC_ClearFlag                            0x080055d3   Thumb Code     6  stm32f4xx_adc.o(.text)
    ADC_GetITStatus                          0x080055d9   Thumb Code    38  stm32f4xx_adc.o(.text)
    ADC_ClearITPendingBit                    0x080055ff   Thumb Code    10  stm32f4xx_adc.o(.text)
    DAC_DeInit                               0x08005609   Thumb Code    22  stm32f4xx_dac.o(.text)
    DAC_Init                                 0x0800561f   Thumb Code    46  stm32f4xx_dac.o(.text)
    DAC_StructInit                           0x0800564d   Thumb Code    12  stm32f4xx_dac.o(.text)
    DAC_Cmd                                  0x08005659   Thumb Code    34  stm32f4xx_dac.o(.text)
    DAC_SoftwareTriggerCmd                   0x0800567b   Thumb Code    48  stm32f4xx_dac.o(.text)
    DAC_DualSoftwareTriggerCmd               0x080056ab   Thumb Code    38  stm32f4xx_dac.o(.text)
    DAC_WaveGenerationCmd                    0x080056d1   Thumb Code    36  stm32f4xx_dac.o(.text)
    DAC_SetChannel1Data                      0x080056f5   Thumb Code    26  stm32f4xx_dac.o(.text)
    DAC_SetChannel2Data                      0x0800570f   Thumb Code    26  stm32f4xx_dac.o(.text)
    DAC_SetDualChannelData                   0x08005729   Thumb Code    32  stm32f4xx_dac.o(.text)
    DAC_GetDataOutputValue                   0x08005749   Thumb Code    32  stm32f4xx_dac.o(.text)
    DAC_DMACmd                               0x08005769   Thumb Code    38  stm32f4xx_dac.o(.text)
    DAC_ITConfig                             0x0800578f   Thumb Code    36  stm32f4xx_dac.o(.text)
    DAC_GetFlagStatus                        0x080057b3   Thumb Code    28  stm32f4xx_dac.o(.text)
    DAC_ClearFlag                            0x080057cf   Thumb Code    12  stm32f4xx_dac.o(.text)
    DAC_GetITStatus                          0x080057db   Thumb Code    44  stm32f4xx_dac.o(.text)
    DAC_ClearITPendingBit                    0x08005807   Thumb Code    12  stm32f4xx_dac.o(.text)
    __use_no_semihosting                     0x08005819   Thumb Code     2  use_no_semi_2.o(.text)
    __aeabi_ldivmod                          0x0800581b   Thumb Code     0  llsdiv.o(.text)
    _ll_sdiv                                 0x0800581b   Thumb Code    72  llsdiv.o(.text)
    __2printf                                0x08005865   Thumb Code    20  noretval__2printf.o(.text)
    _printf_pre_padding                      0x0800587d   Thumb Code    44  _printf_pad.o(.text)
    _printf_post_padding                     0x080058a9   Thumb Code    34  _printf_pad.o(.text)
    _printf_int_dec                          0x080058cd   Thumb Code   104  _printf_dec.o(.text)
    _printf_int_hex                          0x08005945   Thumb Code    84  _printf_hex_int.o(.text)
    _printf_longlong_hex                     0x08005945   Thumb Code     0  _printf_hex_int.o(.text)
    __printf                                 0x0800599d   Thumb Code   308  __printf_flags_wp.o(.text)
    memcmp                                   0x08005ad5   Thumb Code    88  memcmp.o(.text)
    __aeabi_memset                           0x08005b2d   Thumb Code    16  aeabi_memset.o(.text)
    __use_two_region_memory                  0x08005b3d   Thumb Code     2  heapauxi.o(.text)
    __rt_heap_escrow$2region                 0x08005b3f   Thumb Code     2  heapauxi.o(.text)
    __rt_heap_expand$2region                 0x08005b41   Thumb Code     2  heapauxi.o(.text)
    __I$use$semihosting                      0x08005b43   Thumb Code     0  use_no_semi.o(.text)
    __use_no_semihosting_swi                 0x08005b43   Thumb Code     2  use_no_semi.o(.text)
    __aeabi_uldivmod                         0x08005b45   Thumb Code     0  lludivv7m.o(.text)
    _ll_udiv                                 0x08005b45   Thumb Code   238  lludivv7m.o(.text)
    __read_errno                             0x08005c33   Thumb Code    10  _rserrno.o(.text)
    __set_errno                              0x08005c3d   Thumb Code    12  _rserrno.o(.text)
    _printf_int_common                       0x08005c49   Thumb Code   178  _printf_intcommon.o(.text)
    __lib_sel_fp_printf                      0x08005cfb   Thumb Code     2  _printf_fp_dec.o(.text)
    _printf_fp_dec_real                      0x08005ea9   Thumb Code   620  _printf_fp_dec.o(.text)
    _printf_char_file                        0x08006115   Thumb Code    32  _printf_char_file.o(.text)
    __aeabi_memclr                           0x08006139   Thumb Code     0  rt_memclr.o(.text)
    __rt_memclr                              0x08006139   Thumb Code    68  rt_memclr.o(.text)
    _memset                                  0x0800613d   Thumb Code     0  rt_memclr.o(.text)
    __rt_locale                              0x0800617d   Thumb Code     8  rt_locale_intlibspace.o(.text)
    __aeabi_errno_addr                       0x08006185   Thumb Code     8  rt_errno_addr_intlibspace.o(.text)
    __errno$intlibspace                      0x08006185   Thumb Code     0  rt_errno_addr_intlibspace.o(.text)
    __rt_errno_addr$intlibspace              0x08006185   Thumb Code     0  rt_errno_addr_intlibspace.o(.text)
    _ll_udiv10                               0x0800618d   Thumb Code   138  lludiv10.o(.text)
    _printf_char_common                      0x08006223   Thumb Code    32  _printf_char_common.o(.text)
    _printf_fp_infnan                        0x08006249   Thumb Code   112  _printf_fp_infnan.o(.text)
    _btod_etento                             0x080062c9   Thumb Code   216  bigflt0.o(.text)
    ferror                                   0x080063a5   Thumb Code     8  ferror.o(.text)
    __aeabi_memclr4                          0x080063ad   Thumb Code     0  rt_memclr_w.o(.text)
    __aeabi_memclr8                          0x080063ad   Thumb Code     0  rt_memclr_w.o(.text)
    __rt_memclr_w                            0x080063ad   Thumb Code    78  rt_memclr_w.o(.text)
    _memset_w                                0x080063b1   Thumb Code     0  rt_memclr_w.o(.text)
    __user_libspace                          0x080063fd   Thumb Code     8  libspace.o(.text)
    __user_perproc_libspace                  0x080063fd   Thumb Code     0  libspace.o(.text)
    __user_perthread_libspace                0x080063fd   Thumb Code     0  libspace.o(.text)
    __user_setup_stackheap                   0x08006405   Thumb Code    74  sys_stackheap_outer.o(.text)
    exit                                     0x0800644f   Thumb Code    12  exit.o(.text)
    strcmp                                   0x0800645d   Thumb Code   128  strcmpv7m.o(.text)
    _btod_d2e                                0x080064dd   Thumb Code    62  btod.o(CL$$btod_d2e)
    _d2e_denorm_low                          0x0800651b   Thumb Code    70  btod.o(CL$$btod_d2e_denorm_low)
    _d2e_norm_op1                            0x08006561   Thumb Code    96  btod.o(CL$$btod_d2e_norm_op1)
    __btod_div_common                        0x080065c1   Thumb Code   696  btod.o(CL$$btod_div_common)
    _e2e                                     0x080068f9   Thumb Code   198  btod.o(CL$$btod_e2e)
    _btod_ediv                               0x080069bf   Thumb Code    40  btod.o(CL$$btod_ediv)
    _btod_emul                               0x080069e7   Thumb Code    40  btod.o(CL$$btod_emul)
    __btod_mult_common                       0x08006a0f   Thumb Code   580  btod.o(CL$$btod_mult_common)
    __ARM_fpclassify                         0x08006c53   Thumb Code    48  fpclassify.o(i.__ARM_fpclassify)
    __hardfp_asin                            0x08006c89   Thumb Code   770  asin.o(i.__hardfp_asin)
    __hardfp_atan                            0x08006fe9   Thumb Code   622  atan.o(i.__hardfp_atan)
    __hardfp_atan2                           0x080072c1   Thumb Code   432  atan2.o(i.__hardfp_atan2)
    __kernel_poly                            0x080074b1   Thumb Code   248  poly.o(i.__kernel_poly)
    __mathlib_dbl_infnan                     0x080075a9   Thumb Code    20  dunder.o(i.__mathlib_dbl_infnan)
    __mathlib_dbl_infnan2                    0x080075bd   Thumb Code    20  dunder.o(i.__mathlib_dbl_infnan2)
    __mathlib_dbl_invalid                    0x080075d1   Thumb Code    24  dunder.o(i.__mathlib_dbl_invalid)
    __mathlib_dbl_underflow                  0x080075f1   Thumb Code    24  dunder.o(i.__mathlib_dbl_underflow)
    _is_digit                                0x08007611   Thumb Code    14  __printf_wp.o(i._is_digit)
    atan                                     0x0800761f   Thumb Code    16  atan.o(i.atan)
    fabs                                     0x0800762f   Thumb Code    24  fabs.o(i.fabs)
    sqrt                                     0x08007647   Thumb Code   110  sqrt.o(i.sqrt)
    _get_lc_numeric                          0x080076b5   Thumb Code    44  lc_numeric_c.o(locale$$code)
    __aeabi_dneg                             0x080076e1   Thumb Code     0  basic.o(x$fpl$basic)
    _dneg                                    0x080076e1   Thumb Code     6  basic.o(x$fpl$basic)
    __aeabi_fneg                             0x080076e7   Thumb Code     0  basic.o(x$fpl$basic)
    _fneg                                    0x080076e7   Thumb Code     6  basic.o(x$fpl$basic)
    _dabs                                    0x080076ed   Thumb Code     6  basic.o(x$fpl$basic)
    _fabs                                    0x080076f3   Thumb Code     6  basic.o(x$fpl$basic)
    __aeabi_d2f                              0x080076f9   Thumb Code     0  d2f.o(x$fpl$d2f)
    _d2f                                     0x080076f9   Thumb Code    98  d2f.o(x$fpl$d2f)
    __aeabi_dadd                             0x0800775d   Thumb Code     0  daddsub_clz.o(x$fpl$dadd)
    _dadd                                    0x0800775d   Thumb Code   332  daddsub_clz.o(x$fpl$dadd)
    __aeabi_ddiv                             0x080078ad   Thumb Code     0  ddiv.o(x$fpl$ddiv)
    _ddiv                                    0x080078ad   Thumb Code   552  ddiv.o(x$fpl$ddiv)
    __aeabi_d2uiz                            0x08007b5d   Thumb Code     0  dfixu.o(x$fpl$dfixu)
    _dfixu                                   0x08007b5d   Thumb Code    90  dfixu.o(x$fpl$dfixu)
    __aeabi_i2d                              0x08007bb7   Thumb Code     0  dflt_clz.o(x$fpl$dflt)
    _dflt                                    0x08007bb7   Thumb Code    46  dflt_clz.o(x$fpl$dflt)
    __aeabi_ui2d                             0x08007be5   Thumb Code     0  dflt_clz.o(x$fpl$dfltu)
    _dfltu                                   0x08007be5   Thumb Code    38  dflt_clz.o(x$fpl$dfltu)
    __aeabi_dmul                             0x08007c0d   Thumb Code     0  dmul.o(x$fpl$dmul)
    _dmul                                    0x08007c0d   Thumb Code   332  dmul.o(x$fpl$dmul)
    __fpl_dnaninf                            0x08007d61   Thumb Code   156  dnaninf.o(x$fpl$dnaninf)
    __fpl_dretinf                            0x08007dfd   Thumb Code    12  dretinf.o(x$fpl$dretinf)
    __aeabi_drsub                            0x08007e09   Thumb Code     0  daddsub_clz.o(x$fpl$drsb)
    _drsb                                    0x08007e09   Thumb Code    22  daddsub_clz.o(x$fpl$drsb)
    _dsqrt                                   0x08007e21   Thumb Code   404  dsqrt_umaal.o(x$fpl$dsqrt)
    __aeabi_dsub                             0x08007fb9   Thumb Code     0  daddsub_clz.o(x$fpl$dsub)
    _dsub                                    0x08007fb9   Thumb Code   464  daddsub_clz.o(x$fpl$dsub)
    __aeabi_f2d                              0x0800818d   Thumb Code     0  f2d.o(x$fpl$f2d)
    _f2d                                     0x0800818d   Thumb Code    86  f2d.o(x$fpl$f2d)
    __fpl_fnaninf                            0x080081e3   Thumb Code   140  fnaninf.o(x$fpl$fnaninf)
    _fp_init                                 0x0800826f   Thumb Code    10  fpinit.o(x$fpl$fpinit)
    __fplib_config_fpu_vfp                   0x08008277   Thumb Code     0  fpinit.o(x$fpl$fpinit)
    __fplib_config_pureend_doubles           0x08008277   Thumb Code     0  fpinit.o(x$fpl$fpinit)
    __fpl_fretinf                            0x08008279   Thumb Code    10  fretinf.o(x$fpl$fretinf)
    _printf_fp_dec                           0x08008283   Thumb Code     4  printf1.o(x$fpl$printf1)
    __I$use$fp                               0x08008286   Number         0  usenofp.o(x$fpl$usenofp)
    reg                                      0x08008288   Data          27  inv_mpu.o(.constdata)
    hw                                       0x080082a4   Data          12  inv_mpu.o(.constdata)
    test                                     0x080082b0   Data          40  inv_mpu.o(.constdata)
    __mathlib_zero                           0x08008ff0   Data           8  qnan.o(.constdata)
    Region$$Table$$Base                      0x080090dc   Number         0  anon$$obj.o(Region$$Table)
    Region$$Table$$Limit                     0x080090fc   Number         0  anon$$obj.o(Region$$Table)
    SystemCoreClock                          0x20000000   Data           4  system_stm32f4xx.o(.data)
    AHBPrescTable                            0x20000004   Data          16  system_stm32f4xx.o(.data)
    __stdout                                 0x20000054   Data           4  usart.o(.data)
    USART_RX_STA                             0x20000058   Data           2  usart.o(.data)
    USART_RX_BUF                             0x2000007c   Data         200  usart.o(.bss)
    __libspace_start                         0x20000144   Data          96  libspace.o(.bss)
    __temporary_stack_top$libspace           0x200001a4   Data           0  libspace.o(.bss)



==============================================================================

Memory Map of the image

  Image Entry point : 0x08000189

  Load Region LR_IROM1 (Base: 0x08000000, Size: 0x00009184, Max: 0x00100000, ABSOLUTE)

    Execution Region ER_IROM1 (Base: 0x08000000, Size: 0x00009118, Max: 0x00100000, ABSOLUTE)

    Base Addr    Size         Type   Attr      Idx    E Section Name        Object

    0x08000000   0x00000188   Data   RO          544    RESET               startup_stm32f40_41xxx.o
    0x08000188   0x00000008   Code   RO          801  * !!!main             c_w.l(__main.o)
    0x08000190   0x00000034   Code   RO         1156    !!!scatter          c_w.l(__scatter.o)
    0x080001c4   0x0000001a   Code   RO         1158    !!handler_copy      c_w.l(__scatter_copy.o)
    0x080001de   0x00000002   PAD
    0x080001e0   0x0000001c   Code   RO         1160    !!handler_zi        c_w.l(__scatter_zi.o)
    0x080001fc   0x00000000   Code   RO          794    .ARM.Collect$$_printf_percent$$00000000  c_w.l(_printf_percent.o)
    0x080001fc   0x00000006   Code   RO          793    .ARM.Collect$$_printf_percent$$00000003  c_w.l(_printf_f.o)
    0x08000202   0x00000006   Code   RO          792    .ARM.Collect$$_printf_percent$$00000009  c_w.l(_printf_d.o)
    0x08000208   0x00000006   Code   RO          791    .ARM.Collect$$_printf_percent$$0000000C  c_w.l(_printf_x.o)
    0x0800020e   0x00000004   Code   RO          870    .ARM.Collect$$_printf_percent$$00000017  c_w.l(_printf_percent_end.o)
    0x08000212   0x00000002   Code   RO         1028    .ARM.Collect$$libinit$$00000000  c_w.l(libinit.o)
    0x08000214   0x00000004   Code   RO         1029    .ARM.Collect$$libinit$$00000001  c_w.l(libinit2.o)
    0x08000218   0x00000000   Code   RO         1032    .ARM.Collect$$libinit$$00000004  c_w.l(libinit2.o)
    0x08000218   0x00000000   Code   RO         1035    .ARM.Collect$$libinit$$0000000A  c_w.l(libinit2.o)
    0x08000218   0x00000000   Code   RO         1037    .ARM.Collect$$libinit$$0000000C  c_w.l(libinit2.o)
    0x08000218   0x00000000   Code   RO         1039    .ARM.Collect$$libinit$$0000000E  c_w.l(libinit2.o)
    0x08000218   0x00000006   Code   RO         1040    .ARM.Collect$$libinit$$0000000F  c_w.l(libinit2.o)
    0x0800021e   0x00000000   Code   RO         1042    .ARM.Collect$$libinit$$00000011  c_w.l(libinit2.o)
    0x0800021e   0x00000000   Code   RO         1044    .ARM.Collect$$libinit$$00000013  c_w.l(libinit2.o)
    0x0800021e   0x00000000   Code   RO         1046    .ARM.Collect$$libinit$$00000015  c_w.l(libinit2.o)
    0x0800021e   0x0000000a   Code   RO         1047    .ARM.Collect$$libinit$$00000016  c_w.l(libinit2.o)
    0x08000228   0x00000000   Code   RO         1048    .ARM.Collect$$libinit$$00000017  c_w.l(libinit2.o)
    0x08000228   0x00000000   Code   RO         1050    .ARM.Collect$$libinit$$00000019  c_w.l(libinit2.o)
    0x08000228   0x00000000   Code   RO         1052    .ARM.Collect$$libinit$$0000001B  c_w.l(libinit2.o)
    0x08000228   0x00000000   Code   RO         1054    .ARM.Collect$$libinit$$0000001D  c_w.l(libinit2.o)
    0x08000228   0x00000000   Code   RO         1056    .ARM.Collect$$libinit$$0000001F  c_w.l(libinit2.o)
    0x08000228   0x00000000   Code   RO         1058    .ARM.Collect$$libinit$$00000021  c_w.l(libinit2.o)
    0x08000228   0x00000000   Code   RO         1060    .ARM.Collect$$libinit$$00000023  c_w.l(libinit2.o)
    0x08000228   0x00000000   Code   RO         1062    .ARM.Collect$$libinit$$00000025  c_w.l(libinit2.o)
    0x08000228   0x00000000   Code   RO         1066    .ARM.Collect$$libinit$$0000002C  c_w.l(libinit2.o)
    0x08000228   0x00000000   Code   RO         1068    .ARM.Collect$$libinit$$0000002E  c_w.l(libinit2.o)
    0x08000228   0x00000000   Code   RO         1070    .ARM.Collect$$libinit$$00000030  c_w.l(libinit2.o)
    0x08000228   0x00000000   Code   RO         1072    .ARM.Collect$$libinit$$00000032  c_w.l(libinit2.o)
    0x08000228   0x00000002   Code   RO         1073    .ARM.Collect$$libinit$$00000033  c_w.l(libinit2.o)
    0x0800022a   0x00000002   Code   RO         1117    .ARM.Collect$$libshutdown$$00000000  c_w.l(libshutdown.o)
    0x0800022c   0x00000000   Code   RO         1127    .ARM.Collect$$libshutdown$$00000003  c_w.l(libshutdown2.o)
    0x0800022c   0x00000000   Code   RO         1130    .ARM.Collect$$libshutdown$$00000006  c_w.l(libshutdown2.o)
    0x0800022c   0x00000000   Code   RO         1133    .ARM.Collect$$libshutdown$$00000009  c_w.l(libshutdown2.o)
    0x0800022c   0x00000000   Code   RO         1135    .ARM.Collect$$libshutdown$$0000000B  c_w.l(libshutdown2.o)
    0x0800022c   0x00000000   Code   RO         1138    .ARM.Collect$$libshutdown$$0000000E  c_w.l(libshutdown2.o)
    0x0800022c   0x00000002   Code   RO         1139    .ARM.Collect$$libshutdown$$0000000F  c_w.l(libshutdown2.o)
    0x0800022e   0x00000000   Code   RO          859    .ARM.Collect$$rtentry$$00000000  c_w.l(__rtentry.o)
    0x0800022e   0x00000000   Code   RO          936    .ARM.Collect$$rtentry$$00000002  c_w.l(__rtentry2.o)
    0x0800022e   0x00000006   Code   RO          948    .ARM.Collect$$rtentry$$00000004  c_w.l(__rtentry4.o)
    0x08000234   0x00000000   Code   RO          938    .ARM.Collect$$rtentry$$00000009  c_w.l(__rtentry2.o)
    0x08000234   0x00000004   Code   RO          939    .ARM.Collect$$rtentry$$0000000A  c_w.l(__rtentry2.o)
    0x08000238   0x00000000   Code   RO          941    .ARM.Collect$$rtentry$$0000000C  c_w.l(__rtentry2.o)
    0x08000238   0x00000008   Code   RO          942    .ARM.Collect$$rtentry$$0000000D  c_w.l(__rtentry2.o)
    0x08000240   0x00000002   Code   RO         1076    .ARM.Collect$$rtexit$$00000000  c_w.l(rtexit.o)
    0x08000242   0x00000000   Code   RO         1087    .ARM.Collect$$rtexit$$00000002  c_w.l(rtexit2.o)
    0x08000242   0x00000004   Code   RO         1088    .ARM.Collect$$rtexit$$00000003  c_w.l(rtexit2.o)
    0x08000246   0x00000006   Code   RO         1089    .ARM.Collect$$rtexit$$00000004  c_w.l(rtexit2.o)
    0x0800024c   0x00000350   Code   RO            3    .text               main.o
    0x0800059c   0x0000001a   Code   RO          168    .text               stm32f4xx_it.o
    0x080005b6   0x00000002   PAD
    0x080005b8   0x00000210   Code   RO          217    .text               system_stm32f4xx.o
    0x080007c8   0x00000040   Code   RO          243    .text               led.o
    0x08000808   0x00000104   Code   RO          263    .text               key.o
    0x0800090c   0x0000025c   Code   RO          322    .text               myiic.o
    0x08000b68   0x00000384   Code   RO          342    .text               mpu6050.o
    0x08000eec   0x000022c0   Code   RO          362    .text               inv_mpu.o
    0x080031ac   0x00000d90   Code   RO          400    .text               inv_mpu_dmp_motion_driver.o
    0x08003f3c   0x000000e0   Code   RO          433    .text               adc.o
    0x0800401c   0x000000d4   Code   RO          453    .text               dac.o
    0x080040f0   0x00000104   Code   RO          473    .text               delay.o
    0x080041f4   0x0000014c   Code   RO          513    .text               usart.o
    0x08004340   0x00000040   Code   RO          545    .text               startup_stm32f40_41xxx.o
    0x08004380   0x000000e0   Code   RO          551    .text               misc.o
    0x08004460   0x00000294   Code   RO          594    .text               stm32f4xx_gpio.o
    0x080046f4   0x0000065c   Code   RO          614    .text               stm32f4xx_rcc.o
    0x08004d50   0x00000454   Code   RO          656    .text               stm32f4xx_usart.o
    0x080051a4   0x00000464   Code   RO          696    .text               stm32f4xx_adc.o
    0x08005608   0x00000210   Code   RO          716    .text               stm32f4xx_dac.o
    0x08005818   0x00000002   Code   RO          736    .text               c_w.l(use_no_semi_2.o)
    0x0800581a   0x00000048   Code   RO          738    .text               c_w.l(llsdiv.o)
    0x08005862   0x00000002   PAD
    0x08005864   0x00000018   Code   RO          742    .text               c_w.l(noretval__2printf.o)
    0x0800587c   0x0000004e   Code   RO          746    .text               c_w.l(_printf_pad.o)
    0x080058ca   0x00000002   PAD
    0x080058cc   0x00000078   Code   RO          748    .text               c_w.l(_printf_dec.o)
    0x08005944   0x00000058   Code   RO          753    .text               c_w.l(_printf_hex_int.o)
    0x0800599c   0x00000138   Code   RO          783    .text               c_w.l(__printf_flags_wp.o)
    0x08005ad4   0x00000058   Code   RO          795    .text               c_w.l(memcmp.o)
    0x08005b2c   0x00000010   Code   RO          797    .text               c_w.l(aeabi_memset.o)
    0x08005b3c   0x00000006   Code   RO          799    .text               c_w.l(heapauxi.o)
    0x08005b42   0x00000002   Code   RO          857    .text               c_w.l(use_no_semi.o)
    0x08005b44   0x000000ee   Code   RO          860    .text               c_w.l(lludivv7m.o)
    0x08005c32   0x00000016   Code   RO          862    .text               c_w.l(_rserrno.o)
    0x08005c48   0x000000b2   Code   RO          864    .text               c_w.l(_printf_intcommon.o)
    0x08005cfa   0x0000041a   Code   RO          866    .text               c_w.l(_printf_fp_dec.o)
    0x08006114   0x00000024   Code   RO          868    .text               c_w.l(_printf_char_file.o)
    0x08006138   0x00000044   Code   RO          871    .text               c_w.l(rt_memclr.o)
    0x0800617c   0x00000008   Code   RO          957    .text               c_w.l(rt_locale_intlibspace.o)
    0x08006184   0x00000008   Code   RO          962    .text               c_w.l(rt_errno_addr_intlibspace.o)
    0x0800618c   0x0000008a   Code   RO          964    .text               c_w.l(lludiv10.o)
    0x08006216   0x00000002   PAD
    0x08006218   0x00000030   Code   RO          966    .text               c_w.l(_printf_char_common.o)
    0x08006248   0x00000080   Code   RO          968    .text               c_w.l(_printf_fp_infnan.o)
    0x080062c8   0x000000dc   Code   RO          970    .text               c_w.l(bigflt0.o)
    0x080063a4   0x00000008   Code   RO          995    .text               c_w.l(ferror.o)
    0x080063ac   0x0000004e   Code   RO         1002    .text               c_w.l(rt_memclr_w.o)
    0x080063fa   0x00000002   PAD
    0x080063fc   0x00000008   Code   RO         1010    .text               c_w.l(libspace.o)
    0x08006404   0x0000004a   Code   RO         1013    .text               c_w.l(sys_stackheap_outer.o)
    0x0800644e   0x0000000c   Code   RO         1019    .text               c_w.l(exit.o)
    0x0800645a   0x00000002   PAD
    0x0800645c   0x00000080   Code   RO         1021    .text               c_w.l(strcmpv7m.o)
    0x080064dc   0x0000003e   Code   RO          973    CL$$btod_d2e        c_w.l(btod.o)
    0x0800651a   0x00000046   Code   RO          975    CL$$btod_d2e_denorm_low  c_w.l(btod.o)
    0x08006560   0x00000060   Code   RO          974    CL$$btod_d2e_norm_op1  c_w.l(btod.o)
    0x080065c0   0x00000338   Code   RO          983    CL$$btod_div_common  c_w.l(btod.o)
    0x080068f8   0x000000c6   Code   RO          980    CL$$btod_e2e        c_w.l(btod.o)
    0x080069be   0x00000028   Code   RO          977    CL$$btod_ediv       c_w.l(btod.o)
    0x080069e6   0x00000028   Code   RO          976    CL$$btod_emul       c_w.l(btod.o)
    0x08006a0e   0x00000244   Code   RO          982    CL$$btod_mult_common  c_w.l(btod.o)
    0x08006c52   0x00000030   Code   RO          918    i.__ARM_fpclassify  m_wm.l(fpclassify.o)
    0x08006c82   0x00000006   PAD
    0x08006c88   0x00000360   Code   RO          831    i.__hardfp_asin     m_wm.l(asin.o)
    0x08006fe8   0x000002d8   Code   RO          884    i.__hardfp_atan     m_wm.l(atan.o)
    0x080072c0   0x000001f0   Code   RO          845    i.__hardfp_atan2    m_wm.l(atan2.o)
    0x080074b0   0x000000f8   Code   RO          920    i.__kernel_poly     m_wm.l(poly.o)
    0x080075a8   0x00000014   Code   RO          899    i.__mathlib_dbl_infnan  m_wm.l(dunder.o)
    0x080075bc   0x00000014   Code   RO          900    i.__mathlib_dbl_infnan2  m_wm.l(dunder.o)
    0x080075d0   0x00000020   Code   RO          901    i.__mathlib_dbl_invalid  m_wm.l(dunder.o)
    0x080075f0   0x00000020   Code   RO          904    i.__mathlib_dbl_underflow  m_wm.l(dunder.o)
    0x08007610   0x0000000e   Code   RO          781    i._is_digit         c_w.l(__printf_wp.o)
    0x0800761e   0x00000010   Code   RO          886    i.atan              m_wm.l(atan.o)
    0x0800762e   0x00000018   Code   RO          914    i.fabs              m_wm.l(fabs.o)
    0x08007646   0x0000006e   Code   RO          925    i.sqrt              m_wm.l(sqrt.o)
    0x080076b4   0x0000002c   Code   RO         1000    locale$$code        c_w.l(lc_numeric_c.o)
    0x080076e0   0x00000018   Code   RO          873    x$fpl$basic         fz_wm.l(basic.o)
    0x080076f8   0x00000062   Code   RO          803    x$fpl$d2f           fz_wm.l(d2f.o)
    0x0800775a   0x00000002   PAD
    0x0800775c   0x00000150   Code   RO          805    x$fpl$dadd          fz_wm.l(daddsub_clz.o)
    0x080078ac   0x000002b0   Code   RO          812    x$fpl$ddiv          fz_wm.l(ddiv.o)
    0x08007b5c   0x0000005a   Code   RO          815    x$fpl$dfixu         fz_wm.l(dfixu.o)
    0x08007bb6   0x0000002e   Code   RO          820    x$fpl$dflt          fz_wm.l(dflt_clz.o)
    0x08007be4   0x00000026   Code   RO          819    x$fpl$dfltu         fz_wm.l(dflt_clz.o)
    0x08007c0a   0x00000002   PAD
    0x08007c0c   0x00000154   Code   RO          825    x$fpl$dmul          fz_wm.l(dmul.o)
    0x08007d60   0x0000009c   Code   RO          875    x$fpl$dnaninf       fz_wm.l(dnaninf.o)
    0x08007dfc   0x0000000c   Code   RO          877    x$fpl$dretinf       fz_wm.l(dretinf.o)
    0x08007e08   0x00000016   Code   RO          806    x$fpl$drsb          fz_wm.l(daddsub_clz.o)
    0x08007e1e   0x00000002   PAD
    0x08007e20   0x00000198   Code   RO         1006    x$fpl$dsqrt         fz_wm.l(dsqrt_umaal.o)
    0x08007fb8   0x000001d4   Code   RO          807    x$fpl$dsub          fz_wm.l(daddsub_clz.o)
    0x0800818c   0x00000056   Code   RO          827    x$fpl$f2d           fz_wm.l(f2d.o)
    0x080081e2   0x0000008c   Code   RO          879    x$fpl$fnaninf       fz_wm.l(fnaninf.o)
    0x0800826e   0x0000000a   Code   RO         1084    x$fpl$fpinit        fz_wm.l(fpinit.o)
    0x08008278   0x0000000a   Code   RO          881    x$fpl$fretinf       fz_wm.l(fretinf.o)
    0x08008282   0x00000004   Code   RO          829    x$fpl$printf1       fz_wm.l(printf1.o)
    0x08008286   0x00000000   Code   RO          883    x$fpl$usenofp       fz_wm.l(usenofp.o)
    0x08008286   0x00000002   PAD
    0x08008288   0x00000050   Data   RO          363    .constdata          inv_mpu.o
    0x080082d8   0x00000bf6   Data   RO          402    .constdata          inv_mpu_dmp_motion_driver.o
    0x08008ece   0x00000028   Data   RO          754    .constdata          c_w.l(_printf_hex_int.o)
    0x08008ef6   0x00000011   Data   RO          784    .constdata          c_w.l(__printf_flags_wp.o)
    0x08008f07   0x00000001   PAD
    0x08008f08   0x00000050   Data   RO          834    .constdata          m_wm.l(asin.o)
    0x08008f58   0x00000098   Data   RO          887    .constdata          m_wm.l(atan.o)
    0x08008ff0   0x00000008   Data   RO          922    .constdata          m_wm.l(qnan.o)
    0x08008ff8   0x00000094   Data   RO          971    .constdata          c_w.l(bigflt0.o)
    0x0800908c   0x0000004d   Data   RO          364    .conststring        inv_mpu.o
    0x080090d9   0x00000003   PAD
    0x080090dc   0x00000020   Data   RO         1154    Region$$Table       anon$$obj.o
    0x080090fc   0x0000001c   Data   RO          999    locale$$data        c_w.l(lc_numeric_c.o)


    Execution Region RW_IRAM1 (Base: 0x20000000, Size: 0x000007a8, Max: 0x00020000, ABSOLUTE)

    Base Addr    Size         Type   Attr      Idx    E Section Name        Object

    0x20000000   0x00000014   Data   RW          218    .data               system_stm32f4xx.o
    0x20000014   0x00000001   Data   RW          264    .data               key.o
    0x20000015   0x00000003   PAD
    0x20000018   0x00000035   Data   RW          365    .data               inv_mpu.o
    0x2000004d   0x00000001   PAD
    0x2000004e   0x00000004   Data   RW          474    .data               delay.o
    0x20000052   0x00000002   PAD
    0x20000054   0x00000006   Data   RW          515    .data               usart.o
    0x2000005a   0x00000010   Data   RW          615    .data               stm32f4xx_rcc.o
    0x2000006a   0x00000002   PAD
    0x2000006c   0x00000010   Zero   RW          401    .bss                inv_mpu_dmp_motion_driver.o
    0x2000007c   0x000000c8   Zero   RW          514    .bss                usart.o
    0x20000144   0x00000060   Zero   RW         1011    .bss                c_w.l(libspace.o)
    0x200001a4   0x00000004   PAD
    0x200001a8   0x00000200   Zero   RW          543    HEAP                startup_stm32f40_41xxx.o
    0x200003a8   0x00000400   Zero   RW          542    STACK               startup_stm32f40_41xxx.o


==============================================================================

Image component sizes


      Code (inc. data)   RO Data    RW Data    ZI Data      Debug   Object Name

       224         10          0          0          0       1131   adc.o
       212         30          0          0          0        837   dac.o
       260          8          0          4          0       1425   delay.o
      8896        222        157         53          0      23817   inv_mpu.o
      3472        142       3062          0         16      15195   inv_mpu_dmp_motion_driver.o
       260         12          0          1          0        860   key.o
        64          4          0          0          0        519   led.o
       848         98          0          0          0     283723   main.o
       224         20          0          0          0       1809   misc.o
       900         22          0          0          0       4243   mpu6050.o
       604         14          0          0          0       1888   myiic.o
        64         26        392          0       1536        832   startup_stm32f40_41xxx.o
      1124         24          0          0          0      10482   stm32f4xx_adc.o
       528          6          0          0          0       4997   stm32f4xx_dac.o
       660         44          0          0          0       4085   stm32f4xx_gpio.o
        26          0          0          0          0       1218   stm32f4xx_it.o
      1628         52          0         16          0      12868   stm32f4xx_rcc.o
      1108         34          0          0          0       7784   stm32f4xx_usart.o
       528         46          0         20          0       1763   system_stm32f4xx.o
       332         18          0          6        200       3298   usart.o

    ----------------------------------------------------------------------
     21964        832       3646        108       1752     382774   Object Totals
         0          0         32          0          0          0   (incl. Generated)
         2          0          3          8          0          0   (incl. Padding)

    ----------------------------------------------------------------------

      Code (inc. data)   RO Data    RW Data    ZI Data      Debug   Library Member Name

         8          0          0          0          0         68   __main.o
       312          4         17          0          0         92   __printf_flags_wp.o
        14          0          0          0          0         68   __printf_wp.o
         0          0          0          0          0          0   __rtentry.o
        12          0          0          0          0          0   __rtentry2.o
         6          0          0          0          0          0   __rtentry4.o
        52          8          0          0          0          0   __scatter.o
        26          0          0          0          0          0   __scatter_copy.o
        28          0          0          0          0          0   __scatter_zi.o
        48          6          0          0          0         96   _printf_char_common.o
        36          4          0          0          0         80   _printf_char_file.o
         6          0          0          0          0          0   _printf_d.o
       120         16          0          0          0         92   _printf_dec.o
         6          0          0          0          0          0   _printf_f.o
      1050          0          0          0          0        216   _printf_fp_dec.o
       128         16          0          0          0         84   _printf_fp_infnan.o
        88          4         40          0          0         88   _printf_hex_int.o
       178          0          0          0          0         88   _printf_intcommon.o
        78          0          0          0          0        108   _printf_pad.o
         0          0          0          0          0          0   _printf_percent.o
         4          0          0          0          0          0   _printf_percent_end.o
         6          0          0          0          0          0   _printf_x.o
        22          0          0          0          0        100   _rserrno.o
        16          0          0          0          0         68   aeabi_memset.o
       220          4        148          0          0         96   bigflt0.o
      1910        128          0          0          0        672   btod.o
        12          0          0          0          0         72   exit.o
         8          0          0          0          0         68   ferror.o
         6          0          0          0          0        152   heapauxi.o
        44         10         28          0          0         76   lc_numeric_c.o
         2          0          0          0          0          0   libinit.o
        22          0          0          0          0          0   libinit2.o
         2          0          0          0          0          0   libshutdown.o
         2          0          0          0          0          0   libshutdown2.o
         8          4          0          0         96         68   libspace.o
        72          0          0          0          0         76   llsdiv.o
       138          0          0          0          0         80   lludiv10.o
       238          0          0          0          0        100   lludivv7m.o
        88          0          0          0          0         76   memcmp.o
        24          4          0          0          0         84   noretval__2printf.o
         8          4          0          0          0         68   rt_errno_addr_intlibspace.o
         8          4          0          0          0         68   rt_locale_intlibspace.o
        68          0          0          0          0         68   rt_memclr.o
        78          0          0          0          0         80   rt_memclr_w.o
         2          0          0          0          0          0   rtexit.o
        10          0          0          0          0          0   rtexit2.o
       128          0          0          0          0         68   strcmpv7m.o
        74          0          0          0          0         80   sys_stackheap_outer.o
         2          0          0          0          0         68   use_no_semi.o
         2          0          0          0          0         68   use_no_semi_2.o
        24          0          0          0          0        164   basic.o
        98          4          0          0          0        140   d2f.o
       826         16          0          0          0        492   daddsub_clz.o
       688        140          0          0          0        256   ddiv.o
        90          4          0          0          0        140   dfixu.o
        84          0          0          0          0        232   dflt_clz.o
       340         12          0          0          0        152   dmul.o
       156          4          0          0          0        140   dnaninf.o
        12          0          0          0          0        116   dretinf.o
       408         56          0          0          0        168   dsqrt_umaal.o
        86          4          0          0          0        132   f2d.o
       140          4          0          0          0        132   fnaninf.o
        10          0          0          0          0        116   fpinit.o
        10          0          0          0          0        116   fretinf.o
         4          0          0          0          0        116   printf1.o
         0          0          0          0          0          0   usenofp.o
       864         94         80          0          0        280   asin.o
       744        106        152          0          0        352   atan.o
       496         64          0          0          0        192   atan2.o
       104         16          0          0          0        496   dunder.o
        24          0          0          0          0        124   fabs.o
        48          0          0          0          0        124   fpclassify.o
       248          0          0          0          0        152   poly.o
         0          0          8          0          0          0   qnan.o
       110          0          0          0          0        148   sqrt.o

    ----------------------------------------------------------------------
     11060        740        474          0        100       7916   Library Totals
        26          0          1          0          4          0   (incl. Padding)

    ----------------------------------------------------------------------

      Code (inc. data)   RO Data    RW Data    ZI Data      Debug   Library Name

      5420        216        233          0         96       3436   c_w.l
      2976        244          0          0          0       2612   fz_wm.l
      2638        280        240          0          0       1868   m_wm.l

    ----------------------------------------------------------------------
     11060        740        474          0        100       7916   Library Totals

    ----------------------------------------------------------------------

==============================================================================


      Code (inc. data)   RO Data    RW Data    ZI Data      Debug   

     33024       1572       4120        108       1852     381866   Grand Totals
     33024       1572       4120        108       1852     381866   ELF Image Totals
     33024       1572       4120        108          0          0   ROM Totals

==============================================================================

    Total RO  Size (Code + RO Data)                37144 (  36.27kB)
    Total RW  Size (RW Data + ZI Data)              1960 (   1.91kB)
    Total ROM Size (Code + RO Data + RW Data)      37252 (  36.38kB)

==============================================================================

