<html>
<body>
<pre>
<h1>礦ision Build Log</h1>
<h2>Tool Versions:</h2>
IDE-Version: μVision V5.14.0.0
Copyright (C) 2015 ARM Ltd and ARM Germany GmbH. All rights reserved.
License Information: loui song, moon, LIC=4ZLPC-71F99-XAHDC-73WB5-WQZ6B-GT0E9
 
Tool Versions:
Toolchain:       MDK-ARM Professional  Version: 5.14.0.0
Toolchain Path:  C:\Keil_v5\ARM\ARMCC\Bin
C Compiler:      Armcc.exe V5.05 update 1 (build 106)
Assembler:       Armasm.exe V5.05 update 1 (build 106)
Linker/Locator:  ArmLink.exe V5.05 update 1 (build 106)
Library Manager: ArmAr.exe V5.05 update 1 (build 106)
Hex Converter:   FromElf.exe V5.05 update 1 (build 106)
CPU DLL:         SARMCM3.DLL V5.14.0.0
Dialog DLL:      DCM.DLL V1.13.1.0
Target DLL:      Segger\JL2CM3.dll V2.99.13.0
Dialog DLL:      TCM.DLL V1.14.4.0
 
<h2>Project:</h2>
C:\Users\Treaser\Desktop\STM32_START\USER\START.uvprojx
Project File Date:  07/17/2018

<h2>Output:</h2>
Rebuild target 'START'
compiling main.c...
main.c(115): warning:  #177-D: variable "report" was declared but never referenced
        u8 report=1;                    //默认开启上报
main.c(116): warning:  #177-D: variable "key" was declared but never referenced
        u8 key;
main.c(124): warning:  #550-D: variable "temp" was set but never used
        short temp;                                     //温度
main.c: 3 warnings, 0 errors
compiling stm32f4xx_it.c...
compiling system_stm32f4xx.c...
compiling led.c...
compiling key.c...
compiling lcd.c...
compiling myiic.c...
compiling mpu6050.c...
compiling inv_mpu.c...
compiling inv_mpu_dmp_motion_driver.c...
compiling adc.c...
compiling dac.c...
compiling delay.c...
compiling sys.c...
compiling usart.c...
assembling startup_stm32f40_41xxx.s...
compiling misc.c...
compiling stm32f4xx_fsmc.c...
compiling stm32f4xx_gpio.c...
compiling stm32f4xx_rcc.c...
compiling stm32f4xx_syscfg.c...
compiling stm32f4xx_usart.c...
compiling stm32f4xx_tim.c...
compiling stm32f4xx_adc.c...
compiling stm32f4xx_dac.c...
linking...
Program Size: Code=33024 RO-data=4120 RW-data=108 ZI-data=1852  
FromELF: creating hex file...
"..\OBJ\START.axf" - 0 Error(s), 3 Warning(s).

<h2>Collection of Component include folders:</h2>
  C:\Users\Treaser\Desktop\STM32_START\USER\RTE
  C:\Keil_v5\ARM\PACK\Keil\STM32F4xx_DFP\1.0.8\Device\Include

<h2>Collection of Component Files used:</h2>
</pre>
</body>
</html>
