Component: ARM Compiler 5.05 update 1 (build 106) Tool: armlink [4d0efa]

==============================================================================

Section Cross References

    main.o(.text) refers to _printf_percent.o(.ARM.Collect$$_printf_percent$$00000000) for _printf_percent
    main.o(.text) refers to _printf_f.o(.ARM.Collect$$_printf_percent$$00000003) for _printf_f
    main.o(.text) refers to printf1.o(x$fpl$printf1) for _printf_fp_dec
    main.o(.text) refers to _printf_d.o(.ARM.Collect$$_printf_percent$$00000009) for _printf_d
    main.o(.text) refers to _printf_dec.o(.text) for _printf_int_dec
    main.o(.text) refers to _printf_pad.o(.text) for _printf_pre_padding
    main.o(.text) refers to led.o(.text) for LED_Training
    main.o(.text) refers to fdc2214.o(.text) for Cap_Calculate
    main.o(.text) refers to delay.o(.text) for delay_ms
    main.o(.text) refers to f2d.o(x$fpl$f2d) for __aeabi_f2d
    main.o(.text) refers to dleqf.o(x$fpl$dleqf) for __aeabi_cdcmple
    main.o(.text) refers to noretval__2printf.o(.text) for __2printf
    main.o(.text) refers to lcd.o(.text) for LCD_ShowString
    main.o(.text) refers to main.o(.bss) for measurebuffer
    main.o(.text) refers to main.o(.data) for compensation
    main.o(.text) refers to lcd.o(.data) for POINT_COLOR
    main.o(.text) refers to main.o(.conststring) for .conststring
    main.o(.text) refers to fabs.o(i.__hardfp_fabs) for __hardfp_fabs
    main.o(.text) refers to dmul.o(x$fpl$dmul) for __aeabi_dmul
    main.o(.text) refers to dfixu.o(x$fpl$dfixu) for __aeabi_d2uiz
    main.o(.text) refers to misc.o(.text) for NVIC_PriorityGroupConfig
    main.o(.text) refers to usart.o(.text) for uart_init
    main.o(.text) refers to key.o(.text) for KEY_Init
    main.o(.text) refers to beep.o(.text) for BEEP_Init
    main.o(.text) refers to matrixkey.o(.text) for MATRI4X4KEY_Init
    system_stm32f4xx.o(.text) refers to system_stm32f4xx.o(.data) for SystemCoreClock
    key.o(.text) refers to stm32f4xx_rcc.o(.text) for RCC_AHB1PeriphClockCmd
    key.o(.text) refers to stm32f4xx_gpio.o(.text) for GPIO_Init
    lcd.o(.text) refers to _printf_percent.o(.ARM.Collect$$_printf_percent$$00000000) for _printf_percent
    lcd.o(.text) refers to _printf_x.o(.ARM.Collect$$_printf_percent$$0000000C) for _printf_x
    lcd.o(.text) refers to _printf_hex_int.o(.text) for _printf_longlong_hex
    lcd.o(.text) refers to delay.o(.text) for delay_us
    lcd.o(.text) refers to lcd.o(.bss) for lcddev
    lcd.o(.text) refers to lcd.o(.data) for POINT_COLOR
    lcd.o(.text) refers to dflt_clz.o(x$fpl$dfltu) for __aeabi_ui2d
    lcd.o(.text) refers to dmul.o(x$fpl$dmul) for __aeabi_dmul
    lcd.o(.text) refers to dfixu.o(x$fpl$dfixu) for __aeabi_d2uiz
    lcd.o(.text) refers to stm32f4xx_rcc.o(.text) for RCC_AHB1PeriphClockCmd
    lcd.o(.text) refers to stm32f4xx_gpio.o(.text) for GPIO_Init
    lcd.o(.text) refers to stm32f4xx_fsmc.o(.text) for FSMC_NORSRAMInit
    lcd.o(.text) refers to noretval__2printf.o(.text) for __2printf
    lcd.o(.text) refers to lcd.o(.constdata) for asc2_1206
    led.o(.text) refers to stm32f4xx_rcc.o(.text) for RCC_AHB1PeriphClockCmd
    led.o(.text) refers to stm32f4xx_gpio.o(.text) for GPIO_Init
    myiic.o(.text) refers to stm32f4xx_rcc.o(.text) for RCC_AHB1PeriphClockCmd
    myiic.o(.text) refers to stm32f4xx_gpio.o(.text) for GPIO_Init
    myiic.o(.text) refers to delay.o(.text) for delay_us
    matrixkey.o(.text) refers to sys.o(.text) for GPIO_Set
    matrixkey.o(.text) refers to delay.o(.text) for delay_ms
    matrixkey.o(.text) refers to noretval__2printf.o(.text) for __2printf
    fdc2214.o(.text) refers to delay.o(.text) for delay_us
    fdc2214.o(.text) refers to stm32f4xx_rcc.o(.text) for RCC_AHB1PeriphClockCmd
    fdc2214.o(.text) refers to stm32f4xx_gpio.o(.text) for GPIO_Init
    fdc2214.o(.text) refers to dflt_clz.o(x$fpl$dfltu) for __aeabi_ui2d
    fdc2214.o(.text) refers to ddiv.o(x$fpl$ddiv) for __aeabi_ddiv
    fdc2214.o(.text) refers to d2f.o(x$fpl$d2f) for __aeabi_d2f
    fdc2214.o(.text) refers to fdc2214.o(.data) for Data_FDC
    beep.o(.text) refers to stm32f4xx_rcc.o(.text) for RCC_AHB1PeriphClockCmd
    beep.o(.text) refers to stm32f4xx_gpio.o(.text) for GPIO_Init
    beep.o(.text) refers to dflt_clz.o(x$fpl$dflt) for __aeabi_i2d
    beep.o(.text) refers to dmul.o(x$fpl$dmul) for __aeabi_dmul
    beep.o(.text) refers to dfix.o(x$fpl$dfix) for __aeabi_d2iz
    beep.o(.text) refers to lcd.o(.text) for LCD_ShowString
    beep.o(.text) refers to delay.o(.text) for delay_us
    delay.o(.text) refers to misc.o(.text) for SysTick_CLKSourceConfig
    delay.o(.text) refers to delay.o(.data) for fac_us
    usart.o(.rev16_text) refers (Special) to use_no_semi_2.o(.text) for __use_no_semihosting
    usart.o(.revsh_text) refers (Special) to use_no_semi_2.o(.text) for __use_no_semihosting
    usart.o(.text) refers (Special) to use_no_semi_2.o(.text) for __use_no_semihosting
[...]
    ..\\FWLIB\\src\\stm32f4xx_fsmc.c         0x00000000   Number         0  stm32f4xx_fsmc.o ABSOLUTE
    ..\\FWLIB\\src\\stm32f4xx_gpio.c         0x00000000   Number         0  stm32f4xx_gpio.o ABSOLUTE
    ..\\FWLIB\\src\\stm32f4xx_rcc.c          0x00000000   Number         0  stm32f4xx_rcc.o ABSOLUTE
    ..\\FWLIB\\src\\stm32f4xx_syscfg.c       0x00000000   Number         0  stm32f4xx_syscfg.o ABSOLUTE
    ..\\FWLIB\\src\\stm32f4xx_usart.c        0x00000000   Number         0  stm32f4xx_usart.o ABSOLUTE
    ..\\HARDWARE\\BEEP\\beep.c               0x00000000   Number         0  beep.o ABSOLUTE
    ..\\HARDWARE\\FDC2214\\fdc2214.c         0x00000000   Number         0  fdc2214.o ABSOLUTE
    ..\\HARDWARE\\IIC\\myiic.c               0x00000000   Number         0  myiic.o ABSOLUTE
    ..\\HARDWARE\\KEY\\key.c                 0x00000000   Number         0  key.o ABSOLUTE
    ..\\HARDWARE\\LCD\\lcd.c                 0x00000000   Number         0  lcd.o ABSOLUTE
    ..\\HARDWARE\\LED\\led.c                 0x00000000   Number         0  led.o ABSOLUTE
    ..\\HARDWARE\\MATRIXKEY\\matrixkey.c     0x00000000   Number         0  matrixkey.o ABSOLUTE
    ..\\SYSTEM\\delay\\delay.c               0x00000000   Number         0  delay.o ABSOLUTE
    ..\\SYSTEM\\sys\\sys.c                   0x00000000   Number         0  sys.o ABSOLUTE
    ..\\SYSTEM\\usart\\usart.c               0x00000000   Number         0  usart.o ABSOLUTE
    dc.s                                     0x00000000   Number         0  dc.o ABSOLUTE
    main.c                                   0x00000000   Number         0  main.o ABSOLUTE
    main.c                                   0x00000000   Number         0  main.o ABSOLUTE
    stm32f4xx_it.c                           0x00000000   Number         0  stm32f4xx_it.o ABSOLUTE
    stm32f4xx_it.c                           0x00000000   Number         0  stm32f4xx_it.o ABSOLUTE
    system_stm32f4xx.c                       0x00000000   Number         0  system_stm32f4xx.o ABSOLUTE
    system_stm32f4xx.c                       0x00000000   Number         0  system_stm32f4xx.o ABSOLUTE
    RESET                                    0x08000000   Section      392  startup_stm32f40_41xxx.o(RESET)
    !!!main                                  0x08000188   Section        8  __main.o(!!!main)
    !!!scatter                               0x08000190   Section       52  __scatter.o(!!!scatter)
    !!handler_copy                           0x080001c4   Section       26  __scatter_copy.o(!!handler_copy)
    !!handler_zi                             0x080001e0   Section       28  __scatter_zi.o(!!handler_zi)
    .ARM.Collect$$_printf_percent$$00000000  0x080001fc   Section        0  _printf_percent.o(.ARM.Collect$$_printf_percent$$00000000)
    .ARM.Collect$$_printf_percent$$00000003  0x080001fc   Section        6  _printf_f.o(.ARM.Collect$$_printf_percent$$00000003)
    .ARM.Collect$$_printf_percent$$00000009  0x08000202   Section        6  _printf_d.o(.ARM.Collect$$_printf_percent$$00000009)
    .ARM.Collect$$_printf_percent$$0000000C  0x08000208   Section        6  _printf_x.o(.ARM.Collect$$_printf_percent$$0000000C)
    .ARM.Collect$$_printf_percent$$00000017  0x0800020e   Section        4  _printf_percent_end.o(.ARM.Collect$$_printf_percent$$00000017)
    .ARM.Collect$$libinit$$00000000          0x08000212   Section        2  libinit.o(.ARM.Collect$$libinit$$00000000)
    .ARM.Collect$$libinit$$00000001          0x08000214   Section        4  libinit2.o(.ARM.Collect$$libinit$$00000001)
    .ARM.Collect$$libinit$$00000004          0x08000218   Section        0  libinit2.o(.ARM.Collect$$libinit$$00000004)
    .ARM.Collect$$libinit$$0000000A          0x08000218   Section        0  libinit2.o(.ARM.Collect$$libinit$$0000000A)
    .ARM.Collect$$libinit$$0000000C          0x08000218   Section        0  libinit2.o(.ARM.Collect$$libinit$$0000000C)
    .ARM.Collect$$libinit$$0000000E          0x08000218   Section        0  libinit2.o(.ARM.Collect$$libinit$$0000000E)
    .ARM.Collect$$libinit$$0000000F          0x08000218   Section        6  libinit2.o(.ARM.Collect$$libinit$$0000000F)
    .ARM.Collect$$libinit$$00000011          0x0800021e   Section        0  libinit2.o(.ARM.Collect$$libinit$$00000011)
    .ARM.Collect$$libinit$$00000013          0x0800021e   Section        0  libinit2.o(.ARM.Collect$$libinit$$00000013)
    .ARM.Collect$$libinit$$00000015          0x0800021e   Section        0  libinit2.o(.ARM.Collect$$libinit$$00000015)
    .ARM.Collect$$libinit$$00000016          0x0800021e   Section       10  libinit2.o(.ARM.Collect$$libinit$$00000016)
    .ARM.Collect$$libinit$$00000017          0x08000228   Section        0  libinit2.o(.ARM.Collect$$libinit$$00000017)
    .ARM.Collect$$libinit$$00000019          0x08000228   Section        0  libinit2.o(.ARM.Collect$$libinit$$00000019)
    .ARM.Collect$$libinit$$0000001B          0x08000228   Section        0  libinit2.o(.ARM.Collect$$libinit$$0000001B)
    .ARM.Collect$$libinit$$0000001D          0x08000228   Section        0  libinit2.o(.ARM.Collect$$libinit$$0000001D)
    .ARM.Collect$$libinit$$0000001F          0x08000228   Section        0  libinit2.o(.ARM.Collect$$libinit$$0000001F)
    .ARM.Collect$$libinit$$00000021          0x08000228   Section        0  libinit2.o(.ARM.Collect$$libinit$$00000021)
    .ARM.Collect$$libinit$$00000023          0x08000228   Section        0  libinit2.o(.ARM.Collect$$libinit$$00000023)
    .ARM.Collect$$libinit$$00000025          0x08000228   Section        0  libinit2.o(.ARM.Collect$$libinit$$00000025)
    .ARM.Collect$$libinit$$0000002C          0x08000228   Section        0  libinit2.o(.ARM.Collect$$libinit$$0000002C)
    .ARM.Collect$$libinit$$0000002E          0x08000228   Section        0  libinit2.o(.ARM.Collect$$libinit$$0000002E)
    .ARM.Collect$$libinit$$00000030          0x08000228   Section        0  libinit2.o(.ARM.Collect$$libinit$$00000030)
    .ARM.Collect$$libinit$$00000032          0x08000228   Section        0  libinit2.o(.ARM.Collect$$libinit$$00000032)
    .ARM.Collect$$libinit$$00000033          0x08000228   Section        2  libinit2.o(.ARM.Collect$$libinit$$00000033)
    .ARM.Collect$$libshutdown$$00000000      0x0800022a   Section        2  libshutdown.o(.ARM.Collect$$libshutdown$$00000000)
    .ARM.Collect$$libshutdown$$00000003      0x0800022c   Section        0  libshutdown2.o(.ARM.Collect$$libshutdown$$00000003)
    .ARM.Collect$$libshutdown$$00000006      0x0800022c   Section        0  libshutdown2.o(.ARM.Collect$$libshutdown$$00000006)
    .ARM.Collect$$libshutdown$$00000009      0x0800022c   Section        0  libshutdown2.o(.ARM.Collect$$libshutdown$$00000009)
    .ARM.Collect$$libshutdown$$0000000B      0x0800022c   Section        0  libshutdown2.o(.ARM.Collect$$libshutdown$$0000000B)
    .ARM.Collect$$libshutdown$$0000000E      0x0800022c   Section        0  libshutdown2.o(.ARM.Collect$$libshutdown$$0000000E)
    .ARM.Collect$$libshutdown$$0000000F      0x0800022c   Section        2  libshutdown2.o(.ARM.Collect$$libshutdown$$0000000F)
    .ARM.Collect$$rtentry$$00000000          0x0800022e   Section        0  __rtentry.o(.ARM.Collect$$rtentry$$00000000)
    .ARM.Collect$$rtentry$$00000002          0x0800022e   Section        0  __rtentry2.o(.ARM.Collect$$rtentry$$00000002)
    .ARM.Collect$$rtentry$$00000004          0x0800022e   Section        6  __rtentry4.o(.ARM.Collect$$rtentry$$00000004)
    .ARM.Collect$$rtentry$$00000009          0x08000234   Section        0  __rtentry2.o(.ARM.Collect$$rtentry$$00000009)
    .ARM.Collect$$rtentry$$0000000A          0x08000234   Section        4  __rtentry2.o(.ARM.Collect$$rtentry$$0000000A)
    .ARM.Collect$$rtentry$$0000000C          0x08000238   Section        0  __rtentry2.o(.ARM.Collect$$rtentry$$0000000C)
    .ARM.Collect$$rtentry$$0000000D          0x08000238   Section        8  __rtentry2.o(.ARM.Collect$$rtentry$$0000000D)
    .ARM.Collect$$rtexit$$00000000           0x08000240   Section        2  rtexit.o(.ARM.Collect$$rtexit$$00000000)
    .ARM.Collect$$rtexit$$00000002           0x08000242   Section        0  rtexit2.o(.ARM.Collect$$rtexit$$00000002)
    .ARM.Collect$$rtexit$$00000003           0x08000242   Section        4  rtexit2.o(.ARM.Collect$$rtexit$$00000003)
    .ARM.Collect$$rtexit$$00000004           0x08000246   Section        6  rtexit2.o(.ARM.Collect$$rtexit$$00000004)
    .text                                    0x0800024c   Section        0  main.o(.text)
    .text                                    0x08002670   Section        0  stm32f4xx_it.o(.text)
    .text                                    0x0800268c   Section        0  system_stm32f4xx.o(.text)
    SetSysClock                              0x0800268d   Thumb Code   220  system_stm32f4xx.o(.text)
    .text                                    0x0800289c   Section        0  key.o(.text)
    .text                                    0x080028cc   Section        0  lcd.o(.text)
    .text                                    0x0800754c   Section        0  led.o(.text)
    .text                                    0x080076f4   Section        0  matrixkey.o(.text)
    .text                                    0x080078e8   Section        0  fdc2214.o(.text)
    .text                                    0x08008210   Section        0  beep.o(.text)
    .text                                    0x08008470   Section        0  delay.o(.text)
    .text                                    0x08008574   Section        0  sys.o(.text)
    .text                                    0x08008654   Section        0  usart.o(.text)
    .text                                    0x080087a0   Section       64  startup_stm32f40_41xxx.o(.text)
    $v0                                      0x080087a0   Number         0  startup_stm32f40_41xxx.o(.text)
    .text                                    0x080087e0   Section        0  misc.o(.text)
    .text                                    0x080088c0   Section        0  stm32f4xx_gpio.o(.text)
    .text                                    0x08008b54   Section        0  stm32f4xx_usart.o(.text)
    .text                                    0x08008fa8   Section        0  stm32f4xx_fsmc.o(.text)
    .text                                    0x08009570   Section        0  stm32f4xx_rcc.o(.text)
    .text                                    0x08009bcc   Section        2  use_no_semi_2.o(.text)
    .text                                    0x08009bd0   Section        0  noretval__2printf.o(.text)
    .text                                    0x08009be8   Section        0  _printf_pad.o(.text)
    .text                                    0x08009c38   Section        0  _printf_dec.o(.text)
    .text                                    0x08009cb0   Section        0  _printf_hex_int.o(.text)
    .text                                    0x08009d08   Section        0  __printf_wp.o(.text)
    .text                                    0x08009e16   Section        0  heapauxi.o(.text)
    .text                                    0x08009e1c   Section        2  use_no_semi.o(.text)
    .text                                    0x08009e1e   Section        0  _printf_intcommon.o(.text)
    .text                                    0x08009ed0   Section        0  _printf_fp_dec.o(.text)
    _fp_digits                               0x08009ed3   Thumb Code   428  _printf_fp_dec.o(.text)
    .text                                    0x0800a2ec   Section        0  _printf_char_file.o(.text)
    .text                                    0x0800a310   Section        8  rt_locale_intlibspace.o(.text)
    .text                                    0x0800a318   Section      138  lludiv10.o(.text)
    .text                                    0x0800a3a4   Section        0  _printf_char_common.o(.text)
    _printf_input_char                       0x0800a3a5   Thumb Code    10  _printf_char_common.o(.text)
    .text                                    0x0800a3d4   Section        0  _printf_fp_infnan.o(.text)
    .text                                    0x0800a454   Section        0  bigflt0.o(.text)
    .text                                    0x0800a530   Section        0  ferror.o(.text)
    .text                                    0x0800a538   Section        8  libspace.o(.text)
    .text                                    0x0800a540   Section       74  sys_stackheap_outer.o(.text)
    .text                                    0x0800a58a   Section        0  exit.o(.text)
    .text                                    0x0800a598   Section      128  strcmpv7m.o(.text)
    CL$$btod_d2e                             0x0800a618   Section       62  btod.o(CL$$btod_d2e)
    CL$$btod_d2e_denorm_low                  0x0800a656   Section       70  btod.o(CL$$btod_d2e_denorm_low)
    CL$$btod_d2e_norm_op1                    0x0800a69c   Section       96  btod.o(CL$$btod_d2e_norm_op1)
    CL$$btod_div_common                      0x0800a6fc   Section      824  btod.o(CL$$btod_div_common)
    CL$$btod_e2e                             0x0800aa34   Section      198  btod.o(CL$$btod_e2e)
    CL$$btod_ediv                            0x0800aafa   Section       40  btod.o(CL$$btod_ediv)
    CL$$btod_emul                            0x0800ab22   Section       40  btod.o(CL$$btod_emul)
    CL$$btod_mult_common                     0x0800ab4a   Section      580  btod.o(CL$$btod_mult_common)
    i.__ARM_fpclassify                       0x0800ad8e   Section        0  fpclassify.o(i.__ARM_fpclassify)
    i.__hardfp_fabs                          0x0800adbe   Section        0  fabs.o(i.__hardfp_fabs)
    i._is_digit                              0x0800add2   Section        0  __printf_wp.o(i._is_digit)
    locale$$code                             0x0800ade0   Section       44  lc_numeric_c.o(locale$$code)
    x$fpl$d2f                                0x0800ae0c   Section       98  d2f.o(x$fpl$d2f)
    $v0                                      0x0800ae0c   Number         0  d2f.o(x$fpl$d2f)
    x$fpl$dcmpinf                            0x0800ae6e   Section       24  dcmpi.o(x$fpl$dcmpinf)
    $v0                                      0x0800ae6e   Number         0  dcmpi.o(x$fpl$dcmpinf)
    x$fpl$ddiv                               0x0800ae88   Section      688  ddiv.o(x$fpl$ddiv)
    $v0                                      0x0800ae88   Number         0  ddiv.o(x$fpl$ddiv)
    ddiv_entry                               0x0800ae8f   Thumb Code     0  ddiv.o(x$fpl$ddiv)
    x$fpl$dfix                               0x0800b138   Section       94  dfix.o(x$fpl$dfix)
    $v0                                      0x0800b138   Number         0  dfix.o(x$fpl$dfix)
    x$fpl$dfixu                              0x0800b198   Section       90  dfixu.o(x$fpl$dfixu)
    $v0                                      0x0800b198   Number         0  dfixu.o(x$fpl$dfixu)
    x$fpl$dflt                               0x0800b1f2   Section       46  dflt_clz.o(x$fpl$dflt)
    $v0                                      0x0800b1f2   Number         0  dflt_clz.o(x$fpl$dflt)
    x$fpl$dfltu                              0x0800b220   Section       38  dflt_clz.o(x$fpl$dfltu)
    $v0                                      0x0800b220   Number         0  dflt_clz.o(x$fpl$dfltu)
    x$fpl$dleqf                              0x0800b248   Section      120  dleqf.o(x$fpl$dleqf)
    $v0                                      0x0800b248   Number         0  dleqf.o(x$fpl$dleqf)
    x$fpl$dmul                               0x0800b2c0   Section      340  dmul.o(x$fpl$dmul)
    $v0                                      0x0800b2c0   Number         0  dmul.o(x$fpl$dmul)
    x$fpl$dnaninf                            0x0800b414   Section      156  dnaninf.o(x$fpl$dnaninf)
    $v0                                      0x0800b414   Number         0  dnaninf.o(x$fpl$dnaninf)
    x$fpl$dretinf                            0x0800b4b0   Section       12  dretinf.o(x$fpl$dretinf)
    $v0                                      0x0800b4b0   Number         0  dretinf.o(x$fpl$dretinf)
    x$fpl$f2d                                0x0800b4bc   Section       86  f2d.o(x$fpl$f2d)
    $v0                                      0x0800b4bc   Number         0  f2d.o(x$fpl$f2d)
    x$fpl$fnaninf                            0x0800b512   Section      140  fnaninf.o(x$fpl$fnaninf)
    $v0                                      0x0800b512   Number         0  fnaninf.o(x$fpl$fnaninf)
    x$fpl$fpinit                             0x0800b59e   Section       10  fpinit.o(x$fpl$fpinit)
    $v0                                      0x0800b59e   Number         0  fpinit.o(x$fpl$fpinit)
    x$fpl$fretinf                            0x0800b5a8   Section       10  fretinf.o(x$fpl$fretinf)
    $v0                                      0x0800b5a8   Number         0  fretinf.o(x$fpl$fretinf)
    x$fpl$printf1                            0x0800b5b2   Section        4  printf1.o(x$fpl$printf1)
    $v0                                      0x0800b5b2   Number         0  printf1.o(x$fpl$printf1)
    .constdata                               0x0800b5b6   Section     6080  lcd.o(.constdata)
    x$fpl$usenofp                            0x0800b5b6   Section        0  usenofp.o(x$fpl$usenofp)
    .constdata                               0x0800cd78   Section       28  stm32f4xx_fsmc.o(.constdata)
    .constdata                               0x0800cd94   Section       40  _printf_hex_int.o(.constdata)
    uc_hextab                                0x0800cd94   Data          20  _printf_hex_int.o(.constdata)
    lc_hextab                                0x0800cda8   Data          20  _printf_hex_int.o(.constdata)
    .constdata                               0x0800cdbc   Section      148  bigflt0.o(.constdata)
    tenpwrs_x                                0x0800cdbc   Data          60  bigflt0.o(.constdata)
    tenpwrs_i                                0x0800cdf8   Data          64  bigflt0.o(.constdata)
    .conststring                             0x0800ce50   Section       65  main.o(.conststring)
    locale$$data                             0x0800ceb4   Section       28  lc_numeric_c.o(locale$$data)
    __lcnum_c_name                           0x0800ceb8   Data           2  lc_numeric_c.o(locale$$data)
    __lcnum_c_start                          0x0800cec0   Data           0  lc_numeric_c.o(locale$$data)
    __lcnum_c_point                          0x0800cecc   Data           0  lc_numeric_c.o(locale$$data)
    __lcnum_c_thousands                      0x0800cece   Data           0  lc_numeric_c.o(locale$$data)
    __lcnum_c_grouping                       0x0800cecf   Data           0  lc_numeric_c.o(locale$$data)
    __lcnum_c_end                            0x0800ced0   Data           0  lc_numeric_c.o(locale$$data)
    .data                                    0x20000000   Section      112  main.o(.data)
    .data                                    0x20000070   Section       20  system_stm32f4xx.o(.data)
    .data                                    0x20000084   Section        4  lcd.o(.data)
    .data                                    0x20000088   Section        4  fdc2214.o(.data)
    .data                                    0x2000008c   Section        4  delay.o(.data)
    fac_us                                   0x2000008c   Data           1  delay.o(.data)
    fac_ms                                   0x2000008e   Data           2  delay.o(.data)
    .data                                    0x20000090   Section        6  usart.o(.data)
    .data                                    0x20000096   Section       16  stm32f4xx_rcc.o(.data)
    APBAHBPrescTable                         0x20000096   Data          16  stm32f4xx_rcc.o(.data)
    .bss                                     0x200000a8   Section       72  main.o(.bss)
    .bss                                     0x200000f0   Section       14  lcd.o(.bss)
    .bss                                     0x200000fe   Section      200  usart.o(.bss)
    .bss                                     0x200001c8   Section       96  libspace.o(.bss)
    HEAP                                     0x20000228   Section      512  startup_stm32f40_41xxx.o(HEAP)
    Heap_Mem                                 0x20000228   Data         512  startup_stm32f40_41xxx.o(HEAP)
    STACK                                    0x20000428   Section     1024  startup_stm32f40_41xxx.o(STACK)
    Stack_Mem                                0x20000428   Data        1024  startup_stm32f40_41xxx.o(STACK)
    __initial_sp                             0x20000828   Data           0  startup_stm32f40_41xxx.o(STACK)

    Global Symbols

    Symbol Name                              Value     Ov Type        Size  Object(Section)

    BuildAttributes$$THM_ISAv4$E$P$D$K$B$S$7EM$VFPi3$EXTD16$VFPS$VFMA$PE$A:L22UL41UL21$X:L11$S22US41US21$IEEE1$IW$USESV6$~STKCKD$USESV7$~SHL$OTIME$ROPI$IEEEJ$EBA8$UX$STANDARDLIB$REQ8$PRES8$EABIv2 0x00000000   Number         0  anon$$obj.o ABSOLUTE
    __ARM_use_no_argv                        0x00000000   Number         0  main.o ABSOLUTE
    _printf_flags                            0x00000000   Number         0  printf_stubs.o ABSOLUTE
    _printf_return_value                     0x00000000   Number         0  printf_stubs.o ABSOLUTE
    _printf_sizespec                         0x00000000   Number         0  printf_stubs.o ABSOLUTE
    _printf_widthprec                        0x00000000   Number         0  printf_stubs.o ABSOLUTE
    __ARM_exceptions_init                     - Undefined Weak Reference
    __alloca_initialize                       - Undefined Weak Reference
    __arm_preinit_                            - Undefined Weak Reference
    __cpp_initialize__aeabi_                  - Undefined Weak Reference
    __cxa_finalize                            - Undefined Weak Reference
    __sigvec_lookup                           - Undefined Weak Reference
    _atexit_init                              - Undefined Weak Reference
    _call_atexit_fns                          - Undefined Weak Reference
    _clock_init                               - Undefined Weak Reference
    _fp_trap_init                             - Undefined Weak Reference
    _fp_trap_shutdown                         - Undefined Weak Reference
    _get_lc_collate                           - Undefined Weak Reference
    _get_lc_ctype                             - Undefined Weak Reference
    _get_lc_monetary                          - Undefined Weak Reference
    _get_lc_time                              - Undefined Weak Reference
    _getenv_init                              - Undefined Weak Reference
    _handle_redirection                       - Undefined Weak Reference
    _init_alloc                               - Undefined Weak Reference
    _init_user_alloc                          - Undefined Weak Reference
    _initio                                   - Undefined Weak Reference
    _mutex_acquire                            - Undefined Weak Reference
    _mutex_release                            - Undefined Weak Reference
    _printf_truncate_signed                   - Undefined Weak Reference
    _printf_truncate_unsigned                 - Undefined Weak Reference
    _rand_init                                - Undefined Weak Reference
    _signal_finish                            - Undefined Weak Reference
    _signal_init                              - Undefined Weak Reference
    _terminate_alloc                          - Undefined Weak Reference
    _terminate_user_alloc                     - Undefined Weak Reference
    _terminateio                              - Undefined Weak Reference
    __Vectors_Size                           0x00000188   Number         0  startup_stm32f40_41xxx.o ABSOLUTE
    __Vectors                                0x08000000   Data           4  startup_stm32f40_41xxx.o(RESET)
    __Vectors_End                            0x08000188   Data           0  startup_stm32f40_41xxx.o(RESET)
    __main                                   0x08000189   Thumb Code     8  __main.o(!!!main)
    __scatterload                            0x08000191   Thumb Code     0  __scatter.o(!!!scatter)
    __scatterload_rt2                        0x08000191   Thumb Code    44  __scatter.o(!!!scatter)
    __scatterload_rt2_thumb_only             0x08000191   Thumb Code     0  __scatter.o(!!!scatter)
    __scatterload_null                       0x0800019f   Thumb Code     0  __scatter.o(!!!scatter)
    __scatterload_copy                       0x080001c5   Thumb Code    26  __scatter_copy.o(!!handler_copy)
    __scatterload_zeroinit                   0x080001e1   Thumb Code    28  __scatter_zi.o(!!handler_zi)
    _printf_f                                0x080001fd   Thumb Code     0  _printf_f.o(.ARM.Collect$$_printf_percent$$00000003)
    _printf_percent                          0x080001fd   Thumb Code     0  _printf_percent.o(.ARM.Collect$$_printf_percent$$00000000)
    _printf_d                                0x08000203   Thumb Code     0  _printf_d.o(.ARM.Collect$$_printf_percent$$00000009)
    _printf_x                                0x08000209   Thumb Code     0  _printf_x.o(.ARM.Collect$$_printf_percent$$0000000C)
    _printf_percent_end                      0x0800020f   Thumb Code     0  _printf_percent_end.o(.ARM.Collect$$_printf_percent$$00000017)
    __rt_lib_init                            0x08000213   Thumb Code     0  libinit.o(.ARM.Collect$$libinit$$00000000)
    __rt_lib_init_fp_1                       0x08000215   Thumb Code     0  libinit2.o(.ARM.Collect$$libinit$$00000001)
    __rt_lib_init_heap_1                     0x08000219   Thumb Code     0  libinit2.o(.ARM.Collect$$libinit$$0000000A)
    __rt_lib_init_lc_common                  0x08000219   Thumb Code     0  libinit2.o(.ARM.Collect$$libinit$$0000000F)
    __rt_lib_init_preinit_1                  0x08000219   Thumb Code     0  libinit2.o(.ARM.Collect$$libinit$$00000004)
    __rt_lib_init_rand_1                     0x08000219   Thumb Code     0  libinit2.o(.ARM.Collect$$libinit$$0000000E)
    __rt_lib_init_user_alloc_1               0x08000219   Thumb Code     0  libinit2.o(.ARM.Collect$$libinit$$0000000C)
    __rt_lib_init_lc_collate_1               0x0800021f   Thumb Code     0  libinit2.o(.ARM.Collect$$libinit$$00000011)
    __rt_lib_init_lc_ctype_1                 0x0800021f   Thumb Code     0  libinit2.o(.ARM.Collect$$libinit$$00000013)
    __rt_lib_init_lc_monetary_1              0x0800021f   Thumb Code     0  libinit2.o(.ARM.Collect$$libinit$$00000015)
    __rt_lib_init_lc_numeric_2               0x0800021f   Thumb Code     0  libinit2.o(.ARM.Collect$$libinit$$00000016)
    __rt_lib_init_alloca_1                   0x08000229   Thumb Code     0  libinit2.o(.ARM.Collect$$libinit$$0000002E)
    __rt_lib_init_argv_1                     0x08000229   Thumb Code     0  libinit2.o(.ARM.Collect$$libinit$$0000002C)
    __rt_lib_init_atexit_1                   0x08000229   Thumb Code     0  libinit2.o(.ARM.Collect$$libinit$$0000001B)
    __rt_lib_init_clock_1                    0x08000229   Thumb Code     0  libinit2.o(.ARM.Collect$$libinit$$00000021)
    __rt_lib_init_cpp_1                      0x08000229   Thumb Code     0  libinit2.o(.ARM.Collect$$libinit$$00000032)
    __rt_lib_init_exceptions_1               0x08000229   Thumb Code     0  libinit2.o(.ARM.Collect$$libinit$$00000030)
    __rt_lib_init_fp_trap_1                  0x08000229   Thumb Code     0  libinit2.o(.ARM.Collect$$libinit$$0000001F)
    __rt_lib_init_getenv_1                   0x08000229   Thumb Code     0  libinit2.o(.ARM.Collect$$libinit$$00000023)
    __rt_lib_init_lc_numeric_1               0x08000229   Thumb Code     0  libinit2.o(.ARM.Collect$$libinit$$00000017)
    __rt_lib_init_lc_time_1                  0x08000229   Thumb Code     0  libinit2.o(.ARM.Collect$$libinit$$00000019)
    __rt_lib_init_return                     0x08000229   Thumb Code     0  libinit2.o(.ARM.Collect$$libinit$$00000033)
    __rt_lib_init_signal_1                   0x08000229   Thumb Code     0  libinit2.o(.ARM.Collect$$libinit$$0000001D)
    __rt_lib_init_stdio_1                    0x08000229   Thumb Code     0  libinit2.o(.ARM.Collect$$libinit$$00000025)
    __rt_lib_shutdown                        0x0800022b   Thumb Code     0  libshutdown.o(.ARM.Collect$$libshutdown$$00000000)
    __rt_lib_shutdown_fp_trap_1              0x0800022d   Thumb Code     0  libshutdown2.o(.ARM.Collect$$libshutdown$$00000006)
    __rt_lib_shutdown_heap_1                 0x0800022d   Thumb Code     0  libshutdown2.o(.ARM.Collect$$libshutdown$$0000000E)
    __rt_lib_shutdown_return                 0x0800022d   Thumb Code     0  libshutdown2.o(.ARM.Collect$$libshutdown$$0000000F)
    __rt_lib_shutdown_signal_1               0x0800022d   Thumb Code     0  libshutdown2.o(.ARM.Collect$$libshutdown$$00000009)
    __rt_lib_shutdown_stdio_1                0x0800022d   Thumb Code     0  libshutdown2.o(.ARM.Collect$$libshutdown$$00000003)
    __rt_lib_shutdown_user_alloc_1           0x0800022d   Thumb Code     0  libshutdown2.o(.ARM.Collect$$libshutdown$$0000000B)
    __rt_entry                               0x0800022f   Thumb Code     0  __rtentry.o(.ARM.Collect$$rtentry$$00000000)
    __rt_entry_presh_1                       0x0800022f   Thumb Code     0  __rtentry2.o(.ARM.Collect$$rtentry$$00000002)
    __rt_entry_sh                            0x0800022f   Thumb Code     0  __rtentry4.o(.ARM.Collect$$rtentry$$00000004)
    __rt_entry_li                            0x08000235   Thumb Code     0  __rtentry2.o(.ARM.Collect$$rtentry$$0000000A)
    __rt_entry_postsh_1                      0x08000235   Thumb Code     0  __rtentry2.o(.ARM.Collect$$rtentry$$00000009)
    __rt_entry_main                          0x08000239   Thumb Code     0  __rtentry2.o(.ARM.Collect$$rtentry$$0000000D)
    __rt_entry_postli_1                      0x08000239   Thumb Code     0  __rtentry2.o(.ARM.Collect$$rtentry$$0000000C)
    __rt_exit                                0x08000241   Thumb Code     0  rtexit.o(.ARM.Collect$$rtexit$$00000000)
    __rt_exit_ls                             0x08000243   Thumb Code     0  rtexit2.o(.ARM.Collect$$rtexit$$00000003)
    __rt_exit_prels_1                        0x08000243   Thumb Code     0  rtexit2.o(.ARM.Collect$$rtexit$$00000002)
    __rt_exit_exit                           0x08000247   Thumb Code     0  rtexit2.o(.ARM.Collect$$rtexit$$00000004)
    MaxRange                                 0x0800024d   Thumb Code    96  main.o(.text)
    mean                                     0x080002ad   Thumb Code    56  main.o(.text)
    stdsd                                    0x080002e5   Thumb Code   132  main.o(.text)
    equal2                                   0x08000369   Thumb Code    20  main.o(.text)
    gesture_train                            0x0800037d   Thumb Code   400  main.o(.text)
    Parse_Key                                0x0800050d   Thumb Code  4214  main.o(.text)
    LCD_Shining                              0x08001583   Thumb Code  1248  main.o(.text)
    LCD_ShowNormalC                          0x08001a63   Thumb Code  1458  main.o(.text)
    main                                     0x08002015   Thumb Code  1394  main.o(.text)
    NMI_Handler                              0x08002671   Thumb Code     2  stm32f4xx_it.o(.text)
    HardFault_Handler                        0x08002673   Thumb Code     4  stm32f4xx_it.o(.text)
    MemManage_Handler                        0x08002677   Thumb Code     4  stm32f4xx_it.o(.text)
    BusFault_Handler                         0x0800267b   Thumb Code     4  stm32f4xx_it.o(.text)
    UsageFault_Handler                       0x0800267f   Thumb Code     4  stm32f4xx_it.o(.text)
    SVC_Handler                              0x08002683   Thumb Code     2  stm32f4xx_it.o(.text)
    DebugMon_Handler                         0x08002685   Thumb Code     2  stm32f4xx_it.o(.text)
    PendSV_Handler                           0x08002687   Thumb Code     2  stm32f4xx_it.o(.text)
    SysTick_Handler                          0x08002689   Thumb Code     2  stm32f4xx_it.o(.text)
    SystemInit                               0x08002769   Thumb Code    88  system_stm32f4xx.o(.text)
    SystemCoreClockUpdate                    0x080027c1   Thumb Code   174  system_stm32f4xx.o(.text)
    KEY_Init                                 0x0800289d   Thumb Code    42  key.o(.text)
    LCD_WR_REG                               0x080028cd   Thumb Code    18  lcd.o(.text)
    LCD_WR_DATA                              0x080028df   Thumb Code    20  lcd.o(.text)
    LCD_RD_DATA                              0x080028f3   Thumb Code    16  lcd.o(.text)
    LCD_WriteReg                             0x08002903   Thumb Code    14  lcd.o(.text)
    LCD_ReadReg                              0x08002911   Thumb Code    22  lcd.o(.text)
    LCD_WriteRAM_Prepare                     0x08002927   Thumb Code    10  lcd.o(.text)
    LCD_WriteRAM                             0x08002931   Thumb Code     8  lcd.o(.text)
    LCD_BGR2RGB                              0x08002939   Thumb Code    26  lcd.o(.text)
    opt_delay                                0x08002953   Thumb Code    14  lcd.o(.text)
    LCD_SetCursor                            0x08002961   Thumb Code   418  lcd.o(.text)
    LCD_ReadPoint                            0x08002b03   Thumb Code   360  lcd.o(.text)
    LCD_DisplayOn                            0x08002c6b   Thumb Code   102  lcd.o(.text)
    LCD_DisplayOff                           0x08002cd1   Thumb Code    90  lcd.o(.text)
    LCD_Scan_Dir                             0x08002d2b   Thumb Code   744  lcd.o(.text)
    LCD_DrawPoint                            0x08003013   Thumb Code    28  lcd.o(.text)
    LCD_Fast_DrawPoint                       0x0800302f   Thumb Code   388  lcd.o(.text)
    LCD_SSD_BackLightSet                     0x080031b3   Thumb Code    88  lcd.o(.text)
    LCD_Display_Dir                          0x0800320b   Thumb Code   444  lcd.o(.text)
    LCD_Set_Window                           0x080033c7   Thumb Code   546  lcd.o(.text)
    LCD_Clear                                0x080035e9   Thumb Code   100  lcd.o(.text)
    LCD_Init                                 0x0800364d   Thumb Code 14696  lcd.o(.text)
    LCD_Fill                                 0x08006fb5   Thumb Code   180  lcd.o(.text)
    LCD_Color_Fill                           0x08007069   Thumb Code   100  lcd.o(.text)
    LCD_DrawLine                             0x080070cd   Thumb Code   176  lcd.o(.text)
    LCD_DrawRectangle                        0x0800717d   Thumb Code    60  lcd.o(.text)
    LCD_Draw_Circle                          0x080071b9   Thumb Code   152  lcd.o(.text)
    LCD_ShowChar                             0x08007251   Thumb Code   272  lcd.o(.text)
    LCD_Pow                                  0x08007361   Thumb Code    22  lcd.o(.text)
    LCD_ShowNum                              0x08007377   Thumb Code   148  lcd.o(.text)
    LCD_ShowxNum                             0x0800740b   Thumb Code   220  lcd.o(.text)
    LCD_ShowString                           0x080074e7   Thumb Code   102  lcd.o(.text)
    LED_Init                                 0x0800754d   Thumb Code   112  led.o(.text)
    LED_Training                             0x080075bd   Thumb Code    22  led.o(.text)
    LED_Trainsuccess                         0x080075d3   Thumb Code    24  led.o(.text)
    LED_Trainfail                            0x080075eb   Thumb Code    22  led.o(.text)
    LED_Off                                  0x08007601   Thumb Code    42  led.o(.text)
    LED_gesture_on                           0x0800762b   Thumb Code    82  led.o(.text)
    LED_gestureST_on                         0x0800767d   Thumb Code    30  led.o(.text)
    LED_gestureJD_on                         0x0800769b   Thumb Code    32  led.o(.text)
    LED_gestureB_on                          0x080076bb   Thumb Code    32  led.o(.text)
    MATRI4X4KEY_Init                         0x080076f5   Thumb Code    78  matrixkey.o(.text)
    MATRI4_4KEY_Scan                         0x08007743   Thumb Code   120  matrixkey.o(.text)
    MATRI4X4KEY_Scan                         0x080077bb   Thumb Code   266  matrixkey.o(.text)
    FDC_IIC_Delay                            0x080078e9   Thumb Code    10  fdc2214.o(.text)
    ZFDC_IIC_Delay                           0x080078f3   Thumb Code    10  fdc2214.o(.text)
    FDC_GPIO_Init                            0x080078fd   Thumb Code     2  fdc2214.o(.text)
    ZFDC_GPIO_Init                           0x080078ff   Thumb Code     2  fdc2214.o(.text)
    FDC_IIC_Init                             0x08007901   Thumb Code    56  fdc2214.o(.text)
    ZFDC_IIC_Init                            0x08007939   Thumb Code    56  fdc2214.o(.text)
    FDC_IIC_Start                            0x08007971   Thumb Code    60  fdc2214.o(.text)
    ZFDC_IIC_Start                           0x080079ad   Thumb Code    64  fdc2214.o(.text)
    FDC_IIC_Stop                             0x080079ed   Thumb Code    62  fdc2214.o(.text)
    ZFDC_IIC_Stop                            0x08007a2b   Thumb Code    62  fdc2214.o(.text)
    FDC_IIC_Wait_Ack                         0x08007a69   Thumb Code    82  fdc2214.o(.text)
    ZFDC_IIC_Wait_Ack                        0x08007abb   Thumb Code    84  fdc2214.o(.text)
    FDC_IIC_Ack                              0x08007b0f   Thumb Code    66  fdc2214.o(.text)
    ZFDC_IIC_Ack                             0x08007b51   Thumb Code    66  fdc2214.o(.text)
    FDC_IIC_NAck                             0x08007b93   Thumb Code    66  fdc2214.o(.text)
    ZFDC_IIC_NAck                            0x08007bd5   Thumb Code    66  fdc2214.o(.text)
    FDC_IIC_Send_Byte                        0x08007c17   Thumb Code    82  fdc2214.o(.text)
    ZFDC_IIC_Send_Byte                       0x08007c69   Thumb Code    84  fdc2214.o(.text)
    FDC_IIC_Read_Byte                        0x08007cbd   Thumb Code   104  fdc2214.o(.text)
    ZFDC_IIC_Read_Byte                       0x08007d25   Thumb Code    90  fdc2214.o(.text)
    Set_FDC2214                              0x08007d7f   Thumb Code    90  fdc2214.o(.text)
    ZSet_FDC2214                             0x08007dd9   Thumb Code    90  fdc2214.o(.text)
    FDC_Read                                 0x08007e33   Thumb Code    66  fdc2214.o(.text)
    ZFDC_Read                                0x08007e75   Thumb Code    66  fdc2214.o(.text)
    FCD2214_ReadCH                           0x08007eb7   Thumb Code   120  fdc2214.o(.text)
    ZFCD2214_ReadCH                          0x08007f2f   Thumb Code   120  fdc2214.o(.text)
    FDC2214_Init                             0x08007fa7   Thumb Code   226  fdc2214.o(.text)
    ZFDC2214_Init                            0x08008089   Thumb Code   242  fdc2214.o(.text)
    Cap_Calculate                            0x0800817b   Thumb Code    68  fdc2214.o(.text)
    ZCap_Calculate                           0x080081bf   Thumb Code    68  fdc2214.o(.text)
    BEEP_Init                                0x08008211   Thumb Code    56  beep.o(.text)
    Piano                                    0x08008249   Thumb Code   326  beep.o(.text)
    delay_init                               0x08008471   Thumb Code    52  delay.o(.text)
    delay_us                                 0x080084a5   Thumb Code    72  delay.o(.text)
    delay_xms                                0x080084ed   Thumb Code    72  delay.o(.text)
    delay_ms                                 0x08008535   Thumb Code    56  delay.o(.text)
    GPIO_Set                                 0x08008575   Thumb Code   222  sys.o(.text)
    _sys_exit                                0x08008655   Thumb Code     6  usart.o(.text)
    fputc                                    0x0800865b   Thumb Code    22  usart.o(.text)
    uart_init                                0x08008671   Thumb Code   164  usart.o(.text)
    USART1_IRQHandler                        0x08008715   Thumb Code   122  usart.o(.text)
    Reset_Handler                            0x080087a1   Thumb Code     8  startup_stm32f40_41xxx.o(.text)
    ADC_IRQHandler                           0x080087bb   Thumb Code     0  startup_stm32f40_41xxx.o(.text)
    CAN1_RX0_IRQHandler                      0x080087bb   Thumb Code     0  startup_stm32f40_41xxx.o(.text)
    CAN1_RX1_IRQHandler                      0x080087bb   Thumb Code     0  startup_stm32f40_41xxx.o(.text)
    CAN1_SCE_IRQHandler                      0x080087bb   Thumb Code     0  startup_stm32f40_41xxx.o(.text)
    CAN1_TX_IRQHandler                       0x080087bb   Thumb Code     0  startup_stm32f40_41xxx.o(.text)
    CAN2_RX0_IRQHandler                      0x080087bb   Thumb Code     0  startup_stm32f40_41xxx.o(.text)
    CAN2_RX1_IRQHandler                      0x080087bb   Thumb Code     0  startup_stm32f40_41xxx.o(.text)
    CAN2_SCE_IRQHandler                      0x080087bb   Thumb Code     0  startup_stm32f40_41xxx.o(.text)
    CAN2_TX_IRQHandler                       0x080087bb   Thumb Code     0  startup_stm32f40_41xxx.o(.text)
    CRYP_IRQHandler                          0x080087bb   Thumb Code     0  startup_stm32f40_41xxx.o(.text)
    DCMI_IRQHandler                          0x080087bb   Thumb Code     0  startup_stm32f40_41xxx.o(.text)
    DMA1_Stream0_IRQHandler                  0x080087bb   Thumb Code     0  startup_stm32f40_41xxx.o(.text)
    DMA1_Stream1_IRQHandler                  0x080087bb   Thumb Code     0  startup_stm32f40_41xxx.o(.text)
    DMA1_Stream2_IRQHandler                  0x080087bb   Thumb Code     0  startup_stm32f40_41xxx.o(.text)
    DMA1_Stream3_IRQHandler                  0x080087bb   Thumb Code     0  startup_stm32f40_41xxx.o(.text)
    DMA1_Stream4_IRQHandler                  0x080087bb   Thumb Code     0  startup_stm32f40_41xxx.o(.text)
    DMA1_Stream5_IRQHandler                  0x080087bb   Thumb Code     0  startup_stm32f40_41xxx.o(.text)
    DMA1_Stream6_IRQHandler                  0x080087bb   Thumb Code     0  startup_stm32f40_41xxx.o(.text)
    DMA1_Stream7_IRQHandler                  0x080087bb   Thumb Code     0  startup_stm32f40_41xxx.o(.text)
    DMA2_Stream0_IRQHandler                  0x080087bb   Thumb Code     0  startup_stm32f40_41xxx.o(.text)
    DMA2_Stream1_IRQHandler                  0x080087bb   Thumb Code     0  startup_stm32f40_41xxx.o(.text)
    DMA2_Stream2_IRQHandler                  0x080087bb   Thumb Code     0  startup_stm32f40_41xxx.o(.text)
    DMA2_Stream3_IRQHandler                  0x080087bb   Thumb Code     0  startup_stm32f40_41xxx.o(.text)
    DMA2_Stream4_IRQHandler                  0x080087bb   Thumb Code     0  startup_stm32f40_41xxx.o(.text)
    DMA2_Stream5_IRQHandler                  0x080087bb   Thumb Code     0  startup_stm32f40_41xxx.o(.text)
    DMA2_Stream6_IRQHandler                  0x080087bb   Thumb Code     0  startup_stm32f40_41xxx.o(.text)
    DMA2_Stream7_IRQHandler                  0x080087bb   Thumb Code     0  startup_stm32f40_41xxx.o(.text)
    ETH_IRQHandler                           0x080087bb   Thumb Code     0  startup_stm32f40_41xxx.o(.text)
    ETH_WKUP_IRQHandler                      0x080087bb   Thumb Code     0  startup_stm32f40_41xxx.o(.text)
    EXTI0_IRQHandler                         0x080087bb   Thumb Code     0  startup_stm32f40_41xxx.o(.text)
    EXTI15_10_IRQHandler                     0x080087bb   Thumb Code     0  startup_stm32f40_41xxx.o(.text)
    EXTI1_IRQHandler                         0x080087bb   Thumb Code     0  startup_stm32f40_41xxx.o(.text)
    EXTI2_IRQHandler                         0x080087bb   Thumb Code     0  startup_stm32f40_41xxx.o(.text)
    EXTI3_IRQHandler                         0x080087bb   Thumb Code     0  startup_stm32f40_41xxx.o(.text)
    EXTI4_IRQHandler                         0x080087bb   Thumb Code     0  startup_stm32f40_41xxx.o(.text)
    EXTI9_5_IRQHandler                       0x080087bb   Thumb Code     0  startup_stm32f40_41xxx.o(.text)
    FLASH_IRQHandler                         0x080087bb   Thumb Code     0  startup_stm32f40_41xxx.o(.text)
    FPU_IRQHandler                           0x080087bb   Thumb Code     0  startup_stm32f40_41xxx.o(.text)
    FSMC_IRQHandler                          0x080087bb   Thumb Code     0  startup_stm32f40_41xxx.o(.text)
    HASH_RNG_IRQHandler                      0x080087bb   Thumb Code     0  startup_stm32f40_41xxx.o(.text)
    I2C1_ER_IRQHandler                       0x080087bb   Thumb Code     0  startup_stm32f40_41xxx.o(.text)
    I2C1_EV_IRQHandler                       0x080087bb   Thumb Code     0  startup_stm32f40_41xxx.o(.text)
    I2C2_ER_IRQHandler                       0x080087bb   Thumb Code     0  startup_stm32f40_41xxx.o(.text)
    I2C2_EV_IRQHandler                       0x080087bb   Thumb Code     0  startup_stm32f40_41xxx.o(.text)
    I2C3_ER_IRQHandler                       0x080087bb   Thumb Code     0  startup_stm32f40_41xxx.o(.text)
    I2C3_EV_IRQHandler                       0x080087bb   Thumb Code     0  startup_stm32f40_41xxx.o(.text)
    OTG_FS_IRQHandler                        0x080087bb   Thumb Code     0  startup_stm32f40_41xxx.o(.text)
    OTG_FS_WKUP_IRQHandler                   0x080087bb   Thumb Code     0  startup_stm32f40_41xxx.o(.text)
    OTG_HS_EP1_IN_IRQHandler                 0x080087bb   Thumb Code     0  startup_stm32f40_41xxx.o(.text)
    OTG_HS_EP1_OUT_IRQHandler                0x080087bb   Thumb Code     0  startup_stm32f40_41xxx.o(.text)
    OTG_HS_IRQHandler                        0x080087bb   Thumb Code     0  startup_stm32f40_41xxx.o(.text)
    OTG_HS_WKUP_IRQHandler                   0x080087bb   Thumb Code     0  startup_stm32f40_41xxx.o(.text)
    PVD_IRQHandler                           0x080087bb   Thumb Code     0  startup_stm32f40_41xxx.o(.text)
    RCC_IRQHandler                           0x080087bb   Thumb Code     0  startup_stm32f40_41xxx.o(.text)
    RTC_Alarm_IRQHandler                     0x080087bb   Thumb Code     0  startup_stm32f40_41xxx.o(.text)
    RTC_WKUP_IRQHandler                      0x080087bb   Thumb Code     0  startup_stm32f40_41xxx.o(.text)
    SDIO_IRQHandler                          0x080087bb   Thumb Code     0  startup_stm32f40_41xxx.o(.text)
    SPI1_IRQHandler                          0x080087bb   Thumb Code     0  startup_stm32f40_41xxx.o(.text)
    SPI2_IRQHandler                          0x080087bb   Thumb Code     0  startup_stm32f40_41xxx.o(.text)
    SPI3_IRQHandler                          0x080087bb   Thumb Code     0  startup_stm32f40_41xxx.o(.text)
    TAMP_STAMP_IRQHandler                    0x080087bb   Thumb Code     0  startup_stm32f40_41xxx.o(.text)
    TIM1_BRK_TIM9_IRQHandler                 0x080087bb   Thumb Code     0  startup_stm32f40_41xxx.o(.text)
    TIM1_CC_IRQHandler                       0x080087bb   Thumb Code     0  startup_stm32f40_41xxx.o(.text)
    TIM1_TRG_COM_TIM11_IRQHandler            0x080087bb   Thumb Code     0  startup_stm32f40_41xxx.o(.text)
    TIM1_UP_TIM10_IRQHandler                 0x080087bb   Thumb Code     0  startup_stm32f40_41xxx.o(.text)
    TIM2_IRQHandler                          0x080087bb   Thumb Code     0  startup_stm32f40_41xxx.o(.text)
    TIM3_IRQHandler                          0x080087bb   Thumb Code     0  startup_stm32f40_41xxx.o(.text)
    TIM4_IRQHandler                          0x080087bb   Thumb Code     0  startup_stm32f40_41xxx.o(.text)
    TIM5_IRQHandler                          0x080087bb   Thumb Code     0  startup_stm32f40_41xxx.o(.text)
    TIM6_DAC_IRQHandler                      0x080087bb   Thumb Code     0  startup_stm32f40_41xxx.o(.text)
    TIM7_IRQHandler                          0x080087bb   Thumb Code     0  startup_stm32f40_41xxx.o(.text)
    TIM8_BRK_TIM12_IRQHandler                0x080087bb   Thumb Code     0  startup_stm32f40_41xxx.o(.text)
    TIM8_CC_IRQHandler                       0x080087bb   Thumb Code     0  startup_stm32f40_41xxx.o(.text)
    TIM8_TRG_COM_TIM14_IRQHandler            0x080087bb   Thumb Code     0  startup_stm32f40_41xxx.o(.text)
    TIM8_UP_TIM13_IRQHandler                 0x080087bb   Thumb Code     0  startup_stm32f40_41xxx.o(.text)
    UART4_IRQHandler                         0x080087bb   Thumb Code     0  startup_stm32f40_41xxx.o(.text)
    UART5_IRQHandler                         0x080087bb   Thumb Code     0  startup_stm32f40_41xxx.o(.text)
    USART2_IRQHandler                        0x080087bb   Thumb Code     0  startup_stm32f40_41xxx.o(.text)
    USART3_IRQHandler                        0x080087bb   Thumb Code     0  startup_stm32f40_41xxx.o(.text)
    USART6_IRQHandler                        0x080087bb   Thumb Code     0  startup_stm32f40_41xxx.o(.text)
    WWDG_IRQHandler                          0x080087bb   Thumb Code     0  startup_stm32f40_41xxx.o(.text)
    __user_initial_stackheap                 0x080087bd   Thumb Code     0  startup_stm32f40_41xxx.o(.text)
    NVIC_PriorityGroupConfig                 0x080087e1   Thumb Code    10  misc.o(.text)
    NVIC_Init                                0x080087eb   Thumb Code   106  misc.o(.text)
    NVIC_SetVectorTable                      0x08008855   Thumb Code    14  misc.o(.text)
    NVIC_SystemLPConfig                      0x08008863   Thumb Code    34  misc.o(.text)
    SysTick_CLKSourceConfig                  0x08008885   Thumb Code    40  misc.o(.text)
    GPIO_DeInit                              0x080088c1   Thumb Code   268  stm32f4xx_gpio.o(.text)
    GPIO_Init                                0x080089cd   Thumb Code   144  stm32f4xx_gpio.o(.text)
    GPIO_StructInit                          0x08008a5d   Thumb Code    18  stm32f4xx_gpio.o(.text)
    GPIO_PinLockConfig                       0x08008a6f   Thumb Code    34  stm32f4xx_gpio.o(.text)
    GPIO_ReadInputDataBit                    0x08008a91   Thumb Code    18  stm32f4xx_gpio.o(.text)
    GPIO_ReadInputData                       0x08008aa3   Thumb Code     8  stm32f4xx_gpio.o(.text)
    GPIO_ReadOutputDataBit                   0x08008aab   Thumb Code    18  stm32f4xx_gpio.o(.text)
    GPIO_ReadOutputData                      0x08008abd   Thumb Code     8  stm32f4xx_gpio.o(.text)
    GPIO_SetBits                             0x08008ac5   Thumb Code     4  stm32f4xx_gpio.o(.text)
    GPIO_ResetBits                           0x08008ac9   Thumb Code     4  stm32f4xx_gpio.o(.text)
    GPIO_WriteBit                            0x08008acd   Thumb Code    10  stm32f4xx_gpio.o(.text)
    GPIO_Write                               0x08008ad7   Thumb Code     4  stm32f4xx_gpio.o(.text)
    GPIO_ToggleBits                          0x08008adb   Thumb Code     8  stm32f4xx_gpio.o(.text)
    GPIO_PinAFConfig                         0x08008ae3   Thumb Code    70  stm32f4xx_gpio.o(.text)
    USART_DeInit                             0x08008b55   Thumb Code   206  stm32f4xx_usart.o(.text)
    USART_Init                               0x08008c23   Thumb Code   204  stm32f4xx_usart.o(.text)
    USART_StructInit                         0x08008cef   Thumb Code    24  stm32f4xx_usart.o(.text)
    USART_ClockInit                          0x08008d07   Thumb Code    32  stm32f4xx_usart.o(.text)
    USART_ClockStructInit                    0x08008d27   Thumb Code    12  stm32f4xx_usart.o(.text)
    USART_Cmd                                0x08008d33   Thumb Code    24  stm32f4xx_usart.o(.text)
    USART_SetPrescaler                       0x08008d4b   Thumb Code    16  stm32f4xx_usart.o(.text)
    USART_OverSampling8Cmd                   0x08008d5b   Thumb Code    22  stm32f4xx_usart.o(.text)
    USART_OneBitMethodCmd                    0x08008d71   Thumb Code    24  stm32f4xx_usart.o(.text)
    USART_SendData                           0x08008d89   Thumb Code     8  stm32f4xx_usart.o(.text)
    USART_ReceiveData                        0x08008d91   Thumb Code    10  stm32f4xx_usart.o(.text)
    USART_SetAddress                         0x08008d9b   Thumb Code    18  stm32f4xx_usart.o(.text)
    USART_ReceiverWakeUpCmd                  0x08008dad   Thumb Code    24  stm32f4xx_usart.o(.text)
    USART_WakeUpConfig                       0x08008dc5   Thumb Code    18  stm32f4xx_usart.o(.text)
    USART_LINBreakDetectLengthConfig         0x08008dd7   Thumb Code    18  stm32f4xx_usart.o(.text)
    USART_LINCmd                             0x08008de9   Thumb Code    24  stm32f4xx_usart.o(.text)
    USART_SendBreak                          0x08008e01   Thumb Code    10  stm32f4xx_usart.o(.text)
    USART_HalfDuplexCmd                      0x08008e0b   Thumb Code    24  stm32f4xx_usart.o(.text)
    USART_SetGuardTime                       0x08008e23   Thumb Code    16  stm32f4xx_usart.o(.text)
    USART_SmartCardCmd                       0x08008e33   Thumb Code    24  stm32f4xx_usart.o(.text)
    USART_SmartCardNACKCmd                   0x08008e4b   Thumb Code    24  stm32f4xx_usart.o(.text)
    USART_IrDAConfig                         0x08008e63   Thumb Code    18  stm32f4xx_usart.o(.text)
    USART_IrDACmd                            0x08008e75   Thumb Code    24  stm32f4xx_usart.o(.text)
    USART_DMACmd                             0x08008e8d   Thumb Code    18  stm32f4xx_usart.o(.text)
    USART_ITConfig                           0x08008e9f   Thumb Code    74  stm32f4xx_usart.o(.text)
    USART_GetFlagStatus                      0x08008ee9   Thumb Code    26  stm32f4xx_usart.o(.text)
    USART_ClearFlag                          0x08008f03   Thumb Code    18  stm32f4xx_usart.o(.text)
    USART_GetITStatus                        0x08008f15   Thumb Code   118  stm32f4xx_usart.o(.text)
    USART_ClearITPendingBit                  0x08008f8b   Thumb Code    30  stm32f4xx_usart.o(.text)
    FSMC_NORSRAMDeInit                       0x08008fa9   Thumb Code    54  stm32f4xx_fsmc.o(.text)
    FSMC_NORSRAMInit                         0x08008fdf   Thumb Code   230  stm32f4xx_fsmc.o(.text)
    FSMC_NORSRAMStructInit                   0x080090c5   Thumb Code    48  stm32f4xx_fsmc.o(.text)
    FSMC_NORSRAMCmd                          0x080090f5   Thumb Code    46  stm32f4xx_fsmc.o(.text)
    FSMC_NANDDeInit                          0x08009123   Thumb Code    62  stm32f4xx_fsmc.o(.text)
    FSMC_NANDInit                            0x08009161   Thumb Code   132  stm32f4xx_fsmc.o(.text)
    FSMC_NANDStructInit                      0x080091e5   Thumb Code    54  stm32f4xx_fsmc.o(.text)
    FSMC_NANDCmd                             0x0800921b   Thumb Code    86  stm32f4xx_fsmc.o(.text)
    FSMC_NANDECCCmd                          0x08009271   Thumb Code    86  stm32f4xx_fsmc.o(.text)
    FSMC_GetECC                              0x080092c7   Thumb Code    24  stm32f4xx_fsmc.o(.text)
    FSMC_PCCARDDeInit                        0x080092df   Thumb Code    36  stm32f4xx_fsmc.o(.text)
    FSMC_PCCARDInit                          0x08009303   Thumb Code   130  stm32f4xx_fsmc.o(.text)
    FSMC_PCCARDStructInit                    0x08009385   Thumb Code    60  stm32f4xx_fsmc.o(.text)
    FSMC_PCCARDCmd                           0x080093c1   Thumb Code    44  stm32f4xx_fsmc.o(.text)
    FSMC_ITConfig                            0x080093ed   Thumb Code   128  stm32f4xx_fsmc.o(.text)
    FSMC_GetFlagStatus                       0x0800946d   Thumb Code    54  stm32f4xx_fsmc.o(.text)
    FSMC_ClearFlag                           0x080094a3   Thumb Code    74  stm32f4xx_fsmc.o(.text)
    FSMC_GetITStatus                         0x080094ed   Thumb Code    62  stm32f4xx_fsmc.o(.text)
    FSMC_ClearITPendingBit                   0x0800952b   Thumb Code    66  stm32f4xx_fsmc.o(.text)
    RCC_DeInit                               0x08009571   Thumb Code    82  stm32f4xx_rcc.o(.text)
    RCC_HSEConfig                            0x080095c3   Thumb Code    14  stm32f4xx_rcc.o(.text)
    RCC_GetFlagStatus                        0x080095d1   Thumb Code    60  stm32f4xx_rcc.o(.text)
    RCC_WaitForHSEStartUp                    0x0800960d   Thumb Code    56  stm32f4xx_rcc.o(.text)
    RCC_AdjustHSICalibrationValue            0x08009645   Thumb Code    20  stm32f4xx_rcc.o(.text)
    RCC_HSICmd                               0x08009659   Thumb Code     6  stm32f4xx_rcc.o(.text)
    RCC_LSEConfig                            0x0800965f   Thumb Code    46  stm32f4xx_rcc.o(.text)
    RCC_LSICmd                               0x0800968d   Thumb Code     6  stm32f4xx_rcc.o(.text)
    RCC_PLLConfig                            0x08009693   Thumb Code    32  stm32f4xx_rcc.o(.text)
    RCC_PLLCmd                               0x080096b3   Thumb Code     6  stm32f4xx_rcc.o(.text)
    RCC_PLLI2SConfig                         0x080096b9   Thumb Code    14  stm32f4xx_rcc.o(.text)
    RCC_PLLI2SCmd                            0x080096c7   Thumb Code     6  stm32f4xx_rcc.o(.text)
    RCC_PLLSAIConfig                         0x080096cd   Thumb Code    20  stm32f4xx_rcc.o(.text)
    RCC_PLLSAICmd                            0x080096e1   Thumb Code     6  stm32f4xx_rcc.o(.text)
    RCC_ClockSecuritySystemCmd               0x080096e7   Thumb Code     6  stm32f4xx_rcc.o(.text)
    RCC_MCO1Config                           0x080096ed   Thumb Code    28  stm32f4xx_rcc.o(.text)
    RCC_MCO2Config                           0x08009709   Thumb Code    28  stm32f4xx_rcc.o(.text)
    RCC_SYSCLKConfig                         0x08009725   Thumb Code    20  stm32f4xx_rcc.o(.text)
    RCC_GetSYSCLKSource                      0x08009739   Thumb Code    12  stm32f4xx_rcc.o(.text)
    RCC_HCLKConfig                           0x08009745   Thumb Code    20  stm32f4xx_rcc.o(.text)
    RCC_PCLK1Config                          0x08009759   Thumb Code    20  stm32f4xx_rcc.o(.text)
    RCC_PCLK2Config                          0x0800976d   Thumb Code    22  stm32f4xx_rcc.o(.text)
    RCC_GetClocksFreq                        0x08009783   Thumb Code   222  stm32f4xx_rcc.o(.text)
    RCC_RTCCLKConfig                         0x08009861   Thumb Code    54  stm32f4xx_rcc.o(.text)
    RCC_RTCCLKCmd                            0x08009897   Thumb Code     8  stm32f4xx_rcc.o(.text)
    RCC_BackupResetCmd                       0x0800989f   Thumb Code     8  stm32f4xx_rcc.o(.text)
    RCC_I2SCLKConfig                         0x080098a7   Thumb Code     6  stm32f4xx_rcc.o(.text)
    RCC_SAIPLLI2SClkDivConfig                0x080098ad   Thumb Code    26  stm32f4xx_rcc.o(.text)
    RCC_SAIPLLSAIClkDivConfig                0x080098c7   Thumb Code    28  stm32f4xx_rcc.o(.text)
    RCC_SAIBlockACLKConfig                   0x080098e3   Thumb Code    20  stm32f4xx_rcc.o(.text)
    RCC_SAIBlockBCLKConfig                   0x080098f7   Thumb Code    20  stm32f4xx_rcc.o(.text)
    RCC_LTDCCLKDivConfig                     0x0800990b   Thumb Code    20  stm32f4xx_rcc.o(.text)
    RCC_TIMCLKPresConfig                     0x0800991f   Thumb Code     6  stm32f4xx_rcc.o(.text)
    RCC_AHB1PeriphClockCmd                   0x08009925   Thumb Code    34  stm32f4xx_rcc.o(.text)
    RCC_AHB2PeriphClockCmd                   0x08009947   Thumb Code    78  stm32f4xx_rcc.o(.text)
    RCC_AHB3PeriphClockCmd                   0x08009995   Thumb Code    34  stm32f4xx_rcc.o(.text)
    RCC_APB1PeriphClockCmd                   0x080099b7   Thumb Code    34  stm32f4xx_rcc.o(.text)
    RCC_APB2PeriphClockCmd                   0x080099d9   Thumb Code    34  stm32f4xx_rcc.o(.text)
    RCC_AHB1PeriphResetCmd                   0x080099fb   Thumb Code    34  stm32f4xx_rcc.o(.text)
    RCC_AHB2PeriphResetCmd                   0x08009a1d   Thumb Code    34  stm32f4xx_rcc.o(.text)
    RCC_AHB3PeriphResetCmd                   0x08009a3f   Thumb Code    34  stm32f4xx_rcc.o(.text)
    RCC_APB1PeriphResetCmd                   0x08009a61   Thumb Code    34  stm32f4xx_rcc.o(.text)
    RCC_APB2PeriphResetCmd                   0x08009a83   Thumb Code    34  stm32f4xx_rcc.o(.text)
    RCC_AHB1PeriphClockLPModeCmd             0x08009aa5   Thumb Code    34  stm32f4xx_rcc.o(.text)
    RCC_AHB2PeriphClockLPModeCmd             0x08009ac7   Thumb Code    34  stm32f4xx_rcc.o(.text)
    RCC_AHB3PeriphClockLPModeCmd             0x08009ae9   Thumb Code    34  stm32f4xx_rcc.o(.text)
    RCC_APB1PeriphClockLPModeCmd             0x08009b0b   Thumb Code    34  stm32f4xx_rcc.o(.text)
    RCC_APB2PeriphClockLPModeCmd             0x08009b2d   Thumb Code    34  stm32f4xx_rcc.o(.text)
    RCC_LSEModeConfig                        0x08009b4f   Thumb Code    40  stm32f4xx_rcc.o(.text)
    RCC_ITConfig                             0x08009b77   Thumb Code    34  stm32f4xx_rcc.o(.text)
    RCC_ClearFlag                            0x08009b99   Thumb Code    18  stm32f4xx_rcc.o(.text)
    RCC_GetITStatus                          0x08009bab   Thumb Code    22  stm32f4xx_rcc.o(.text)
    RCC_ClearITPendingBit                    0x08009bc1   Thumb Code     8  stm32f4xx_rcc.o(.text)
    __use_no_semihosting                     0x08009bcd   Thumb Code     2  use_no_semi_2.o(.text)
    __2printf                                0x08009bd1   Thumb Code    20  noretval__2printf.o(.text)
    _printf_pre_padding                      0x08009be9   Thumb Code    44  _printf_pad.o(.text)
    _printf_post_padding                     0x08009c15   Thumb Code    34  _printf_pad.o(.text)
    _printf_int_dec                          0x08009c39   Thumb Code   104  _printf_dec.o(.text)
    _printf_int_hex                          0x08009cb1   Thumb Code    84  _printf_hex_int.o(.text)
    _printf_longlong_hex                     0x08009cb1   Thumb Code     0  _printf_hex_int.o(.text)
    __printf                                 0x08009d09   Thumb Code   270  __printf_wp.o(.text)
    __use_two_region_memory                  0x08009e17   Thumb Code     2  heapauxi.o(.text)
    __rt_heap_escrow$2region                 0x08009e19   Thumb Code     2  heapauxi.o(.text)
    __rt_heap_expand$2region                 0x08009e1b   Thumb Code     2  heapauxi.o(.text)
    __I$use$semihosting                      0x08009e1d   Thumb Code     0  use_no_semi.o(.text)
    __use_no_semihosting_swi                 0x08009e1d   Thumb Code     2  use_no_semi.o(.text)
    _printf_int_common                       0x08009e1f   Thumb Code   178  _printf_intcommon.o(.text)
    __lib_sel_fp_printf                      0x08009ed1   Thumb Code     2  _printf_fp_dec.o(.text)
    _printf_fp_dec_real                      0x0800a07f   Thumb Code   620  _printf_fp_dec.o(.text)
    _printf_char_file                        0x0800a2ed   Thumb Code    32  _printf_char_file.o(.text)
    __rt_locale                              0x0800a311   Thumb Code     8  rt_locale_intlibspace.o(.text)
    _ll_udiv10                               0x0800a319   Thumb Code   138  lludiv10.o(.text)
    _printf_char_common                      0x0800a3af   Thumb Code    32  _printf_char_common.o(.text)
    _printf_fp_infnan                        0x0800a3d5   Thumb Code   112  _printf_fp_infnan.o(.text)
    _btod_etento                             0x0800a455   Thumb Code   216  bigflt0.o(.text)
    ferror                                   0x0800a531   Thumb Code     8  ferror.o(.text)
    __user_libspace                          0x0800a539   Thumb Code     8  libspace.o(.text)
    __user_perproc_libspace                  0x0800a539   Thumb Code     0  libspace.o(.text)
    __user_perthread_libspace                0x0800a539   Thumb Code     0  libspace.o(.text)
    __user_setup_stackheap                   0x0800a541   Thumb Code    74  sys_stackheap_outer.o(.text)
    exit                                     0x0800a58b   Thumb Code    12  exit.o(.text)
    strcmp                                   0x0800a599   Thumb Code   128  strcmpv7m.o(.text)
    _btod_d2e                                0x0800a619   Thumb Code    62  btod.o(CL$$btod_d2e)
    _d2e_denorm_low                          0x0800a657   Thumb Code    70  btod.o(CL$$btod_d2e_denorm_low)
    _d2e_norm_op1                            0x0800a69d   Thumb Code    96  btod.o(CL$$btod_d2e_norm_op1)
    __btod_div_common                        0x0800a6fd   Thumb Code   696  btod.o(CL$$btod_div_common)
    _e2e                                     0x0800aa35   Thumb Code   198  btod.o(CL$$btod_e2e)
    _btod_ediv                               0x0800aafb   Thumb Code    40  btod.o(CL$$btod_ediv)
    _btod_emul                               0x0800ab23   Thumb Code    40  btod.o(CL$$btod_emul)
    __btod_mult_common                       0x0800ab4b   Thumb Code   580  btod.o(CL$$btod_mult_common)
    __ARM_fpclassify                         0x0800ad8f   Thumb Code    48  fpclassify.o(i.__ARM_fpclassify)
    __hardfp_fabs                            0x0800adbf   Thumb Code    20  fabs.o(i.__hardfp_fabs)
    _is_digit                                0x0800add3   Thumb Code    14  __printf_wp.o(i._is_digit)
    _get_lc_numeric                          0x0800ade1   Thumb Code    44  lc_numeric_c.o(locale$$code)
    __aeabi_d2f                              0x0800ae0d   Thumb Code     0  d2f.o(x$fpl$d2f)
    _d2f                                     0x0800ae0d   Thumb Code    98  d2f.o(x$fpl$d2f)
    __fpl_dcmp_Inf                           0x0800ae6f   Thumb Code    24  dcmpi.o(x$fpl$dcmpinf)
    __aeabi_ddiv                             0x0800ae89   Thumb Code     0  ddiv.o(x$fpl$ddiv)
    _ddiv                                    0x0800ae89   Thumb Code   552  ddiv.o(x$fpl$ddiv)
    __aeabi_d2iz                             0x0800b139   Thumb Code     0  dfix.o(x$fpl$dfix)
    _dfix                                    0x0800b139   Thumb Code    94  dfix.o(x$fpl$dfix)
    __aeabi_d2uiz                            0x0800b199   Thumb Code     0  dfixu.o(x$fpl$dfixu)
    _dfixu                                   0x0800b199   Thumb Code    90  dfixu.o(x$fpl$dfixu)
    __aeabi_i2d                              0x0800b1f3   Thumb Code     0  dflt_clz.o(x$fpl$dflt)
    _dflt                                    0x0800b1f3   Thumb Code    46  dflt_clz.o(x$fpl$dflt)
    __aeabi_ui2d                             0x0800b221   Thumb Code     0  dflt_clz.o(x$fpl$dfltu)
    _dfltu                                   0x0800b221   Thumb Code    38  dflt_clz.o(x$fpl$dfltu)
    __aeabi_cdcmple                          0x0800b249   Thumb Code     0  dleqf.o(x$fpl$dleqf)
    _dcmple                                  0x0800b249   Thumb Code   120  dleqf.o(x$fpl$dleqf)
    __fpl_dcmple_InfNaN                      0x0800b2ab   Thumb Code     0  dleqf.o(x$fpl$dleqf)
    __aeabi_dmul                             0x0800b2c1   Thumb Code     0  dmul.o(x$fpl$dmul)
    _dmul                                    0x0800b2c1   Thumb Code   332  dmul.o(x$fpl$dmul)
    __fpl_dnaninf                            0x0800b415   Thumb Code   156  dnaninf.o(x$fpl$dnaninf)
    __fpl_dretinf                            0x0800b4b1   Thumb Code    12  dretinf.o(x$fpl$dretinf)
    __aeabi_f2d                              0x0800b4bd   Thumb Code     0  f2d.o(x$fpl$f2d)
    _f2d                                     0x0800b4bd   Thumb Code    86  f2d.o(x$fpl$f2d)
    __fpl_fnaninf                            0x0800b513   Thumb Code   140  fnaninf.o(x$fpl$fnaninf)
    _fp_init                                 0x0800b59f   Thumb Code    10  fpinit.o(x$fpl$fpinit)
    __fplib_config_fpu_vfp                   0x0800b5a7   Thumb Code     0  fpinit.o(x$fpl$fpinit)
    __fplib_config_pureend_doubles           0x0800b5a7   Thumb Code     0  fpinit.o(x$fpl$fpinit)
    __fpl_fretinf                            0x0800b5a9   Thumb Code    10  fretinf.o(x$fpl$fretinf)
    _printf_fp_dec                           0x0800b5b3   Thumb Code     4  printf1.o(x$fpl$printf1)
    __I$use$fp                               0x0800b5b6   Number         0  usenofp.o(x$fpl$usenofp)
    asc2_1206                                0x0800b5b6   Data        1140  lcd.o(.constdata)
    asc2_1608                                0x0800ba2a   Data        1520  lcd.o(.constdata)
    asc2_2412                                0x0800c01a   Data        3420  lcd.o(.constdata)
    FSMC_DefaultTimingStruct                 0x0800cd78   Data          28  stm32f4xx_fsmc.o(.constdata)
    Region$$Table$$Base                      0x0800ce94   Number         0  anon$$obj.o(Region$$Table)
    Region$$Table$$Limit                     0x0800ceb4   Number         0  anon$$obj.o(Region$$Table)
    mean_g                                   0x20000000   Data          32  main.o(.data)
    printfmode                               0x20000020   Data           4  main.o(.data)
    compensation                             0x20000024   Data           4  main.o(.data)
    dynamicmode                              0x20000028   Data           4  main.o(.data)
    pianomode                                0x2000002c   Data           4  main.o(.data)
    mode                                     0x20000030   Data           4  main.o(.data)
    current_gesture                          0x20000034   Data           4  main.o(.data)
    train_status                             0x20000038   Data           4  main.o(.data)
    current_key                              0x2000003c   Data           4  main.o(.data)
    C0                                       0x20000040   Data           4  main.o(.data)
    C1                                       0x20000044   Data           4  main.o(.data)
    C2                                       0x20000048   Data           4  main.o(.data)
    C3                                       0x2000004c   Data           4  main.o(.data)
    C4                                       0x20000050   Data           4  main.o(.data)
    ZC0                                      0x20000054   Data           4  main.o(.data)
    ZC1                                      0x20000058   Data           4  main.o(.data)
    ZC2                                      0x2000005c   Data           4  main.o(.data)
    ZC3                                      0x20000060   Data           4  main.o(.data)
    ZC4                                      0x20000064   Data           4  main.o(.data)
    temp0                                    0x20000068   Data           4  main.o(.data)
    Ztemp0                                   0x2000006c   Data           4  main.o(.data)
    SystemCoreClock                          0x20000070   Data           4  system_stm32f4xx.o(.data)
    AHBPrescTable                            0x20000074   Data          16  system_stm32f4xx.o(.data)
    POINT_COLOR                              0x20000084   Data           2  lcd.o(.data)
    BACK_COLOR                               0x20000086   Data           2  lcd.o(.data)
    Data_FDC                                 0x20000088   Data           4  fdc2214.o(.data)
    __stdout                                 0x20000090   Data           4  usart.o(.data)
    USART_RX_STA                             0x20000094   Data           2  usart.o(.data)
    unst_g                                   0x200000a8   Data          32  main.o(.bss)
    measurebuffer                            0x200000c8   Data          40  main.o(.bss)
    lcddev                                   0x200000f0   Data          14  lcd.o(.bss)
    USART_RX_BUF                             0x200000fe   Data         200  usart.o(.bss)
    __libspace_start                         0x200001c8   Data          96  libspace.o(.bss)
    __temporary_stack_top$libspace           0x20000228   Data           0  libspace.o(.bss)



==============================================================================

Memory Map of the image

  Image Entry point : 0x08000189

  Load Region LR_IROM1 (Base: 0x08000000, Size: 0x0000cf78, Max: 0x00100000, ABSOLUTE)

    Execution Region ER_IROM1 (Base: 0x08000000, Size: 0x0000ced0, Max: 0x00100000, ABSOLUTE)

    Base Addr    Size         Type   Attr      Idx    E Section Name        Object

    0x08000000   0x00000188   Data   RO          491    RESET               startup_stm32f40_41xxx.o
    0x08000188   0x00000008   Code   RO          682  * !!!main             c_w.l(__main.o)
    0x08000190   0x00000034   Code   RO          939    !!!scatter          c_w.l(__scatter.o)
    0x080001c4   0x0000001a   Code   RO          941    !!handler_copy      c_w.l(__scatter_copy.o)
    0x080001de   0x00000002   PAD
    0x080001e0   0x0000001c   Code   RO          943    !!handler_zi        c_w.l(__scatter_zi.o)
    0x080001fc   0x00000000   Code   RO          679    .ARM.Collect$$_printf_percent$$00000000  c_w.l(_printf_percent.o)
    0x080001fc   0x00000006   Code   RO          678    .ARM.Collect$$_printf_percent$$00000003  c_w.l(_printf_f.o)
    0x08000202   0x00000006   Code   RO          677    .ARM.Collect$$_printf_percent$$00000009  c_w.l(_printf_d.o)
    0x08000208   0x00000006   Code   RO          676    .ARM.Collect$$_printf_percent$$0000000C  c_w.l(_printf_x.o)
    0x0800020e   0x00000004   Code   RO          727    .ARM.Collect$$_printf_percent$$00000017  c_w.l(_printf_percent_end.o)
    0x08000212   0x00000002   Code   RO          817    .ARM.Collect$$libinit$$00000000  c_w.l(libinit.o)
    0x08000214   0x00000004   Code   RO          818    .ARM.Collect$$libinit$$00000001  c_w.l(libinit2.o)
    0x08000218   0x00000000   Code   RO          821    .ARM.Collect$$libinit$$00000004  c_w.l(libinit2.o)
    0x08000218   0x00000000   Code   RO          824    .ARM.Collect$$libinit$$0000000A  c_w.l(libinit2.o)
    0x08000218   0x00000000   Code   RO          826    .ARM.Collect$$libinit$$0000000C  c_w.l(libinit2.o)
    0x08000218   0x00000000   Code   RO          828    .ARM.Collect$$libinit$$0000000E  c_w.l(libinit2.o)
    0x08000218   0x00000006   Code   RO          829    .ARM.Collect$$libinit$$0000000F  c_w.l(libinit2.o)
    0x0800021e   0x00000000   Code   RO          831    .ARM.Collect$$libinit$$00000011  c_w.l(libinit2.o)
    0x0800021e   0x00000000   Code   RO          833    .ARM.Collect$$libinit$$00000013  c_w.l(libinit2.o)
    0x0800021e   0x00000000   Code   RO          835    .ARM.Collect$$libinit$$00000015  c_w.l(libinit2.o)
    0x0800021e   0x0000000a   Code   RO          836    .ARM.Collect$$libinit$$00000016  c_w.l(libinit2.o)
    0x08000228   0x00000000   Code   RO          837    .ARM.Collect$$libinit$$00000017  c_w.l(libinit2.o)
    0x08000228   0x00000000   Code   RO          839    .ARM.Collect$$libinit$$00000019  c_w.l(libinit2.o)
    0x08000228   0x00000000   Code   RO          841    .ARM.Collect$$libinit$$0000001B  c_w.l(libinit2.o)
    0x08000228   0x00000000   Code   RO          843    .ARM.Collect$$libinit$$0000001D  c_w.l(libinit2.o)
    0x08000228   0x00000000   Code   RO          845    .ARM.Collect$$libinit$$0000001F  c_w.l(libinit2.o)
    0x08000228   0x00000000   Code   RO          847    .ARM.Collect$$libinit$$00000021  c_w.l(libinit2.o)
    0x08000228   0x00000000   Code   RO          849    .ARM.Collect$$libinit$$00000023  c_w.l(libinit2.o)
    0x08000228   0x00000000   Code   RO          851    .ARM.Collect$$libinit$$00000025  c_w.l(libinit2.o)
    0x08000228   0x00000000   Code   RO          855    .ARM.Collect$$libinit$$0000002C  c_w.l(libinit2.o)
    0x08000228   0x00000000   Code   RO          857    .ARM.Collect$$libinit$$0000002E  c_w.l(libinit2.o)
    0x08000228   0x00000000   Code   RO          859    .ARM.Collect$$libinit$$00000030  c_w.l(libinit2.o)
    0x08000228   0x00000000   Code   RO          861    .ARM.Collect$$libinit$$00000032  c_w.l(libinit2.o)
    0x08000228   0x00000002   Code   RO          862    .ARM.Collect$$libinit$$00000033  c_w.l(libinit2.o)
    0x0800022a   0x00000002   Code   RO          890    .ARM.Collect$$libshutdown$$00000000  c_w.l(libshutdown.o)
    0x0800022c   0x00000000   Code   RO          900    .ARM.Collect$$libshutdown$$00000003  c_w.l(libshutdown2.o)
    0x0800022c   0x00000000   Code   RO          903    .ARM.Collect$$libshutdown$$00000006  c_w.l(libshutdown2.o)
    0x0800022c   0x00000000   Code   RO          906    .ARM.Collect$$libshutdown$$00000009  c_w.l(libshutdown2.o)
    0x0800022c   0x00000000   Code   RO          908    .ARM.Collect$$libshutdown$$0000000B  c_w.l(libshutdown2.o)
    0x0800022c   0x00000000   Code   RO          911    .ARM.Collect$$libshutdown$$0000000E  c_w.l(libshutdown2.o)
    0x0800022c   0x00000002   Code   RO          912    .ARM.Collect$$libshutdown$$0000000F  c_w.l(libshutdown2.o)
    0x0800022e   0x00000000   Code   RO          720    .ARM.Collect$$rtentry$$00000000  c_w.l(__rtentry.o)
    0x0800022e   0x00000000   Code   RO          740    .ARM.Collect$$rtentry$$00000002  c_w.l(__rtentry2.o)
    0x0800022e   0x00000006   Code   RO          752    .ARM.Collect$$rtentry$$00000004  c_w.l(__rtentry4.o)
    0x08000234   0x00000000   Code   RO          742    .ARM.Collect$$rtentry$$00000009  c_w.l(__rtentry2.o)
    0x08000234   0x00000004   Code   RO          743    .ARM.Collect$$rtentry$$0000000A  c_w.l(__rtentry2.o)
    0x08000238   0x00000000   Code   RO          745    .ARM.Collect$$rtentry$$0000000C  c_w.l(__rtentry2.o)
    0x08000238   0x00000008   Code   RO          746    .ARM.Collect$$rtentry$$0000000D  c_w.l(__rtentry2.o)
    0x08000240   0x00000002   Code   RO          863    .ARM.Collect$$rtexit$$00000000  c_w.l(rtexit.o)
    0x08000242   0x00000000   Code   RO          870    .ARM.Collect$$rtexit$$00000002  c_w.l(rtexit2.o)
    0x08000242   0x00000004   Code   RO          871    .ARM.Collect$$rtexit$$00000003  c_w.l(rtexit2.o)
    0x08000246   0x00000006   Code   RO          872    .ARM.Collect$$rtexit$$00000004  c_w.l(rtexit2.o)
    0x0800024c   0x00002424   Code   RO            3    .text               main.o
    0x08002670   0x0000001a   Code   RO          175    .text               stm32f4xx_it.o
    0x0800268a   0x00000002   PAD
    0x0800268c   0x00000210   Code   RO          224    .text               system_stm32f4xx.o
    0x0800289c   0x00000030   Code   RO          250    .text               key.o
    0x080028cc   0x00004c80   Code   RO          270    .text               lcd.o
    0x0800754c   0x000001a8   Code   RO          308    .text               led.o
    0x080076f4   0x000001f4   Code   RO          351    .text               matrixkey.o
    0x080078e8   0x00000928   Code   RO          371    .text               fdc2214.o
    0x08008210   0x00000260   Code   RO          394    .text               beep.o
    0x08008470   0x00000104   Code   RO          414    .text               delay.o
    0x08008574   0x000000de   Code   RO          437    .text               sys.o
    0x08008652   0x00000002   PAD
    0x08008654   0x0000014c   Code   RO          460    .text               usart.o
    0x080087a0   0x00000040   Code   RO          492    .text               startup_stm32f40_41xxx.o
    0x080087e0   0x000000e0   Code   RO          498    .text               misc.o
    0x080088c0   0x00000294   Code   RO          518    .text               stm32f4xx_gpio.o
    0x08008b54   0x00000454   Code   RO          558    .text               stm32f4xx_usart.o
    0x08008fa8   0x000005c8   Code   RO          578    .text               stm32f4xx_fsmc.o
    0x08009570   0x0000065c   Code   RO          601    .text               stm32f4xx_rcc.o
    0x08009bcc   0x00000002   Code   RO          623    .text               c_w.l(use_no_semi_2.o)
    0x08009bce   0x00000002   PAD
    0x08009bd0   0x00000018   Code   RO          627    .text               c_w.l(noretval__2printf.o)
    0x08009be8   0x0000004e   Code   RO          631    .text               c_w.l(_printf_pad.o)
    0x08009c36   0x00000002   PAD
    0x08009c38   0x00000078   Code   RO          633    .text               c_w.l(_printf_dec.o)
    0x08009cb0   0x00000058   Code   RO          638    .text               c_w.l(_printf_hex_int.o)
    0x08009d08   0x0000010e   Code   RO          664    .text               c_w.l(__printf_wp.o)
    0x08009e16   0x00000006   Code   RO          680    .text               c_w.l(heapauxi.o)
    0x08009e1c   0x00000002   Code   RO          718    .text               c_w.l(use_no_semi.o)
    0x08009e1e   0x000000b2   Code   RO          721    .text               c_w.l(_printf_intcommon.o)
    0x08009ed0   0x0000041a   Code   RO          723    .text               c_w.l(_printf_fp_dec.o)
    0x0800a2ea   0x00000002   PAD
    0x0800a2ec   0x00000024   Code   RO          725    .text               c_w.l(_printf_char_file.o)
    0x0800a310   0x00000008   Code   RO          757    .text               c_w.l(rt_locale_intlibspace.o)
    0x0800a318   0x0000008a   Code   RO          759    .text               c_w.l(lludiv10.o)
    0x0800a3a2   0x00000002   PAD
    0x0800a3a4   0x00000030   Code   RO          761    .text               c_w.l(_printf_char_common.o)
    0x0800a3d4   0x00000080   Code   RO          763    .text               c_w.l(_printf_fp_infnan.o)
    0x0800a454   0x000000dc   Code   RO          765    .text               c_w.l(bigflt0.o)
    0x0800a530   0x00000008   Code   RO          790    .text               c_w.l(ferror.o)
    0x0800a538   0x00000008   Code   RO          801    .text               c_w.l(libspace.o)
    0x0800a540   0x0000004a   Code   RO          804    .text               c_w.l(sys_stackheap_outer.o)
    0x0800a58a   0x0000000c   Code   RO          808    .text               c_w.l(exit.o)
    0x0800a596   0x00000002   PAD
    0x0800a598   0x00000080   Code   RO          810    .text               c_w.l(strcmpv7m.o)
    0x0800a618   0x0000003e   Code   RO          768    CL$$btod_d2e        c_w.l(btod.o)
    0x0800a656   0x00000046   Code   RO          770    CL$$btod_d2e_denorm_low  c_w.l(btod.o)
    0x0800a69c   0x00000060   Code   RO          769    CL$$btod_d2e_norm_op1  c_w.l(btod.o)
    0x0800a6fc   0x00000338   Code   RO          778    CL$$btod_div_common  c_w.l(btod.o)
    0x0800aa34   0x000000c6   Code   RO          775    CL$$btod_e2e        c_w.l(btod.o)
    0x0800aafa   0x00000028   Code   RO          772    CL$$btod_ediv       c_w.l(btod.o)
    0x0800ab22   0x00000028   Code   RO          771    CL$$btod_emul       c_w.l(btod.o)
    0x0800ab4a   0x00000244   Code   RO          777    CL$$btod_mult_common  c_w.l(btod.o)
    0x0800ad8e   0x00000030   Code   RO          799    i.__ARM_fpclassify  m_wm.l(fpclassify.o)
    0x0800adbe   0x00000014   Code   RO          712    i.__hardfp_fabs     m_wm.l(fabs.o)
    0x0800add2   0x0000000e   Code   RO          666    i._is_digit         c_w.l(__printf_wp.o)
    0x0800ade0   0x0000002c   Code   RO          795    locale$$code        c_w.l(lc_numeric_c.o)
    0x0800ae0c   0x00000062   Code   RO          684    x$fpl$d2f           fz_wm.l(d2f.o)
    0x0800ae6e   0x00000018   Code   RO          728    x$fpl$dcmpinf       fz_wm.l(dcmpi.o)
    0x0800ae86   0x00000002   PAD
    0x0800ae88   0x000002b0   Code   RO          687    x$fpl$ddiv          fz_wm.l(ddiv.o)
    0x0800b138   0x0000005e   Code   RO          690    x$fpl$dfix          fz_wm.l(dfix.o)
    0x0800b196   0x00000002   PAD
    0x0800b198   0x0000005a   Code   RO          694    x$fpl$dfixu         fz_wm.l(dfixu.o)
    0x0800b1f2   0x0000002e   Code   RO          699    x$fpl$dflt          fz_wm.l(dflt_clz.o)
    0x0800b220   0x00000026   Code   RO          698    x$fpl$dfltu         fz_wm.l(dflt_clz.o)
    0x0800b246   0x00000002   PAD
    0x0800b248   0x00000078   Code   RO          704    x$fpl$dleqf         fz_wm.l(dleqf.o)
    0x0800b2c0   0x00000154   Code   RO          706    x$fpl$dmul          fz_wm.l(dmul.o)
    0x0800b414   0x0000009c   Code   RO          730    x$fpl$dnaninf       fz_wm.l(dnaninf.o)
    0x0800b4b0   0x0000000c   Code   RO          732    x$fpl$dretinf       fz_wm.l(dretinf.o)
    0x0800b4bc   0x00000056   Code   RO          708    x$fpl$f2d           fz_wm.l(f2d.o)
    0x0800b512   0x0000008c   Code   RO          734    x$fpl$fnaninf       fz_wm.l(fnaninf.o)
    0x0800b59e   0x0000000a   Code   RO          867    x$fpl$fpinit        fz_wm.l(fpinit.o)
    0x0800b5a8   0x0000000a   Code   RO          736    x$fpl$fretinf       fz_wm.l(fretinf.o)
    0x0800b5b2   0x00000004   Code   RO          710    x$fpl$printf1       fz_wm.l(printf1.o)
    0x0800b5b6   0x00000000   Code   RO          738    x$fpl$usenofp       fz_wm.l(usenofp.o)
    0x0800b5b6   0x000017c0   Data   RO          272    .constdata          lcd.o
    0x0800cd76   0x00000002   PAD
    0x0800cd78   0x0000001c   Data   RO          579    .constdata          stm32f4xx_fsmc.o
    0x0800cd94   0x00000028   Data   RO          639    .constdata          c_w.l(_printf_hex_int.o)
    0x0800cdbc   0x00000094   Data   RO          766    .constdata          c_w.l(bigflt0.o)
    0x0800ce50   0x00000041   Data   RO            5    .conststring        main.o
    0x0800ce91   0x00000003   PAD
    0x0800ce94   0x00000020   Data   RO          937    Region$$Table       anon$$obj.o
    0x0800ceb4   0x0000001c   Data   RO          794    locale$$data        c_w.l(lc_numeric_c.o)


    Execution Region RW_IRAM1 (Base: 0x20000000, Size: 0x00000828, Max: 0x00020000, ABSOLUTE)

    Base Addr    Size         Type   Attr      Idx    E Section Name        Object

    0x20000000   0x00000070   Data   RW            6    .data               main.o
    0x20000070   0x00000014   Data   RW          225    .data               system_stm32f4xx.o
    0x20000084   0x00000004   Data   RW          273    .data               lcd.o
    0x20000088   0x00000004   Data   RW          372    .data               fdc2214.o
    0x2000008c   0x00000004   Data   RW          415    .data               delay.o
    0x20000090   0x00000006   Data   RW          462    .data               usart.o
    0x20000096   0x00000010   Data   RW          602    .data               stm32f4xx_rcc.o
    0x200000a6   0x00000002   PAD
    0x200000a8   0x00000048   Zero   RW            4    .bss                main.o
    0x200000f0   0x0000000e   Zero   RW          271    .bss                lcd.o
    0x200000fe   0x000000c8   Zero   RW          461    .bss                usart.o
    0x200001c6   0x00000002   PAD
    0x200001c8   0x00000060   Zero   RW          802    .bss                c_w.l(libspace.o)
    0x20000228   0x00000200   Zero   RW          490    HEAP                startup_stm32f40_41xxx.o
    0x20000428   0x00000400   Zero   RW          489    STACK               startup_stm32f40_41xxx.o


==============================================================================

Image component sizes


      Code (inc. data)   RO Data    RW Data    ZI Data      Debug   Object Name

       608        226          0          0          0       1018   beep.o
       260          8          0          4          0       1481   delay.o
      2344         40          0          4          0       7230   fdc2214.o
        48          6          0          0          0        539   key.o
     19584        174       6080          4         14      22354   lcd.o
       424         26          0          0          0       1816   led.o
      9252       2320         65        112         72     276756   main.o
       500         36          0          0          0       1461   matrixkey.o
       224         20          0          0          0       1861   misc.o
        64         26        392          0       1536        856   startup_stm32f40_41xxx.o
      1480         18         28          0          0       5682   stm32f4xx_fsmc.o
       660         44          0          0          0       4137   stm32f4xx_gpio.o
        26          0          0          0          0       1242   stm32f4xx_it.o
      1628         52          0         16          0      12948   stm32f4xx_rcc.o
      1108         34          0          0          0       7836   stm32f4xx_usart.o
       222          0          0          0          0       1123   sys.o
       528         46          0         20          0       1843   system_stm32f4xx.o
       332         18          0          6        200       3378   usart.o

    ----------------------------------------------------------------------
     39296       3094       6602        168       1824     353561   Object Totals
         0          0         32          0          0          0   (incl. Generated)
         4          0          5          2          2          0   (incl. Padding)

    ----------------------------------------------------------------------

      Code (inc. data)   RO Data    RW Data    ZI Data      Debug   Library Member Name

         8          0          0          0          0         68   __main.o
       284          0          0          0          0        156   __printf_wp.o
         0          0          0          0          0          0   __rtentry.o
        12          0          0          0          0          0   __rtentry2.o
         6          0          0          0          0          0   __rtentry4.o
        52          8          0          0          0          0   __scatter.o
        26          0          0          0          0          0   __scatter_copy.o
        28          0          0          0          0          0   __scatter_zi.o
        48          6          0          0          0         96   _printf_char_common.o
        36          4          0          0          0         80   _printf_char_file.o
         6          0          0          0          0          0   _printf_d.o
       120         16          0          0          0         92   _printf_dec.o
         6          0          0          0          0          0   _printf_f.o
      1050          0          0          0          0        216   _printf_fp_dec.o
       128         16          0          0          0         84   _printf_fp_infnan.o
        88          4         40          0          0         88   _printf_hex_int.o
       178          0          0          0          0         88   _printf_intcommon.o
        78          0          0          0          0        108   _printf_pad.o
         0          0          0          0          0          0   _printf_percent.o
         4          0          0          0          0          0   _printf_percent_end.o
         6          0          0          0          0          0   _printf_x.o
       220          4        148          0          0         96   bigflt0.o
      1910        128          0          0          0        672   btod.o
        12          0          0          0          0         72   exit.o
         8          0          0          0          0         68   ferror.o
         6          0          0          0          0        152   heapauxi.o
        44         10         28          0          0         76   lc_numeric_c.o
         2          0          0          0          0          0   libinit.o
        22          0          0          0          0          0   libinit2.o
         2          0          0          0          0          0   libshutdown.o
         2          0          0          0          0          0   libshutdown2.o
         8          4          0          0         96         68   libspace.o
       138          0          0          0          0         80   lludiv10.o
        24          4          0          0          0         84   noretval__2printf.o
         8          4          0          0          0         68   rt_locale_intlibspace.o
         2          0          0          0          0          0   rtexit.o
        10          0          0          0          0          0   rtexit2.o
       128          0          0          0          0         68   strcmpv7m.o
        74          0          0          0          0         80   sys_stackheap_outer.o
         2          0          0          0          0         68   use_no_semi.o
         2          0          0          0          0         68   use_no_semi_2.o
        98          4          0          0          0        140   d2f.o
        24          0          0          0          0        116   dcmpi.o
       688        140          0          0          0        256   ddiv.o
        94          4          0          0          0        140   dfix.o
        90          4          0          0          0        140   dfixu.o
        84          0          0          0          0        232   dflt_clz.o
       120          4          0          0          0        140   dleqf.o
       340         12          0          0          0        152   dmul.o
       156          4          0          0          0        140   dnaninf.o
        12          0          0          0          0        116   dretinf.o
        86          4          0          0          0        132   f2d.o
       140          4          0          0          0        132   fnaninf.o
        10          0          0          0          0        116   fpinit.o
        10          0          0          0          0        116   fretinf.o
         4          0          0          0          0        116   printf1.o
         0          0          0          0          0          0   usenofp.o
        20          0          0          0          0        124   fabs.o
        48          0          0          0          0        124   fpclassify.o

    ----------------------------------------------------------------------
      6830        388        216          0         96       5228   Library Totals
        18          0          0          0          0          0   (incl. Padding)

    ----------------------------------------------------------------------

      Code (inc. data)   RO Data    RW Data    ZI Data      Debug   Library Name

      4788        208        216          0         96       2796   c_w.l
      1956        180          0          0          0       2184   fz_wm.l
        68          0          0          0          0        248   m_wm.l

    ----------------------------------------------------------------------
      6830        388        216          0         96       5228   Library Totals

    ----------------------------------------------------------------------

==============================================================================


      Code (inc. data)   RO Data    RW Data    ZI Data      Debug   

     46126       3482       6818        168       1920     352181   Grand Totals
     46126       3482       6818        168       1920     352181   ELF Image Totals
     46126       3482       6818        168          0          0   ROM Totals

==============================================================================

    Total RO  Size (Code + RO Data)                52944 (  51.70kB)
    Total RW  Size (RW Data + ZI Data)              2088 (   2.04kB)
    Total ROM Size (Code + RO Data + RW Data)      53112 (  51.87kB)

==============================================================================

